I/udi2_filter( 1643): CSUDIFILTERAllocate------------------------------>IN
I/udi2_filter( 1643): [CSUDIFILTERAllocate]  demuxID = 0  pid = 0x10  crc = 1 
I/udi2_filter( 1643): Alloc Filter:[6]
I/udi2_filter( 1643): alloc coship match,mask,negate:0x40,0xff,0x0
I/udi2_filter( 1643): alloc coship match,mask,negate:0x0,0xff,0x0
I/udi2_filter( 1643): alloc coship match,mask,negate:0x1,0xff,0x0
I/udi2_filter( 1643): alloc coship match,mask,negate:0x0,0x0,0x0
I/udi2_filter( 1643): alloc coship match,mask,negate:0x0,0x0,0x0
I/udi2_filter( 1643): alloc coship match,mask,negate:0x0,0x0,0x0
I/udi2_filter( 1643): alloc coship match,mask,negate:0x0,0x0,0x0
I/udi2_filter( 1643): alloc coship match,mask,negate:0x0,0x0,0x0
I/udi2_filter( 1643): alloc coship match,mask,negate:0x0,0x0,0x0
I/udi2_filter( 1643): alloc coship match,mask,negate:0x0,0x0,0x0
I/udi2_filter( 1643): alloc coship match,mask,negate:0x0,0x0,0x0
I/udi2_filter( 1643): alloc coship match,mask,negate:0x0,0x0,0x0
I/udi2_filter( 1643): alloc coship match,mask,negate:0x0,0x0,0x0
I/udi2_filter( 1643): alloc coship match,mask,negate:0x0,0x0,0x0
I/udi2_filter( 1643): alloc coship match,mask,negate:0x0,0x0,0x0
I/udi2_filter( 1643): alloc coship match,mask,negate:0x0,0x0,0x0
W/smetsdmx( 1640):  PlayerTimeLineTrace:start tsdmx-hal-filter audio begin... [object:0xb1cb3600,smetsdmx0][gstsmetsdmx.c, audio_do_state_init, 4323]
E/HALDMX  ( 1640): [dmx_avfilter_open][2627] 
W/smetsdmx( 1640):  PlayerTimeLineTrace:start tsdmx-hal-filter video begin... [object:0xb1cb3600,smetsdmx0][gstsmetsdmx.c, video_do_state_init, 3685]
E/HALDMX  ( 1640): [dmx_avfilter_open][2627] 
I/udi2_filter( 1643): u32Handle:0xb698d72c,hChannel:0xa1000004,hFilter:0xa020006, pid 0x10
I/udi2_filter( 1643): CSUDIFILTERAllocate------------j=6---------------------->OUT
D/MMCP    ( 1643): <dtv.section> CSUDIFILTERAllocate, nRet = 0
I/udi2_filter( 1643): CSUDIFILTERStart call hFilterHandle=0xb698d72c -------------->IN
I/udi2_filter( 1643): CSUDIFILTERStart---------------------------------------------------->OUT
D/MMCP    ( 1643): <dtv.section> CSUDIFILTERStart, nRet = 0
D/MMCP    ( 1643): [31m[1m<dtv.section> [ERROR] Request  ---->RequestSection()
D/MMCP    ( 1643): [0m
D/MMCP    ( 1643): [31m[1m<dtv.section> [ERROR] [AddInuseSectionWork]:'380
D/MMCP    ( 1643): [0m
D/MMCP    ( 1643): [31m[1m<dtv.section> [ERROR] RequestSectionEx --> Request
D/MMCP    ( 1643): [0m
D/MMCP    ( 1643): <DTVALManager> [DTVAL_startTableMonitor,1270]----------out nRet = 0
I/System.out( 2485): 1> addUpdateListener: monitorID=0
D/OTTDVB  ( 2485): ----className:NgbSearchAdapter----msg:syncEsStreamInfo start ==> 
E/HALDMX  ( 1640): [dmx_avfilter_open][2696] *pu32AVFilterId = 0xa1000005
W/smetsdmx( 1640):  PlayerTimeLineTrace:start tsdmx-hal-filter audio end [object:0xb1cb3600,smetsdmx0][gstsmetsdmx.c, audio_do_state_init, 4330]
W/smetsdmx( 1640):  PlayerTimeLineTrace:pad_add audio begin... [object:0xb1cb3600,smetsdmx0][gstsmetsdmx.c, gst_smetsdmx_emit_aud_srcpad_info, 3890]
E/HALDMX  ( 1640): [dmx_avfilter_open][2696] *pu32AVFilterId = 0xa1000006
W/smetsdmx( 1640):  PlayerTimeLineTrace:start tsdmx-hal-filter video end [object:0xb1cb3600,smetsdmx0][gstsmetsdmx.c, video_do_state_init, 3693]
W/smeaudiosink2( 1640):  avsync_by_audio::enable audio avsync by default ! [object:0xb30a81f0, ][gstsmeaudiosink2.c, gst_smeaudiosink2_init, 536]
W/default ( 1640):  avsync_by_audio::enable audio clock [object:0xb1d2a250,dvbplaybin0][gstsmedvbplaybin.c, autoplug_select, 5441]
W/default ( 1640):  gst_smeaudiosink_clock_init in... [object:0xb32ff138, ][gstsmeaudiosinkclock.c, gst_smeaudiosink_clock_init, 70]
W/default ( 1640):  gst_smeaudiosink_clock_init out [object:0xb32ff138, ][gstsmeaudiosinkclock.c, gst_smeaudiosink_clock_init, 72]
W/default ( 1640):  gst_smeaudiosink_clock_new in audiosink_clock=0xb32ff138, func=0xb278e8e8 [object:0xb32ff138,smeaudiosinkclock0][gstsmeaudiosinkclock.c, gst_smeaudiosink_clock_new, 85]
W/default ( 1640):  gst_smeaudiosink_clock_new out [object:0xb32ff138,smeaudiosinkclock0][gstsmeaudiosinkclock.c, gst_smeaudiosink_clock_new, 97]
W/default ( 1640):  pre-sync:asink:set presync_info:slow_presync:1,wait-presync-max-time:500000000, slow-presync-rate:0.500000 [object:0xb1d2a250,dvbplaybin0][gstsmedvbplaybin.c, autoplug_select, 5457]
W/default ( 1640):  disable slowpresync ! [object:0xb1d2a250,dvbplaybin0][gstsmedvbplaybin.c, set_presync_info, 1150]
W/smetsdmx( 1640):  PlayerTimeLineTrace:pad_add video begin... [object:0xb1cb3600,smetsdmx0][gstsmetsdmx.c, gst_smetsdmx_emit_vid_srcpad_info, 3289]
D/hal_aout( 1640): adev_open called
D/hal_aout( 1640): out_init called
D/hal_aout( 1640): out_get_capability called
D/hal_aout( 1640): out_open called
D/hal_aout( 1640): found all port use default port
D/hal_aout( 1640): track_create called
D/hal_aout( 1640): track_setparams called
W/default ( 1640):  estream_type:0, asink_queue:0x0, vsink_queue:0x0 [object:0xb1d2a250,dvbplaybin0][gstsmedvbplaybin.c, activate_sink_queue, 3402]
W/GLib-GObject( 1640): g_object_set_valist: object class 'GstOMXMP3Dec-omxmp3audiodec' has no property named 'gst-sme-prop-key-dolby-drc-mode'[sme_log_adpt.cpp, SmePlayerGLogMap, 391]
D/HIOMX_CORE( 1640): OMX_Init :: enter!
D/HIOMX_CORE( 1640): OMX_Init :: exit!
D/HIOMX_CORE( 1640): OMX_GetHandle :: enter!
D/HIOMX_CORE( 1640): OMX_GetHandle :: component name:OMX.hisi.audio.mp3dec !
E/HIOMX_CORE( 1640): change_component_name: param is invalid
D/HIOMX_CORE( 1640): OMX_GetHandle :: prepare to load  libOMX.hisi.audio.mp3dec.so
D/HIOMX_CORE( 1640): OMX_GetHandle :: load  libOMX.hisi.audio.mp3dec.so ok
W/cs_qam  ( 1643): Hisi3716CV200_GetStatus failed,s32Ret = 0x0,nLock = 0,nFreKhz =590000
D/HIOMX_ADEC_MP3( 1640): MP3 decoder init ok!
E/GStreamer( 1640): gst_query_new_accept_caps: assertion 'gst_caps_is_fixed (caps)' failed[sme_log_adpt.cpp, SmePlayerGLogMap, 397]
E/GStreamer( 1640): gst_pad_query: assertion 'GST_IS_QUERY (query)' failed[sme_log_adpt.cpp, SmePlayerGLogMap, 397]
E/GStreamer( 1640): gst_mini_object_unref: assertion 'mini_object != NULL' failed[sme_log_adpt.cpp, SmePlayerGLogMap, 397]
W/default ( 1640):  use queue before asink [object:0xb1d2a250,dvbplaybin0][gstsmedvbplaybin.c, complete_connect_combine, 4276]
W/smevsink.hihal( 1640):  can't make hmxdebug_elem in vsink [object:(nil), ][gstsmevideosink_hihal.c, gst_smevideosink_hihal_init, 539]
E/SmePlayer( 1640): SME_Hal_VDisp_Contrl invalid hdl![sme_wrap_hisi_hal_vo.cpp, SME_Hal_VDisp_Contrl, 879]
E/SmePlayer( 1640): input para is error[sme_wrap_hisi_hal_vo.cpp, SME_Hal_VDisp_SetZorder, 919]
W/default ( 1640):  vsink sync:1 [object:0xb1d2a250,dvbplaybin0][gstsmedvbplaybin.c, autoplug_select, 5445]
W/default ( 1640):  pre-sync:vsink:set presync_info:slow_presync:1,wait-presync-max-time:500000000, slow-presync-rate:0.500000 [object:0xb1d2a250,dvbplaybin0][gstsmedvbplaybin.c, autoplug_select, 5457]
W/default ( 1640):  disable slowpresync ! [object:0xb1d2a250,dvbplaybin0][gstsmedvbplaybin.c, set_presync_info, 1150]
W/smetsdmx( 1640):  PlayerTimeLineTrace:pad_add audio end [object:0xb1cb3600,smetsdmx0][gstsmetsdmx.c, gst_smetsdmx_emit_aud_srcpad_info, 3899]
D/HAL_VOUT( 1640): vout_device_open,3500 enter...
D/HAL_VOUT( 1640): vout_device_open,3585 exit.
D/HAL_VOUT( 1640): vout_init,785 enter...
D/HAL_VOUT( 1640): HIADP_HDMI_Init,504 enter...
D/HAL_VOUT( 1640): HIADP_HDMI_Init,557 exit.
D/HAL_VOUT( 1640): vout_init,867 exit.
D/HAL_VOUT( 1640): vout_open_channel,886 enter...
E/HAL_VOUT( 1640): open new channle, instCout is 1 
D/HAL_VOUT( 1640): vout_open_channel,1001 exit.
E/HI_VO   ( 1640): [ERROR-HI_VO]:HI_UNF_VO_AttachWindow[453]:invalid handle!
E/HI_VO   ( 1640): [ERROR-HI_VO]:HI_UNF_VO_AttachWindow[459]:Vo AttachWindow failed!
E/HAL_VOUT( 1640): vout_window_attach_input HI_UNF_VO_AttachWindow failed:0xff000409.
W/default ( 1640):  estream_type:1, asink_queue:0xb3300160, vsink_queue:0x0 [object:0xb1d2a250,dvbplaybin0][gstsmedvbplaybin.c, activate_sink_queue, 3402]
D/HIOMX_CORE( 1640): OMX_GetHandle :: enter!
D/HIOMX_CORE( 1640): OMX_GetHandle :: component name:OMX.hisi.video.decoder.mpeg2 !
D/HIOMX_CORE( 1640): OMX_GetHandle :: prepare to load  libOMX.hisi.video.decoder.so
D/HIOMX_CORE( 1640): OMX_GetHandle :: load  libOMX.hisi.video.decoder.so ok
D/HISI_OMXVDEC( 1640): Init OMX component OMX.hisi.video.decoder
D/HAL_VOUT( 1640): vout_display_get,1332 enter...
D/HAL_VOUT( 1640): vout_display_set,1479 enter...
D/HAL_VOUT( 1640): vout_display_get,1332 enter...
D/HAL_VOUT( 1640): vout_display_set,1538 exit.
E/GStreamer( 1640): gst_query_new_accept_caps: assertion 'gst_caps_is_fixed (caps)' failed[sme_log_adpt.cpp, SmePlayerGLogMap, 397]
E/GStreamer( 1640): gst_pad_query: assertion 'GST_IS_QUERY (query)' failed[sme_log_adpt.cpp, SmePlayerGLogMap, 397]
E/GStreamer( 1640): gst_mini_object_unref: assertion 'mini_object != NULL' failed[sme_log_adpt.cpp, SmePlayerGLogMap, 397]
W/default ( 1640):  use queue before vsink [object:0xb1d2a250,dvbplaybin0][gstsmedvbplaybin.c, complete_connect_combine, 4286]
W/smetsdmx( 1640):  PlayerTimeLineTrace:pad_add video end [object:0xb1cb3600,smetsdmx0][gstsmetsdmx.c, gst_smetsdmx_emit_vid_srcpad_info, 3295]
W/default ( 1640):  disable slowpresync ! [object:0xb1d2a250,dvbplaybin0][gstsmedvbplaybin.c, end_presync_info, 1206]
W/smetsdmx( 1640):  PlayerTimeLineTrace:no_more_pad v-thread end [object:0xb1cb3600,smetsdmx0][gstsmetsdmx.c, gst_smetsdmx_emit_vid_srcpad_info, 3338]
D/MMCP    ( 1643): <DTVALManager> [DTVAL_getTunerStatus,562]----------out CSTuner_getTunerStatus failed... nRet = -1
D/MMCP    ( 1643): <DTVALManager> Receive DTVAL_DTVAL_retrieveActualServices
D/MMCP    ( 1643): <DTVALManager> DTVAL_retrieveActualServices(callingPid 2485, clientPid 2485)
D/MMCP    ( 1643): <DTVALManager> [DTVAL_retrieveActualServices.1168] ---------------out 
D/MMCP    ( 1643): [CSDB_retrieveActualServices,3286] nFreq 590000 !
D/MMCP    ( 1643): [31m[1m pCSDualNode(0xb41868e8) [AddHead,143]
D/MMCP    ( 1643): [0m
D/MMCP    ( 1643): [31m[1m<dtv.dm> [ERROR] pCSDualNode(0xb41868e8) this->m_nCount(1) [AddHead,158]
D/MMCP    ( 1643): [0m
D/MMCP    ( 1643): [31m[1m<dtv.dm> [ERROR] pCSDualNode(0xb41864ac) [AddTail,178]
D/MMCP    ( 1643): [0m
D/MMCP    ( 1643): [31m[1m<dtv.dm> [ERROR] pCSDualNode(0xb41864ac)this->m_nCount(1) [AddTail,194]
D/MMCP    ( 1643): [0m
D/MMCP    ( 1643): <NGB_DB> [CSDB_retrieveActualServices,3306] nServiceCount 8 !
D/MMCP    ( 1643): [CSDB_retrieveActualServices,3336] service handle b4185d3c, Transponder handle b4185480, nFreq 590000 , symb 6875, modu 3!
D/MMCP    ( 1643): <NGB_DB> [CSDB_retrieveActualServices,3336] service handle b4185e10, Transponder handle b4185480, nFreq 590000 , symb 6875, modu 3!
D/MMCP    ( 1643): <NGB_DB> [CSDB_retrieveActualServices,3336] service handle b4185ee4, Transponder handle b4185480, nFreq 590000 , symb 6875, modu 3!
D/MMCP    ( 1643): <NGB_DB> [CSDB_retrieveActualServices,3336] service handle b4185fb8, Transponder handle b4185480, nFreq 590000 , symb 6875, modu 3!
D/MMCP    ( 1643): <NGB_DB> [CSDB_retrieveActualServices,3336] service handle b418608c, Transponder handle b4185480, nFreq 590000 , symb 6875, modu 3!
D/MMCP    ( 1643): <NGB_DB> [CSDB_retrieveActualServices,3336] service handle b4186160, Transponder handle b4185480, nFreq 590000 , symb 6875, modu 3!
D/MMCP    ( 1643): <NGB_DB> [CSDB_retrieveActualServices,3336] service handle b4186234, Transponder handle b4185480, nFreq 590000 , symb 6875, modu 3!
D/MMCP    ( 1643): <NGB_DB> [CSDB_retrieveActualServices,3336] service handle b4186308, Transponder handle b4185480, nFreq 590000 , symb 6875, modu 3!
D/MMCP    ( 1643): [31m[1m<NGB_DB> [ERROR] [CSDB_retrieveActualServices,3367]actual serivce num 8 l !
D/MMCP    ( 1643): [0m
D/MMCP    ( 1643): [31m[1m<dtv.dm> [ERROR] pCSDualNode(0xb4186404) [AddHead,143]
D/MMCP    ( 1643): [0m
D/MMCP    ( 1643): [31m[1m<dtv.dm> [ERROR] m_pHeadCSDualNode(0xb41868e8) this->m_nCount(2)[AddHead,150]
D/MMCP    ( 1643): [0m
D/MMCP    ( 1643): [31m[1m<dtv.dm> [ERROR] pCSDualNode(0xb4186404) [AddHead,143]
D/MMCP    ( 1643): [0m
D/MMCP    ( 1643): [31m[1m<dtv.dm> [ERROR] m_pHeadCSDualNode(0xb41868e8) this->m_nCount(2)[AddHead,150]
D/MMCP    ( 1643): [0m
D/MMCP    ( 1643): [31m[1m<dtv.dm> [ERROR] pCSDualNode(0xb4186404) [AddHead,143]
D/MMCP    ( 1643): [0m
D/MMCP    ( 1643): [31m[1m<dtv.dm> [ERROR] m_pHeadCSDualNode(0xb41868e8) this->m_nCount(2)[AddHead,150]
D/MMCP    ( 1643): [0m
D/MMCP    ( 1643): [31m[1m<dtv.dm> [ERROR] pCSDualNode(0xb4186404) [AddHead,143]
D/MMCP    ( 1643): [0m
D/MMCP    ( 1643): [31m[1m<dtv.dm> [ERROR] m_pHeadCSDualNode(0xb41868e8) this->m_nCount(2)[AddHead,150]
D/MMCP    ( 1643): [0m
D/MMCP    ( 1643): [31m[1m<dtv.dm> [ERROR] pCSDualNode(0xb4186404) [AddHead,143]
D/MMCP    ( 1643): [0m
D/MMCP    ( 1643): [31m[1m<dtv.dm> [ERROR] m_pHeadCSDualNode(0xb41868e8) this->m_nCount(2)[AddHead,150]
D/MMCP    ( 1643): [0m
D/MMCP    ( 1643): [31m[1m<dtv.dm> [ERROR] pCSDualNode(0xb4186404) [AddHead,143]
D/MMCP    ( 1643): [0m
D/MMCP    ( 1643): [31m[1m<dtv.dm> [ERROR] m_pHeadCSDualNode(0xb41868e8) this->m_nCount(2)[AddHead,150]
D/MMCP    ( 1643): [0m
D/MMCP    ( 1643): [31m[1m<dtv.dm> [ERROR] pCSDualNode(0xb4186404) [AddHead,143]
D/MMCP    ( 1643): [0m
D/MMCP    ( 1643): [31m[1m<dtv.dm> [ERROR] m_pHeadCSDualNode(0xb41868e8) this->m_nCount(2)[AddHead,150]
D/MMCP    ( 1643): [0m
D/MMCP    ( 1643): [31m[1m<dtv.dm> [ERROR] pCSDualNode(0xb4186404) [AddHead,143]
D/MMCP    ( 1643): [0m
D/MMCP    ( 1643): [31m[1m<dtv.dm> [ERROR] m_pHeadCSDualNode(0xb41868e8) this->m_nCount(2)[AddHead,150]
D/MMCP    ( 1643): [0m
D/MMCP    ( 1643): [31m[1m<dtv.dm> [ERROR] pCSDualNode(0xb41864ac) [RemoveTail,116]
D/MMCP    ( 1643): [0m
D/MMCP    ( 1643): <DTVALManager> Receive DTVAL_DTVAL_retrieveActualServices nNum 8
D/MMCP    ( 1643): <DTVALManager> DTVAL_releaseDVBService(callingPid 2485, clientPid 2485)
D/MMCP    ( 1643): <DTVALManager> [DTVAL_releaseDVBService.1143] -------------out 
I/DTVALManager( 2485): 1> si_SIDataProxy_retrieveActualServices: number=8
I/DTVALManager( 2485): [ngbj][si] create_service: serviceID=646
I/DTVALManager( 2485): [ngbj][si] create_service: EIT_PF_flag=0x00, EIT_SCHEDULE_flag=0x00
I/DTVALManager( 2485): ################[createService] nStreaCount=2
I/DTVALManager( 2485): [create_service]stream_type=2, elem_pid:4401
I/DTVALManager( 2485): .
I/System.out( 2485): addSIElementaryStream elementPID=4401, streamType=2, origID=1, serviceID=646, tsID=13
I/DTVALManager( 2485): [create_service]stream_type=3, elem_pid:4402
I/DTVALManager( 2485): .
I/System.out( 2485): addSIElementaryStream elementPID=4402, streamType=3, origID=1, serviceID=646, tsID=13
I/DTVALManager( 2485): [ngbj][si] create_service: set_descriptor serviceID=646, descriptors=0, fid=883781464
I/DTVALManager( 2485): [IL]> set_descriptor fail:1048581, 883781464, 0, -1263784128
I/DTVALManager( 2485): [ngbj][si] create_service: serviceID=652
I/DTVALManager( 2485): [ngbj][si] create_service: EIT_PF_flag=0x00, EIT_SCHEDULE_flag=0x00
I/DTVALManager( 2485): ################[createService] nStreaCount=2
I/DTVALManager( 2485): [create_service]stream_type=2, elem_pid:4497
I/DTVALManager( 2485): .
I/System.out( 2485): addSIElementaryStream elementPID=4497, streamType=2, origID=1, serviceID=652, tsID=13
I/DTVALManager( 2485): [create_service]stream_type=4, elem_pid:4498
I/DTVALManager( 2485): .
I/System.out( 2485): addSIElementaryStream elementPID=4498, streamType=4, origID=1, serviceID=652, tsID=13
I/DTVALManager( 2485): [ngbj][si] create_service: set_descriptor serviceID=652, descriptors=0, fid=883781464
I/DTVALManager( 2485): [IL]> set_descriptor fail:2097157, 883781464, 0, -1263784128
I/DTVALManager( 2485): [ngbj][si] create_service: serviceID=725
I/DTVALManager( 2485): [ngbj][si] create_service: EIT_PF_flag=0x00, EIT_SCHEDULE_flag=0x00
I/DTVALManager( 2485): ################[createService] nStreaCount=2
I/DTVALManager( 2485): [create_service]stream_type=2, elem_pid:4385
I/DTVALManager( 2485): .
I/System.out( 2485): addSIElementaryStream elementPID=4385, streamType=2, origID=1, serviceID=725, tsID=13
I/DTVALManager( 2485): [create_service]stream_type=4, elem_pid:4386
I/DTVALManager( 2485): .
I/System.out( 2485): addSIElementaryStream elementPID=4386, streamType=4, origID=1, serviceID=725, tsID=13
I/DTVALManager( 2485): [ngbj][si] create_service: set_descriptor serviceID=725, descriptors=0, fid=883781464
I/DTVALManager( 2485): [IL]> set_descriptor fail:5, 883781464, 0, -1263784128
I/DTVALManager( 2485): [ngbj][si] create_service: serviceID=737
I/DTVALManager( 2485): [ngbj][si] create_service: EIT_PF_flag=0x00, EIT_SCHEDULE_flag=0x00
I/DTVALManager( 2485): ################[createService] nStreaCount=2
I/DTVALManager( 2485): [create_service]stream_type=2, elem_pid:4449
I/DTVALManager( 2485): .
I/System.out( 2485): addSIElementaryStream elementPID=4449, streamType=2, origID=1, serviceID=737, tsID=13
I/DTVALManager( 2485): [create_service]stream_type=3, elem_pid:4450
I/DTVALManager( 2485): .
I/System.out( 2485): addSIElementaryStream elementPID=4450, streamType=3, origID=1, serviceID=737, tsID=13
I/DTVALManager( 2485): [ngbj][si] create_service: set_descriptor serviceID=737, descriptors=0, fid=883781464
I/DTVALManager( 2485): [IL]> set_descriptor fail:1048581, 883781464, 0, -1263784128
I/DTVALManager( 2485): [ngbj][si] create_service: serviceID=741
I/DTVALManager( 2485): [ngbj][si] create_service: EIT_PF_flag=0x00, EIT_SCHEDULE_flag=0x00
I/DTVALManager( 2485): ################[createService] nStreaCount=3
I/DTVALManager( 2485): [create_service]stream_type=2, elem_pid:4369
I/DTVALManager( 2485): .
I/System.out( 2485): addSIElementaryStream elementPID=4369, streamType=2, origID=1, serviceID=741, tsID=13
I/DTVALManager( 2485): [create_service]stream_type=5, elem_pid:1329
I/DTVALManager( 2485): .
I/System.out( 2485): addSIElementaryStream elementPID=1329, streamType=5, origID=1, serviceID=741, tsID=13
I/DTVALManager( 2485): [create_service]stream_type=4, elem_pid:4370
I/DTVALManager( 2485): .
I/System.out( 2485): addSIElementaryStream elementPID=4370, streamType=4, origID=1, serviceID=741, tsID=13
I/DTVALManager( 2485): [ngbj][si] create_service: set_descriptor serviceID=741, descriptors=0, fid=883781464
I/DTVALManager( 2485): [IL]> set_descriptor fail:2097157, 883781464, 0, -1263784128
I/DTVALManager( 2485): [ngbj][si] create_service: serviceID=815
I/DTVALManager( 2485): [ngbj][si] create_service: EIT_PF_flag=0x00, EIT_SCHEDULE_flag=0x00
I/DTVALManager( 2485): ################[createService] nStreaCount=2
I/DTVALManager( 2485): [create_service]stream_type=2, elem_pid:4433
I/DTVALManager( 2485): .
I/System.out( 2485): addSIElementaryStream elementPID=4433, streamType=2, origID=1, serviceID=815, tsID=13
I/DTVALManager( 2485): [create_service]stream_type=4, elem_pid:4434
I/DTVALManager( 2485): .
I/System.out( 2485): addSIElementaryStream elementPID=4434, streamType=4, origID=1, serviceID=815, tsID=13
I/DTVALManager( 2485): [ngbj][si] create_service: set_descriptor serviceID=815, descriptors=0, fid=883781464
I/DTVALManager( 2485): [IL]> set_descriptor fail:5, 883781464, 0, -1263784128
I/DTVALManager( 2485): [ngbj][si] create_service: serviceID=817
I/DTVALManager( 2485): [ngbj][si] create_service: EIT_PF_flag=0x00, EIT_SCHEDULE_flag=0x00
I/DTVALManager( 2485): ################[createService] nStreaCount=2
I/DTVALManager( 2485): [create_service]stream_type=2, elem_pid:4417
I/DTVALManager( 2485): .
I/System.out( 2485): addSIElementaryStream elementPID=4417, streamType=2, origID=1, serviceID=817, tsID=13
I/DTVALManager( 2485): [create_service]stream_type=3, elem_pid:4418
I/DTVALManager( 2485): .
I/System.out( 2485): addSIElementaryStream elementPID=4418, streamType=3, origID=1, serviceID=817, tsID=13
I/DTVALManager( 2485): [ngbj][si] create_service: set_descriptor serviceID=817, descriptors=0, fid=883781464
I/DTVALManager( 2485): [IL]> set_descriptor fail:1048581, 883781464, 0, -1263784128
I/DTVALManager( 2485): [ngbj][si] create_service: serviceID=831
I/DTVALManager( 2485): [ngbj][si] create_service: EIT_PF_flag=0x00, EIT_SCHEDULE_flag=0x00
I/DTVALManager( 2485): ################[createService] nStreaCount=3
I/DTVALManager( 2485): [create_service]stream_type=2, elem_pid:4465
I/DTVALManager( 2485): .
I/System.out( 2485): addSIElementaryStream elementPID=4465, streamType=2, origID=1, serviceID=831, tsID=13
I/DTVALManager( 2485): [create_service]stream_type=5, elem_pid:1291
I/DTVALManager( 2485): .
I/System.out( 2485): addSIElementaryStream elementPID=1291, streamType=5, origID=1, serviceID=831, tsID=13
I/DTVALManager( 2485): [create_service]stream_type=4, elem_pid:4466
I/DTVALManager( 2485): .
I/System.out( 2485): addSIElementaryStream elementPID=4466, streamType=4, origID=1, serviceID=831, tsID=13
I/DTVALManager( 2485): [ngbj][si] create_service: set_descriptor serviceID=831, descriptors=0, fid=883781464
I/DTVALManager( 2485): [IL]> set_descriptor fail:2097157, 883781464, 0, -1263784128
D/OTTDVB  ( 2485): ----className:NgbSearchAdapter----msg:getCurrentChannelSIService : 646|652|13|13|1|1
D/OTTDVB  ( 2485): ----className:NgbSearchAdapter----msg:getCurrentChannelSIService : 652|652|13|13|1|1
I/System.out( 2485): [retrieveElementaryStreams]currentTimeMillis=1420070465485---cacheTime=68150
D/OTTDVB  ( 2485): ----className:NgbSearchAdapter----msg:syncEsStreamInfo start ==> siRetrieveEvent org.ngb.broadcast.dvb.si.SISuccessRetrieveEvent[source=impl.ngb.broadcast.dvb.si.SITransaction@2d3f6da3]
D/OTTDVB  ( 2485): ----className:NgbSearchAdapter----msg:Success siRet :org.ngb.broadcast.dvb.si.SISuccessRetrieveEvent[source=impl.ngb.broadcast.dvb.si.SITransaction@2d3f6da3]
D/OTTDVB  ( 2485): ----className:NgbSearchAdapter----msg:saveEsInfo
D/OTTDVB  ( 2485): ----className:NgbSearchAdapter----msg: saveEsInfo: streamType : 2 pid:4497 name:环球奇观
D/OTTDVB  ( 2485): ----className:NgbSearchAdapter----msg:环球奇观 update Video Es Info VideoPid : 4497
D/OTTDVB  ( 2485): ----className:NgbSearchAdapter----msg: saveEsInfo: streamType : 4 pid:4498 name:环球奇观
D/OTTDVB  ( 2485): ----className:NgbSearchAdapter----msg:环球奇观 update Audio Es Info AudioPid : 4498  streamType = 4
D/OTTDVB  ( 2485): ----className:NgbSearchAdapter----msg:sbPid.toString() = 4498   sbType.toString() = 4
I/System.out( 2485): retrieveElementaryStreams end
D/OTTDVB  ( 2485): ----className:NgbSearchAdapter----msg:Success siRet :org.ngb.broadcast.dvb.si.SISuccessRetrieveEvent[source=impl.ngb.broadcast.dvb.si.SITransaction@67b88a0]
D/ChannelBarFragment( 2485): initControllerView()
D/OTTDVB  ( 2485): ----className:ChannelBarFragment----msg:updateView 
D/OTTDVB  ( 2485): ----className:ChannelUtils----msg:isCurrentChannelSupportTimeShift
D/OTTDVB  ( 2485): ----className:ChannelBarFragment----msg:isSupportTimeShift timeShift == null : true
D/OTTDVB  ( 2485): ----className:ChannelBarFragment----msg:updateView 
D/OTTDVB  ( 2485): ----className:ChannelUtils----msg:isCurrentChannelSupportTimeShift
D/MMCP    ( 1643): [SIC_Sections_Notify::3247] event.type=2
D/MMCP    ( 1643): <dtv.sicache> [SIC_Sections_Notify::3288] pid=0x1, tid=0x1, tid_ext=0xffff, ver_num=3, sec_num=0, last_num=0, sic_lokuptable[1].cRepeatCount=0,cTableCount=0,cActualCount=0
D/MMCP    ( 1643): <dtv.sicache> [SIC_Sections_Notify:3444]: send_event    type=34     m_dwLoadId=2 
I/udi2_filter( 1643): CSUDIFILTERFree call pUsrParam=0xb41338ec  -------------->IN
I/udi2_filter( 1643): CSUDIFILTERFree call hFilterHandle=0xb698d6d0  -------------->IN
I/udi2_filter( 1643): channel has no filter, delete channel:0xa1000003
I/udi2_filter( 1643): CSUDIFILTERFree---------------------------------------------------->OUT
D/MMCP    ( 1643): <dtv.section> [Cancel] CSUDIFILTERFree filter , nRet = 0
D/MMCP    ( 1643): <dtv.sicache> [SIC_Sections_Notify:3458]: g_LoadMsg[0] Section2CSectionCancel(0x2)=1  loadID = 2
D/MMCP    ( 1643): <dtv.sicache> SIC_Sections_Notify:g_LoadMsg[0].m_Event.code= 17 
D/MMCP    ( 1643): <dtv.sicache> sic_loader_monitor-----while---------------------
D/MMCP    ( 1643): <dtv.sicache> sic_loader_monitor:g_LoadMsg[0]
D/MMCP    ( 1643): <dtv.sicache> SILoader:   data_receiver()
D/MMCP    ( 1643): <dtv.sicache> [data_receiver]   g_sSicLoadId[i].m_ucIsMonitor = 0
D/MMCP    ( 1643): <dtv.sicache> [sic_parseTable]----------after   wait      g_Table_user_count: 0-------------
D/MMCP    ( 1643): <dtv.sicache> SILoader::CAT table section count = 1.
D/MMCP    ( 1643): <dtv.sicache> newImpElement
D/MMCP    ( 1643): <dtv.sicache> SIC_STRUCT_TYPE_CA
D/MMCP    ( 1643): <dtv.sicache> newImpElement
D/MMCP    ( 1643): <dtv.sicache> newImpElement
D/MMCP    ( 1643): <dtv.sicache> newImpElement
D/MMCP    ( 1643): <dtv.sicache> parseCAT::CA_system_ID = 0x606(1542)
D/MMCP    ( 1643): <dtv.sicache> parseCAT::Emm pid       = 0x51(81)
D/MMCP    ( 1643): <dtv.sicache> parseCAT::private_data_length = 0
D/OTTDVB  ( 2485): ----className:ChannelBarFragment----msg:isSupportTimeShift timeShift == null : true
D/MMCP    ( 1643): <dtv.sicache> parseCAT::CA_system_ID = 0x4ad2(19154)
D/MMCP    ( 1643): <dtv.sicache> parseCAT::Emm pid       = 0x52(82)
D/MMCP    ( 1643): <dtv.sicache> parseCAT::private_data_length = 0
D/MMCP    ( 1643): <dtv.sicache> SILoader::parse CAT end.
D/MMCP    ( 1643): <dtv.sicache> [data_receiver ]   table_loaded
D/MMCP    ( 1643): <dtv.sicache> [data_receiver ] registered cb 1 ,tableid=0x1, pid = 1,  msg=0
D/MMCP    ( 1643): <CS_CA> [SELCATCallBack] nMsg=0, puserData=0x0, psTableData=0xb3899600
D/MMCP    ( 1643): <CS_CA> [Selection]Param is null for cat callback.
D/MMCP    ( 1643): <dtv.sicache> [SIC_NotifyDataReceived::1828 ] RegSicCallback  cb 0 ,tableid=0x1, msg=0
D/MMCP    ( 1643): <CS_CA> [iCheckCAIHandle] this phCAinject(0xb400b000)
D/MMCP    ( 1643): <CS_CA> [CSCATCallback] nMsg=0
D/MMCP    ( 1643): <CS_CA> befroe wait for semphore
D/MMCP    ( 1643): <CS_CA> [startCa] caState = 1, cachePolicy=0, nCachedCatIndex=-1,cacheCount=0
D/MMCP    ( 1643): <CS_CA> [startCa] use non cached cat table
D/MMCP    ( 1643): <CS_CA>  psCAInfo->bCATCome vesion= 3 
D/MMCP    ( 1643): <CS_CA> [startca] caState = 1,bPmtCome=0, bCatCome=1 ,nRet = -1, cachePolicy=0,nCachedCatIndex=-1 ,cacheCount=0
D/MMCP    ( 1643): <CS_CA> [startca] caState = 1,bPmtCome=0, bCatCome=1 ,nRet = -1
D/MMCP    ( 1643): <dtv.sicache> [data_receiver ]   data_receiver END !!
D/MMCP    ( 1643): <dtv.sicache> [SIC_Sections_Notify::3247] event.type=2
D/MMCP    ( 1643): <dtv.sicache> [SIC_Sections_Notify::3288] pid=0x0, tid=0x0, tid_ext=0xd, ver_num=9, sec_num=0, last_num=0, sic_lokuptable[0].cRepeatCount=0,cTableCount=0,cActualCount=0
D/MMCP    ( 1643): <dtv.sicache> [SIC_Sections_Notify:3444]: send_event    type=34     m_dwLoadId=1 
I/udi2_filter( 1643): CSUDIFILTERFree call pUsrParam=0xb4133758  -------------->IN
I/udi2_filter( 1643): CSUDIFILTERFree call hFilterHandle=0xb698d674  -------------->IN
I/udi2_filter( 1643): channel has no filter, delete channel:0xa1000002
I/udi2_filter( 1643): CSUDIFILTERFree---------------------------------------------------->OUT
D/MMCP    ( 1643): <dtv.section> [Cancel] CSUDIFILTERFree filter , nRet = 0
D/MMCP    ( 1643): <dtv.sicache> [SIC_Sections_Notify:3458]: g_LoadMsg[0] Section2CSectionCancel(0x1)=1  loadID = 1
D/MMCP    ( 1643): <dtv.sicache> SIC_Sections_Notify:g_LoadMsg[0].m_Event.code= 17 
D/MMCP    ( 1643): <dtv.sicache> sic_loader_monitor-----while---------------------
D/MMCP    ( 1643): <dtv.sicache> sic_loader_monitor:g_LoadMsg[0]
D/MMCP    ( 1643): <dtv.sicache> SILoader:   data_receiver()
D/MMCP    ( 1643): <dtv.sicache> [data_receiver]   g_sSicLoadId[i].m_ucIsMonitor = 0
D/MMCP    ( 1643): <dtv.sicache> [sic_parseTable]----------after   wait      g_Table_user_count: 0-------------
D/MMCP    ( 1643): <dtv.sicache> [sic_parsePAT::718]i=0, SectionLen=48 SIC_MIN_PAT_LEN=12
D/MMCP    ( 1643): <dtv.sicache> [sic_parsePAT::728] dwFreq=0, dwCRC=0xa3dab12a, tsid=13
D/MMCP    ( 1643): <dtv.sicache> [sic_parsePAT::734] modify freq = 0, psPatImp[nPatIndex].m_dwFreq = 0
D/MMCP    ( 1643): <dtv.sicache> [sic_parsePAT::810] LoadId=1, VerNum=9
D/MMCP    ( 1643): <dtv.sicache> [sic_parsePAT::846]program_number=0 network_Pid=[0016]
D/MMCP    ( 1643): <dtv.sicache> newImpElement
D/MMCP    ( 1643): <dtv.sicache> [sic_parsePAT::864]program_number=[0x0286], pid=[4400],program=0x5dc394
D/MMCP    ( 1643): <dtv.sicache> newImpElement
D/MMCP    ( 1643): <dtv.sicache> [sic_parsePAT::864]program_number=[0x028c], pid=[4496],program=0x5dc3bc
D/MMCP    ( 1643): <dtv.sicache> newImpElement
D/MMCP    ( 1643): <dtv.sicache> [sic_parsePAT::864]program_number=[0x02d5], pid=[4384],program=0x5dc3e4
D/MMCP    ( 1643): <dtv.sicache> newImpElement
D/MMCP    ( 1643): <dtv.sicache> [sic_parsePAT::864]program_number=[0x02e1], pid=[4448],program=0x5dc40c
D/MMCP    ( 1643): <dtv.sicache> newImpElement
D/MMCP    ( 1643): <dtv.sicache> [sic_parsePAT::864]program_number=[0x02e5], pid=[4368],program=0x5dc434
D/MMCP    ( 1643): <dtv.sicache> newImpElement
D/MMCP    ( 1643): <dtv.sicache> [sic_parsePAT::864]program_number=[0x032f], pid=[4432],program=0x5dc45c
D/MMCP    ( 1643): <dtv.sicache> newImpElement
D/MMCP    ( 1643): <dtv.sicache> [sic_parsePAT::864]program_number=[0x0331], pid=[4416],program=0x5dc484
D/MMCP    ( 1643): <dtv.sicache> newImpElement
D/MMCP    ( 1643): <dtv.sicache> [sic_parsePAT::864]program_number=[0x033f], pid=[4464],program=0x5dc4ac
D/MMCP    ( 1643): <dtv.sicache> [sic_parsePAT::871] prog_count=8
D/MMCP    ( 1643): <dtv.sicache> newImpElement
D/MMCP    ( 1643): <dtv.sicache> [SIC_iSetCurrentPatIndex_135]modify g_dwPatIndex = 0
D/MMCP    ( 1643): <dtv.sicache> [sic_parsePAT::897] success.
D/MMCP    ( 1643): <dtv.sicache> [data_receiver ]   table_loaded
D/MMCP    ( 1643): <dtv.sicache> [data_receiver ] registered cb 1 ,tableid=0x0, pid = 0,  msg=0
D/MMCP    ( 1643): <CS_CA> [iPatCallback]  	wServiceID=652,nTSID=13,nONID=1 ,nServiceID=652 nMsg = 0!
D/MMCP    ( 1643): <dtv.sicache> SILoader:CSSICGetProgram():pPat->m_ucProgCount=8 
D/MMCP    ( 1643): [31m[1m<dtv.sicache> [ERROR] g_dwPatIndex  = 0, pid = 0xffff
D/MMCP    ( 1643): [0m
D/MMCP    ( 1643): <CS_CA> [iPatCallback]  the service id is 652 pmtpid = 4496!
D/MMCP    ( 1643): <CS_CA> request pmt table
D/MMCP    ( 1643): <dtv.sicache> SILoader: To CSSICLoadTable() :
D/MMCP    ( 1643): <dtv.sicache> SILoader: To CSSICLoadTableByFreq() :
D/MMCP    ( 1643): <dtv.sicache> SILoader:   > dwDeviceId : 0
D/MMCP    ( 1643): <dtv.sicache> SILoader:   > dwFreq : 0
D/MMCP    ( 1643): <dtv.sicache> SILoader:   > ucTableId : 2
D/MMCP    ( 1643): <dtv.sicache> SILoader:   > wTableIdExt : 65535
D/MMCP    ( 1643): <dtv.sicache> SILoader:   > dwTimeOutMs : 2000
D/MMCP    ( 1643): <dtv.sicache> SILoader:   > wPid : 0x1190
D/MMCP    ( 1643): <dtv.sicache> SILoader:   > pCallback : 0x570f51
D/MMCP    ( 1643): <dtv.sicache> SILoader:   > version : 0xff(but now do not used)
D/MMCP    ( 1643): <dtv.sicache> (SIC_LoadTable::1630) : SIC_GetRequestTablePid end  (tableId = 2,  pid = 4496, error=0)
D/MMCP    ( 1643): <dtv.sicache> reqInfo =0[ ../../../wulijiao/tvosbak/COSHIP_TVOS/component/CSDTV/service/dtv/si_cache/sic_paser.c:3494]
D/MMCP    ( 1643): <dtv.section> req sec:pid=1190h,type=0,tid=(2h,ffh,0h), ver=(0h,0h,0h)
D/MMCP    ( 1643): [31m[1m<dtv.section> [ERROR] [GetInuseSectionWorker]:'357
D/MMCP    ( 1643): [0m
D/MMCP    ( 1643): [31m[1m<dtv.section> [ERROR] [GetFastSectionDispatcher]:'363
D/MMCP    ( 1643): [0m
D/MMCP    ( 1643): <dtv.section> CSUDIFILTERAllocate begin....
I/udi2_filter( 1643): CSUDIFILTERAllocate------------------------------>IN
I/udi2_filter( 1643): [CSUDIFILTERAllocate]  demuxID = 0  pid = 0x1190  crc = 1 
I/udi2_filter( 1643): Alloc Filter:[4]
I/udi2_filter( 1643): alloc coship match,mask,negate:0x2,0xff,0x0
I/udi2_filter( 1643): alloc coship match,mask,negate:0x0,0x0,0x0
I/udi2_filter( 1643): alloc coship match,mask,negate:0x0,0x0,0x0
I/udi2_filter( 1643): alloc coship match,mask,negate:0x0,0x0,0x0
I/udi2_filter( 1643): alloc coship match,mask,negate:0x0,0x0,0x0
I/udi2_filter( 1643): alloc coship match,mask,negate:0x0,0x0,0x0
I/udi2_filter( 1643): alloc coship match,mask,negate:0x0,0x0,0x0
I/udi2_filter( 1643): alloc coship match,mask,negate:0x0,0x0,0x0
I/udi2_filter( 1643): alloc coship match,mask,negate:0x0,0x0,0x0
I/udi2_filter( 1643): alloc coship match,mask,negate:0x0,0x0,0x0
I/udi2_filter( 1643): alloc coship match,mask,negate:0x0,0x0,0x0
I/udi2_filter( 1643): alloc coship match,mask,negate:0x0,0x0,0x0
I/udi2_filter( 1643): alloc coship match,mask,negate:0x0,0x0,0x0
I/udi2_filter( 1643): alloc coship match,mask,negate:0x0,0x0,0x0
I/udi2_filter( 1643): alloc coship match,mask,negate:0x0,0x0,0x0
I/udi2_filter( 1643): alloc coship match,mask,negate:0x0,0x0,0x0
W/smetsdmx( 1640):  first invalid video pts esframe, discard ! [object:0xb1cb3600,smetsdmx0][gstsmetsdmx.c, gst_smetsdmx_do_video_process_stream, 3480]
W/smetsdmx( 1640):  first invalid video pts esframe, discard ! [object:0xb1cb3600,smetsdmx0][gstsmetsdmx.c, gst_smetsdmx_do_video_process_stream, 3480]
I/udi2_filter( 1643): u32Handle:0xb698d674,hChannel:0xa1000002,hFilter:0xa020004, pid 0x1190
I/udi2_filter( 1643): CSUDIFILTERAllocate------------j=4---------------------->OUT
D/MMCP    ( 1643): <dtv.section> CSUDIFILTERAllocate, nRet = 0
I/udi2_filter( 1643): CSUDIFILTERStart call hFilterHandle=0xb698d674 -------------->IN
I/udi2_filter( 1643): CSUDIFILTERStart---------------------------------------------------->OUT
D/MMCP    ( 1643): <dtv.section> CSUDIFILTERStart, nRet = 0
D/MMCP    ( 1643): [31m[1m<dtv.section> [ERROR] Request  ---->RequestSection()
D/MMCP    ( 1643): [0m
D/MMCP    ( 1643): [31m[1m<dtv.section> [ERROR] [AddInuseSectionWork]:'380
D/MMCP    ( 1643): [0m
D/MMCP    ( 1643): [31m[1m<dtv.section> [ERROR] RequestSectionEx --> Request
D/MMCP    ( 1643): [0m
D/MMCP    ( 1643): <dtv.sicache> SIC_Load_Table : hRequestSec = 0x4, sic_lokuptable[1].reqHandle = 0x4 
D/MMCP    ( 1643): <dtv.sicache> CSSIC::filter value:02 00 00 00 00 00 00 00 
D/MMCP    ( 1643): <dtv.sicache> CSSIC::filter mask:ff 00 00 00 00 00 00 00 
D/MMCP    ( 1643): <dtv.sicache> CSSIC::filter negate:00 00 00 00 00 00 00 00 
D/MMCP    ( 1643): <dtv.sicache> CSSIC::SIC_Load_Table(clientId-17,pid-0x1190,timeout-2000) OK, loadId = 3
D/MMCP    ( 1643): <dtv.sicache> (SIC_LoadTable::1679) : SIC_loader_load end ( loadId = 3, error=0)
D/MMCP    ( 1643): <dtv.sicache> [SIC_NoteLoadInfo]   g_sSicLoadId[0]:table_id:2,table_id_extension:65535,loadId:3  g_sSicLoadId[0].m_pCallback = 0x570f51  
D/MMCP    ( 1643): <CS_CA> iPatCallback nPmtLoadId=3 
D/MMCP    ( 1643): <dtv.sicache> SILoader:  CSSICCancelLoad(1) 
D/MMCP    ( 1643): <dtv.sicache>  CSSICCancelLoad 1 failed @
D/MMCP    ( 1643): <CS_CA> iPatCallback out 
D/MMCP    ( 1643): <dtv.sicache> [data_receiver ]   data_receiver END !!
W/smetsdmx( 1640):  first invalid pts(4294967295) audio esframe, discard ! [object:0xb1cb3600,smetsdmx0][gstsmetsdmx.c, gst_smetsdmx_do_audio_process_stream, 4090]
W/udi2_tuner( 1643): Modulation = 3, Frequency = 590000, SymbolRate = 6875, eEvent = 0, TunerId = 0, callback time: 68320 -----
W/udi2_tuner( 1643): 
W/udi2_tuner( 1643): 
D/MMCP    ( 1643): <CS_CA> [iCSTunerCallback] eType=1, m_dwTunerId=0,freq=0.590000.590000.3.6875 
D/MMCP    ( 1643): <CS_CA> [iCheckCAIHandle] this phCAinject(0xb400b000)
D/MMCP    ( 1643): <CS_CA> [iTunerCallback]  EM_UDITUNER_SIGNAL_CONNECTED
D/MMCP    ( 1643): <CS_CA> [iTunerCallback]  renew request PAT 
D/MMCP    ( 1643): <CS_CA> cacheTable nServiceId = 652
D/MMCP    ( 1643): <dtv.sicache> SILoader: To CSSICLoadTable() :
D/MMCP    ( 1643): <dtv.sicache> SILoader: To CSSICLoadTableByFreq() :
D/MMCP    ( 1643): <dtv.sicache> SILoader:   > dwDeviceId : 0
D/MMCP    ( 1643): <dtv.sicache> SILoader:   > dwFreq : 0
D/MMCP    ( 1643): <dtv.sicache> SILoader:   > ucTableId : 0
D/MMCP    ( 1643): <dtv.sicache> SILoader:   > wTableIdExt : 65535
D/MMCP    ( 1643): <dtv.sicache> SILoader:   > dwTimeOutMs : 2000
D/MMCP    ( 1643): <dtv.sicache> SILoader:   > wPid : 0x0
D/MMCP    ( 1643): <dtv.sicache> SILoader:   > pCallback : 0x570f79
D/MMCP    ( 1643): <dtv.sicache> SILoader:   > version : 0xff(but now do not used)
D/MMCP    ( 1643): <dtv.sicache> (SIC_LoadTable::1630) : SIC_GetRequestTablePid end  (tableId = 0,  pid = 0, error=0)
D/MMCP    ( 1643): <dtv.sicache> reqInfo =0[ ../../../wulijiao/tvosbak/COSHIP_TVOS/component/CSDTV/service/dtv/si_cache/sic_paser.c:3494]
D/MMCP    ( 1643): <dtv.section> req sec:pid=0h,type=0,tid=(0h,ffh,0h), ver=(0h,0h,0h)
D/MMCP    ( 1643): [31m[1m<dtv.section> [ERROR] [GetInuseSectionWorker]:'357
D/MMCP    ( 1643): [0m
D/MMCP    ( 1643): [31m[1m<dtv.section> [ERROR] [GetFastSectionDispatcher]:'363
D/MMCP    ( 1643): [0m
D/MMCP    ( 1643): <dtv.section> CSUDIFILTERAllocate begin....
I/udi2_filter( 1643): CSUDIFILTERAllocate------------------------------>IN
I/udi2_filter( 1643): [CSUDIFILTERAllocate]  demuxID = 0  pid = 0x0  crc = 1 
I/udi2_filter( 1643): Alloc Filter:[5]
I/udi2_filter( 1643): alloc coship match,mask,negate:0x0,0xff,0x0
I/udi2_filter( 1643): alloc coship match,mask,negate:0x0,0x0,0x0
I/udi2_filter( 1643): alloc coship match,mask,negate:0x0,0x0,0x0
I/udi2_filter( 1643): alloc coship match,mask,negate:0x0,0x0,0x0
I/udi2_filter( 1643): alloc coship match,mask,negate:0x0,0x0,0x0
I/udi2_filter( 1643): alloc coship match,mask,negate:0x0,0x0,0x0
I/udi2_filter( 1643): alloc coship match,mask,negate:0x0,0x0,0x0
I/udi2_filter( 1643): alloc coship match,mask,negate:0x0,0x0,0x0
I/udi2_filter( 1643): alloc coship match,mask,negate:0x0,0x0,0x0
I/udi2_filter( 1643): alloc coship match,mask,negate:0x0,0x0,0x0
I/udi2_filter( 1643): alloc coship match,mask,negate:0x0,0x0,0x0
I/udi2_filter( 1643): alloc coship match,mask,negate:0x0,0x0,0x0
I/udi2_filter( 1643): alloc coship match,mask,negate:0x0,0x0,0x0
I/udi2_filter( 1643): alloc coship match,mask,negate:0x0,0x0,0x0
I/udi2_filter( 1643): alloc coship match,mask,negate:0x0,0x0,0x0
I/udi2_filter( 1643): alloc coship match,mask,negate:0x0,0x0,0x0
I/udi2_filter( 1643): u32Handle:0xb698d6d0,hChannel:0xa1000003,hFilter:0xa020005, pid 0x0
I/udi2_filter( 1643): CSUDIFILTERAllocate------------j=5---------------------->OUT
D/MMCP    ( 1643): <dtv.section> CSUDIFILTERAllocate, nRet = 0
I/udi2_filter( 1643): CSUDIFILTERStart call hFilterHandle=0xb698d6d0 -------------->IN
I/udi2_filter( 1643): CSUDIFILTERStart---------------------------------------------------->OUT
D/MMCP    ( 1643): <dtv.section> CSUDIFILTERStart, nRet = 0
D/MMCP    ( 1643): [31m[1m<dtv.section> [ERROR] Request  ---->RequestSection()
D/MMCP    ( 1643): [0m
D/MMCP    ( 1643): [31m[1m<dtv.section> [ERROR] [AddInuseSectionWork]:'380
D/MMCP    ( 1643): [0m
D/MMCP    ( 1643): [31m[1m<dtv.section> [ERROR] RequestSectionEx --> Request
D/MMCP    ( 1643): [0m
D/MMCP    ( 1643): <dtv.sicache> SIC_Load_Table : hRequestSec = 0x5, sic_lokuptable[0].reqHandle = 0x5 
D/MMCP    ( 1643): <dtv.sicache> CSSIC::filter value:00 00 00 00 00 00 00 00 
D/MMCP    ( 1643): <dtv.sicache> CSSIC::filter mask:ff 00 00 00 00 00 00 00 
D/MMCP    ( 1643): <dtv.sicache> CSSIC::filter negate:00 00 00 00 00 00 00 00 
D/MMCP    ( 1643): <dtv.sicache> CSSIC::SIC_Load_Table(clientId-17,pid-0x0,timeout-2000) OK, loadId = 4
D/MMCP    ( 1643): <dtv.sicache> (SIC_LoadTable::1679) : SIC_loader_load end ( loadId = 4, error=0)
D/MMCP    ( 1643): <dtv.sicache> [SIC_NoteLoadInfo]   g_sSicLoadId[1]:table_id:0,table_id_extension:65535,loadId:4  g_sSicLoadId[1].m_pCallback = 0x570f79  
D/MMCP    ( 1643): <CS_CA> [iCachePAT]CSSICLoadTable dwLoadId = 4
W/udi2_tuner( 1643): Modulation = 3, Frequency = 590000, SymbolRate = 6875, eEvent = 0, TunerId = 0, callback time: 68320 -----
W/udi2_tuner( 1643): 
W/udi2_tuner( 1643): 
D/MMCP    ( 1643): [31m[1m<DTVALManager> [ERROR] OnEpgCallBack [0m
D/MMCP    ( 1643): [31m[1m Send BpDTVALManagerClient::OnTuneStreamCallBack, pid = 0x66b, callingpid = 0x66b 
D/MMCP    ( 1643): [0m
D/MMCP    ( 1643): [31m[1m<DTVALManager> [ERROR] OnTuneStreamCallBack eType=1 
D/MMCP    ( 1643): [0m
D/MMCP    ( 1643): [31m[1m<DTVALManager> [ERROR] OnTuneStreamCallBack 111111 
D/MMCP    ( 1643): [0m
D/MMCP    ( 2100): [31m[1m<DTVALManager> [ERROR] Receive TUNE_STREAM_CALLBACK IN
D/MMCP    ( 2100): [0m
D/MMCP    ( 2100): [31m[1m<DTVALManager> [ERROR] Receive TUNE_STREAM_CALLBACK IN nType =1
D/MMCP    ( 2100): [0m
D/MMCP    ( 2100): [31m[1m<DTVALManager> [ERROR] Receive  CSUDITunerCallbackMessage_S 111111
D/MMCP    ( 2100): [0m
D/MMCP    ( 2100): [31m[1m<DTVALManager> [ERROR] notifyDtvalTuneStreamCallback()::iter->mCallback  eType:1 
D/MMCP    ( 2100): [0m
D/MMCP    ( 2100): [31m[1m<DTVALManager> [ERROR] Receive  CSUDITunerCallbackMessage_S
D/MMCP    ( 2100): [0m
D/MMCP    ( 2100): [31m[1m<DTVALManager> [ERROR] Receive TUNE_STREAM_CALLBACK  OUT
D/MMCP    ( 2100): [0m
D/MMCP    ( 1643): [31m[1m<DTVALManager> [ERROR] OnTuneStreamCallBack 222222 
D/MMCP    ( 1643): [0m
D/MMCP    ( 1643): [31m[1m<DTVALManager> [ERROR] Send BpDTVALManagerClient::OnTuneStreamCallBack, pid = 0x66b, callingpid = 0x66b 
D/MMCP    ( 1643): [0m
D/MMCP    ( 1643): [31m[1m<DTVALManager> [ERROR] OnTuneStreamCallBack eType=1 
D/MMCP    ( 1643): [0m
D/MMCP    ( 1643): [31m[1m<DTVALManager> [ERROR] OnTuneStreamCallBack 111111 
D/MMCP    ( 1643): [0m
D/MMCP    ( 2575): [31m[1m<DTVALManager> [ERROR] Receive TUNE_STREAM_CALLBACK IN
D/MMCP    ( 2575): [0m
D/MMCP    ( 2575): [31m[1m<DTVALManager> [ERROR] Receive TUNE_STREAM_CALLBACK IN nType =1
D/MMCP    ( 2575): [0m
D/MMCP    ( 2575): [31m[1m<DTVALManager> [ERROR] Receive  CSUDITunerCallbackMessage_S 111111
D/MMCP    ( 2575): [0m
D/MMCP    ( 2575): [31m[1m<DTVALManager> [ERROR] notifyDtvalTuneStreamCallback()::iter->mCallback  eType:1 
D/MMCP    ( 2575): [0m
D/MMCP    ( 2575): [31m[1m<DTVALManager> [ERROR] Receive  CSUDITunerCallbackMessage_S
D/MMCP    ( 2575): [0m
D/MMCP    ( 2575): [31m[1m<DTVALManager> [ERROR] Receive TUNE_STREAM_CALLBACK  OUT
D/MMCP    ( 2575): [0m
D/MMCP    ( 1643): [31m[1m<DTVALManager> [ERROR] OnTuneStreamCallBack 222222 
D/MMCP    ( 1643): [0m
D/MMCP    ( 1643): [31m[1m<DTVALManager> [ERROR] Send BpDTVALManagerClient::OnTuneStreamCallBack, pid = 0x66b, callingpid = 0x66b 
D/MMCP    ( 1643): [0m
D/MMCP    ( 1643): [31m[1m<DTVALManager> [ERROR] OnTuneStreamCallBack eType=1 
D/MMCP    ( 1643): [0m
D/MMCP    ( 1643): [31m[1m<DTVALManager> [ERROR] OnTuneStreamCallBack 111111 
D/MMCP    ( 1643): [0m
D/MMCP    ( 2485): [31m[1m<DTVALManager> [ERROR] Receive TUNE_STREAM_CALLBACK IN
D/MMCP    ( 2485): [0m
D/MMCP    ( 2485): [31m[1m<DTVALManager> [ERROR] Receive TUNE_STREAM_CALLBACK IN nType =1
D/MMCP    ( 2485): [0m
D/MMCP    ( 2485): [31m[1m<DTVALManager> [ERROR] Receive  CSUDITunerCallbackMessage_S 111111
D/MMCP    ( 2485): [0m
D/MMCP    ( 2485): [31m[1m<DTVALManager> [ERROR] notifyDtvalTuneStreamCallback()::iter->mCallback  eType:1 
D/MMCP    ( 2485): [0m
D/MMCP    ( 2485): [31m[1m<DTVALManager> [ERROR] Receive  CSUDITunerCallbackMessage_S
D/MMCP    ( 2485): [0m
D/MMCP    ( 2485): [31m[1m<DTVALManager> [ERROR] Receive TUNE_STREAM_CALLBACK  OUT
D/MMCP    ( 2485): [0m
D/MMCP    ( 1643): [31m[1m<DTVALManager> [ERROR] OnTuneStreamCallBack 222222 
D/MMCP    ( 1643): [0m
D/MMCP    ( 1643): [31m[1m<DTVALManager> [ERROR] Send BpDTVALManagerClient::OnTuneStreamCallBack, pid = 0x66b, callingpid = 0x66b 
D/MMCP    ( 1643): [0m
D/MMCP    ( 1643): [31m[1m<DTVALManager> [ERROR] OnTuneStreamCallBack eType=1 
D/MMCP    ( 1643): [0m
D/MMCP    ( 1643): [31m[1m<DTVALManager> [ERROR] OnTuneStreamCallBack 111111 
D/MMCP    ( 1643): [0m
D/MMCP    ( 1640): [31m[1m<DTVALManager> [ERROR] Receive TUNE_STREAM_CALLBACK IN
D/MMCP    ( 1640): [0m
D/MMCP    ( 1640): [31m[1m<DTVALManager> [ERROR] Receive TUNE_STREAM_CALLBACK IN nType =1
D/MMCP    ( 1640): [0m
D/MMCP    ( 1640): [31m[1m<DTVALManager> [ERROR] Receive  CSUDITunerCallbackMessage_S 111111
D/MMCP    ( 1640): [0m
D/MMCP    ( 1640): [31m[1m<DTVALManager> [ERROR] notifyDtvalTuneStreamCallback()::iter->mCallback  eType:1 
D/MMCP    ( 1640): [0m
D/MMCP    ( 1640): [31m[1m<DTVALManager> [ERROR] notifyDtvalTuneStreamCallback()::iter->m_fnCallback 
D/MMCP    ( 1640): [0m
E/DVBPlayer( 1640): [DVBPlayer::iTuneStreamCB] eType=1, m_dwTunerId=0,m_eEvent=0 m_uBandWidth =590000 freq=590000.3.6875 
E/DVBPlayer( 1640): [DVBPlayer.cpp, iTuneStreamCB, 534]
V/MediaPlayerService( 1640): [1] notify (0xb30bb5c0, 200, 1001, 0)
E/DVBPlayer( 1640): [iTuneStreamCB] send EM_UDITUNER_SIGNAL_CONNECTED
E/DVBPlayer( 1640): [DVBPlayer.cpp, iTuneStreamCB, 545]
D/MMCP    ( 1640): [31m[1m<DTVALManager> [ERROR] Receive  CSUDITunerCallbackMessage_S
D/MMCP    ( 1640): [0m
D/MMCP    ( 1640): [31m[1m<DTVALManager> [ERROR] Receive TUNE_STREAM_CALLBACK  OUT
D/MMCP    ( 1640): [0m
D/MMCP    ( 1643): [31m[1m<DTVALManager> [ERROR] OnTuneStreamCallBack 222222 
D/MMCP    ( 1643): [0m
V/MediaPlayer( 2485): message received msg=200, ext1=1001, ext2=0
W/MediaPlayer( 2485): info/warning (1001, 0)
V/MediaPlayer( 2485): callback application
V/TvosMediaListener( 2485): message received msg=200, ext1=1001, ext2=0
D/DTVALManager( 2485): MyTvosMediaPlayerListener Event ===== onInfo, what=1001, extra=0
D/DTVALManager( 2485): ^^^^add2Event^^^^^^^^^^^^
D/DTVALManager( 2485): ^^^^mplayer list is empty!
D/DTVALManager( 2485): ^^^^post result=0
V/MediaPlayer( 2485): back from callback
D/DTVALManager( 2485): ^^^^after wait mPlayerSem
D/DTVALManager( 2485): [initMediaNative]ngb-media-player-event:0x3e9
D/OTTDVB  ( 2485): ----className:NgbPlayerAdapter----msg:OnPlayerEvent type = 1001
D/MMCP    ( 1643): <dtv.sicache> [SIC_Sections_Notify::3247] event.type=2
I/OTTDVB  ( 2485): ----className:MainActivity----msg:jelly debug onPlayerEvent type= 1001
D/MMCP    ( 1643): <dtv.sicache> [SIC_Sections_Notify::3288] pid=0x1190, tid=0x2, tid_ext=0x28c, ver_num=3, sec_num=0, last_num=0, sic_lokuptable[1].cRepeatCount=0,cTableCount=0,cActualCount=0
D/MMCP    ( 1643): <dtv.sicache> [SIC_Sections_Notify:3444]: send_event    type=34     m_dwLoadId=3 
I/udi2_filter( 1643): CSUDIFILTERFree call pUsrParam=0xb4133c14  -------------->IN
I/udi2_filter( 1643): CSUDIFILTERFree call hFilterHandle=0xb698d674  -------------->IN
D/OTTDVB  ( 2485): ----className:HintManager----msg:hint id : 65540
D/OTTDVB  ( 2485): ----className:HintManager----msg:hint id 1: 65540
D/OTTDVB  ( 2485): ----className:HintManager----msg:hint id 2: 65540
D/OTTDVB  ( 2485): ----className:HintManager----msg:showHint
D/DTVALManager( 2485): ^^^^before wait mPlayerSem
I/udi2_filter( 1643): channel has no filter, delete channel:0xa1000002
I/udi2_filter( 1643): CSUDIFILTERFree---------------------------------------------------->OUT
D/MMCP    ( 1643): <dtv.section> [Cancel] CSUDIFILTERFree filter , nRet = 0
D/MMCP    ( 1643): <dtv.sicache> [SIC_Sections_Notify:3458]: g_LoadMsg[0] Section2CSectionCancel(0x4)=1  loadID = 3
D/MMCP    ( 1643): <dtv.sicache> SIC_Sections_Notify:g_LoadMsg[0].m_Event.code= 17 
D/MMCP    ( 1643): <dtv.sicache> sic_loader_monitor-----while---------------------
D/MMCP    ( 1643): <dtv.sicache> sic_loader_monitor:g_LoadMsg[0]
D/MMCP    ( 1643): <dtv.sicache> SILoader:   data_receiver()
D/MMCP    ( 1643): <dtv.sicache> [data_receiver]   g_sSicLoadId[i].m_ucIsMonitor = 0
D/MMCP    ( 1643): <dtv.sicache> [sic_parseTable]----------after   wait      g_Table_user_count: 0-------------
D/MMCP    ( 1643): <dtv.sicache> [SIC_iGetCurrentPatIndexByLoadID_101]   ENTER dwLoadId = 3
D/MMCP    ( 1643): <dtv.sicache> [SIC_iGetCurrentPatIndexByLoadID_109]   index = 0
D/MMCP    ( 1643): <dtv.sicache> [SIC_iGetCurrentPatIndexByLoadID_119]   dwDeviceId = 0
D/MMCP    ( 1643): [31m[1m<dtv.sicache> [ERROR] [iCheckCurrentPatByDevice_1581]dwDeviceId=0
D/MMCP    ( 1643): [0m
D/MMCP    ( 1643): [31m[1m<dtv.sicache> [ERROR] [iCheckCurrentPatByDevice_1586]s_sDevice[0].m_dwDeviceId=0
D/MMCP    ( 1643): [0m
W/smetsdmx( 1640):  first invalid video pts esframe, discard ! [object:0xb1cb3600,smetsdmx0][gstsmetsdmx.c, gst_smetsdmx_do_video_process_stream, 3480]
D/MMCP    ( 1643): [31m[1m<dtv.sicache> [ERROR] [iCheckCurrentPatByDevice_1604]dwCurPatIndext = 0
D/MMCP    ( 1643): [0m
D/MMCP    ( 1643): <dtv.sicache> [sic_parsePMT::1178] dwCurPatIndex(0)  by device
D/MMCP    ( 1643): <dtv.sicache> [sic_parsePMT::1188::0] table section count = 1.  tableId (2), pid(4496)
D/MMCP    ( 1643): <dtv.sicache> [sic_parsePMT::1225]  program_number = 652
D/MMCP    ( 1643): <dtv.sicache> [sic_parsePMT::1229]pPat->m_ucProgCount = 8
D/MMCP    ( 1643): <dtv.sicache> [sic_parsePMT::1232]pPat->m_ppsProgList[j]->m_wProgNum= 646
D/MMCP    ( 1643): <dtv.sicache> [sic_parsePMT::1232]pPat->m_ppsProgList[j]->m_wProgNum= 652
D/MMCP    ( 1643): <dtv.sicache> [sic_free_progEs::271] bFreeSelf = 0.  isAmt (0), nEsCount(0)
D/MMCP    ( 1643): <dtv.sicache> [sic_free_prog::324] bFreeSelf (0), pnEsCount (0)  
D/MMCP    ( 1643): <dtv.sicache> [sic_parsePMT::1245]:: es_count = 0, program_number= 652
D/MMCP    ( 1643): <dtv.sicache> [sic_parsePMT::1268] program_number : [0x028c]
D/MMCP    ( 1643): <dtv.sicache> [sic_parsePMT::1269]       PCR_PID : [0x1191]
D/MMCP    ( 1643): <dtv.sicache> [sic_parsePMT::1270] m_wPmtPid : [4496]
D/MMCP    ( 1643): <dtv.sicache> [sic_parsePMT::1272]program_info_length : [16], section_length:51
D/MMCP    ( 1643): <dtv.sicache> newImpElement
D/MMCP    ( 1643): <dtv.sicache> newImpElement
D/MMCP    ( 1643): <dtv.sicache> newImpElement
D/MMCP    ( 1643): <dtv.sicache> newImpElement
D/MMCP    ( 1643): <dtv.sicache> [sic_parsePMT::1283]version_number : [3]
D/MMCP    ( 1643): <dtv.sicache> [sic_parsePMT::1284] Elementary Streams found:
D/MMCP    ( 1643): <dtv.sicache> [sic_parseES::1090::0) (nLen:22) (*pnEsCount:512)
D/MMCP    ( 1643): <dtv.sicache> newImpElement
D/MMCP    ( 1643): <dtv.sicache> [sic_parseES::1122::0] --(es_ElementaryPid :4497)
D/MMCP    ( 1643): <dtv.sicache> newImpElement
