--------- beginning of main
W/auditd  ( 1631): type=2000 audit(0.0:1): initialized
I/installd(    0): installd firing up
I/Netd    ( 1637): Netd 1.0 starting
I/androidx( 1648): androidxManagerService created
I/androidx( 1648): androidxManagerService instantiate
I/        ( 1638): debuggerd: Jul 26 2018 16:46:22
I/lowmemorykiller( 1633): Using in-kernel low memory killer interface
--------- beginning of system
I/Vold    ( 1635): Vold 2.1 (the revenge) firing up
D/Vold    ( 1635): [void VolumeManager::BindInternalStorage()-183] :bind /storage/sdcard to /storage/emulated/0
I/androidx( 1648): androidxManagerService instantiate ok
I/androidx( 1648): [iOpenAndroidxLib,88] pcAndroidxLib enter
E/Netd    ( 1637): Failed to open /proc/sys/net/ipv6/conf/default/optimistic_dad: No such file or directory
E/Netd    ( 1637): Failed to open /proc/sys/net/ipv6/conf/eth0/optimistic_dad: No such file or directory
E/Netd    ( 1637): Failed to open /proc/sys/net/ipv6/conf/lo/optimistic_dad: No such file or directory
E/Netd    ( 1637): Failed to open /proc/sys/net/ipv6/conf/teql0/optimistic_dad: No such file or directory
E/Netd    ( 1637): Failed to open /proc/sys/net/ipv6/conf/default/use_optimistic: No such file or directory
E/Netd    ( 1637): Failed to open /proc/sys/net/ipv6/conf/eth0/use_optimistic: No such file or directory
E/Netd    ( 1637): Failed to open /proc/sys/net/ipv6/conf/lo/use_optimistic: No such file or directory
E/Netd    ( 1637): Failed to open /proc/sys/net/ipv6/conf/teql0/use_optimistic: No such file or directory
I/        ( 1657): [main] [9] 
I/        ( 1657): [main] [11] 
D/Novel-Supertv(ChinaDrmService)( 1649): chdrmal_Smmu_Map
D/Novel-Supertv(ChinaDrmService)( 1649): chdrmal_Smmu_Map , HI_MPI_SMMU_Map, smmu_addr:0x120f000
E/VoldCmdListener( 1635): IsoMountCmd created!
I/        ( 1645): DABinderService before
D/        ( 1645): ServiceManager addService ret=0
I/        ( 1645): DABinderService OK
W/PQService( 1654): currImageMode = 0
W/PQService( 1654): setShopModeV, enable = 0, value = 100
E/        ( 1654): pq_set_engine_mode_v, mode = 0 , value = 100
W/PQService( 1654): sixcolor is "50"
W/PQService( 1654): sixcolor is "50"
W/PQService( 1654): sixcolor is "50"
W/PQService( 1654): sixcolor is "50"
W/PQService( 1654): sixcolor is "50"
W/PQService( 1654): sixcolor is "50"
W/PQService( 1654): setColorEnhanceMode, mode = 6
W/PQService( 1654): currColorEnhanceMode = 6
W/PQService( 1654): setDynamicContrast, mode = 2
W/PQService( 1654): currDyncContrastMode = 2
W/PQService( 1654): setNoiseReduction, mode = 2
W/PQService( 1654): currNoiseReductionMode = 2
W/PQService( 1654): setMpegNoiseReduction, mode = 2
W/PQService( 1654): currMpegNoiseReductionMode = 2
W/PQService( 1654): setMotionCompensation, mode = 1
E/        ( 1654): pq_set_motion_compensation_mode, mode = 1
W/PQService( 1654): currMotionCompensationEnable = 1
W/PQService( 1654): setSharpness, sharp = 50
W/PQService( 1654): currSharpness = 50
W/PQService( 1654): setHDRSaturation, saturation = 50
W/PQService( 1654): currHDRSaturation = 50
E/DirectVolume( 1635): Vold managed volumes must have auto mount point; ignoring /mnt
D/Vold    ( 1635): [void Volume::setState(int)-313] :Volume none state changing -1 (Initializing) -> 0 (No-Media)
D/Vold    ( 1635): [int VolumeManager::addVolumeDir(Volume*)-288] :addVolumeDir
E/DirectVolume( 1635): Vold managed volumes must have auto mount point; ignoring /mnt
D/Vold    ( 1635): [void Volume::setState(int)-313] :Volume none state changing -1 (Initializing) -> 0 (No-Media)
D/Vold    ( 1635): [int VolumeManager::addVolumeDir(Volume*)-288] :addVolumeDir
E/DirectVolume( 1635): Vold managed volumes must have auto mount point; ignoring /mnt
D/Vold    ( 1635): [void Volume::setState(int)-313] :Volume none state changing -1 (Initializing) -> 0 (No-Media)
D/Vold    ( 1635): [int VolumeManager::addVolumeDir(Volume*)-288] :addVolumeDir
E/DirectVolume( 1635): Vold managed volumes must have auto mount point; ignoring /mnt
D/Vold    ( 1635): [void Volume::setState(int)-313] :Volume none state changing -1 (Initializing) -> 0 (No-Media)
D/Vold    ( 1635): [int VolumeManager::addVolumeDir(Volume*)-288] :addVolumeDir
E/DirectVolume( 1635): Vold managed volumes must have auto mount point; ignoring /mnt
D/Vold    ( 1635): [void Volume::setState(int)-313] :Volume none state changing -1 (Initializing) -> 0 (No-Media)
D/Vold    ( 1635): [int VolumeManager::addVolumeDir(Volume*)-288] :addVolumeDir
E/DirectVolume( 1635): Vold managed volumes must have auto mount point; ignoring /mnt
D/Vold    ( 1635): [void Volume::setState(int)-313] :Volume none state changing -1 (Initializing) -> 0 (No-Media)
D/Vold    ( 1635): [int VolumeManager::addVolumeDir(Volume*)-288] :addVolumeDir
E/DirectVolume( 1635): Vold managed volumes must have auto mount point; ignoring /mnt
D/Vold    ( 1635): [void Volume::setState(int)-313] :Volume none state changing -1 (Initializing) -> 0 (No-Media)
D/Vold    ( 1635): [int VolumeManager::addVolumeDir(Volume*)-288] :addVolumeDir
E/DirectVolume( 1635): Vold managed volumes must have auto mount point; ignoring /mnt
D/Vold    ( 1635): [void Volume::setState(int)-313] :Volume none state changing -1 (Initializing) -> 0 (No-Media)
D/Vold    ( 1635): [int VolumeManager::addVolumeDir(Volume*)-288] :addVolumeDir
E/DirectVolume( 1635): Vold managed volumes must have auto mount point; ignoring /mnt
D/Vold    ( 1635): [void Volume::setState(int)-313] :Volume none state changing -1 (Initializing) -> 0 (No-Media)
D/Vold    ( 1635): [int VolumeManager::addVolumeDir(Volume*)-288] :addVolumeDir
E/DirectVolume( 1635): Vold managed volumes must have auto mount point; ignoring /mnt
D/Vold    ( 1635): [void Volume::setState(int)-313] :Volume none state changing -1 (Initializing) -> 0 (No-Media)
D/Vold    ( 1635): [int VolumeManager::addVolumeDir(Volume*)-288] :addVolumeDir
E/DirectVolume( 1635): Vold managed volumes must have auto mount point; ignoring /mnt
D/Vold    ( 1635): [void Volume::setState(int)-313] :Volume none state changing -1 (Initializing) -> 0 (No-Media)
D/Vold    ( 1635): [int VolumeManager::addVolumeDir(Volume*)-288] :addVolumeDir
E/DirectVolume( 1635): Vold managed volumes must have auto mount point; ignoring /mnt
D/Vold    ( 1635): [void Volume::setState(int)-313] :Volume none state changing -1 (Initializing) -> 0 (No-Media)
D/Vold    ( 1635): [int VolumeManager::addVolumeDir(Volume*)-288] :addVolumeDir
E/DirectVolume( 1635): Vold managed volumes must have auto mount point; ignoring /mnt
D/Vold    ( 1635): [void Volume::setState(int)-313] :Volume none state changing -1 (Initializing) -> 0 (No-Media)
D/Vold    ( 1635): [int VolumeManager::addVolumeDir(Volume*)-288] :addVolumeDir
E/DirectVolume( 1635): Vold managed volumes must have auto mount point; ignoring /mnt
D/Vold    ( 1635): [void Volume::setState(int)-313] :Volume none state changing -1 (Initializing) -> 0 (No-Media)
D/Vold    ( 1635): [int VolumeManager::addVolumeDir(Volume*)-288] :addVolumeDir
E/DirectVolume( 1635): Vold managed volumes must have auto mount point; ignoring /mnt
D/Vold    ( 1635): [void Volume::setState(int)-313] :Volume none state changing -1 (Initializing) -> 0 (No-Media)
D/Vold    ( 1635): [int VolumeManager::addVolumeDir(Volume*)-288] :addVolumeDir
E/DirectVolume( 1635): Vold managed volumes must have auto mount point; ignoring /mnt
D/Vold    ( 1635): [void Volume::setState(int)-313] :Volume none state changing -1 (Initializing) -> 0 (No-Media)
D/Vold    ( 1635): [int VolumeManager::addVolumeDir(Volume*)-288] :addVolumeDir
E/DirectVolume( 1635): Vold managed volumes must have auto mount point; ignoring /mnt
D/Vold    ( 1635): [void Volume::setState(int)-313] :Volume none state changing -1 (Initializing) -> 0 (No-Media)
D/Vold    ( 1635): [int VolumeManager::addVolumeDir(Volume*)-288] :addVolumeDir
E/        ( 1654): [hdrconfig]write_hdrconfig : open file failed.
W/Vold    ( 1635): No volumes handled block event for '/devices/virtual/block/ram0'
W/Vold    ( 1635): No volumes handled block event for '/devices/virtual/block/ram1'
W/Vold    ( 1635): No volumes handled block event for '/devices/virtual/block/ram2'
W/Vold    ( 1635): No volumes handled block event for '/devices/virtual/block/ram3'
W/Vold    ( 1635): No volumes handled block event for '/devices/virtual/block/ram4'
W/Vold    ( 1635): No volumes handled block event for '/devices/virtual/block/ram5'
W/Vold    ( 1635): No volumes handled block event for '/devices/virtual/block/ram6'
W/Vold    ( 1635): No volumes handled block event for '/devices/virtual/block/ram7'
W/Vold    ( 1635): No volumes handled block event for '/devices/virtual/block/ram8'
W/Vold    ( 1635): No volumes handled block event for '/devices/virtual/block/ram9'
W/Vold    ( 1635): No volumes handled block event for '/devices/virtual/block/loop0'
W/Vold    ( 1635): No volumes handled block event for '/devices/virtual/block/loop1'
W/Vold    ( 1635): No volumes handled block event for '/devices/virtual/block/loop2'
W/Vold    ( 1635): No volumes handled block event for '/devices/virtual/block/loop3'
W/Vold    ( 1635): No volumes handled block event for '/devices/virtual/block/loop4'
W/Vold    ( 1635): No volumes handled block event for '/devices/virtual/block/loop5'
W/Vold    ( 1635): No volumes handled block event for '/devices/virtual/block/loop6'
W/Vold    ( 1635): No volumes handled block event for '/devices/virtual/block/loop7'
W/Vold    ( 1635): No volumes handled block event for '/devices/virtual/block/ram10'
W/Vold    ( 1635): No volumes handled block event for '/devices/virtual/block/ram11'
W/Vold    ( 1635): No volumes handled block event for '/devices/virtual/block/ram12'
W/Vold    ( 1635): No volumes handled block event for '/devices/virtual/block/ram13'
W/Vold    ( 1635): No volumes handled block event for '/devices/virtual/block/ram14'
W/Vold    ( 1635): No volumes handled block event for '/devices/virtual/block/ram15'
D/ir_user ( 1661): Creating infrared service thread...
D/ir_user ( 1661): Created infrared service!
W/Vold    ( 1635): No volumes handled block event for '/devices/virtual/block/zram0'
W/Vold    ( 1635): No volumes handled block event for '/devices/platform/soc/f9830000.himciv200.MMC/mmc_host/mmc0/mmc0:0001/block/mmcblk0/mmcblk0rpmb'
W/Vold    ( 1635): No volumes handled block event for '/devices/platform/soc/f9830000.himciv200.MMC/mmc_host/mmc0/mmc0:0001/block/mmcblk0/mmcblk0boot0'
W/Vold    ( 1635): No volumes handled block event for '/devices/platform/soc/f9830000.himciv200.MMC/mmc_host/mmc0/mmc0:0001/block/mmcblk0/mmcblk0boot1'
W/Vold    ( 1635): No volumes handled block event for '/devices/platform/soc/f9830000.himciv200.MMC/mmc_host/mmc0/mmc0:0001/block/mmcblk0'
W/Vold    ( 1635): No volumes handled block event for '/devices/platform/soc/f9830000.himciv200.MMC/mmc_host/mmc0/mmc0:0001/block/mmcblk0/mmcblk0p1'
W/Vold    ( 1635): No volumes handled block event for '/devices/platform/soc/f9830000.himciv200.MMC/mmc_host/mmc0/mmc0:0001/block/mmcblk0/mmcblk0p2'
W/Vold    ( 1635): No volumes handled block event for '/devices/platform/soc/f9830000.himciv200.MMC/mmc_host/mmc0/mmc0:0001/block/mmcblk0/mmcblk0p3'
W/Vold    ( 1635): No volumes handled block event for '/devices/platform/soc/f9830000.himciv200.MMC/mmc_host/mmc0/mmc0:0001/block/mmcblk0/mmcblk0p4'
W/Vold    ( 1635): No volumes handled block event for '/devices/platform/soc/f9830000.himciv200.MMC/mmc_host/mmc0/mmc0:0001/block/mmcblk0/mmcblk0p5'
W/Vold    ( 1635): No volumes handled block event for '/devices/platform/soc/f9830000.himciv200.MMC/mmc_host/mmc0/mmc0:0001/block/mmcblk0/mmcblk0p6'
W/Vold    ( 1635): No volumes handled block event for '/devices/platform/soc/f9830000.himciv200.MMC/mmc_host/mmc0/mmc0:0001/block/mmcblk0/mmcblk0p7'
W/Vold    ( 1635): No volumes handled block event for '/devices/platform/soc/f9830000.himciv200.MMC/mmc_host/mmc0/mmc0:0001/block/mmcblk0/mmcblk0p8'
W/Vold    ( 1635): No volumes handled block event for '/devices/platform/soc/f9830000.himciv200.MMC/mmc_host/mmc0/mmc0:0001/block/mmcblk0/mmcblk0p9'
W/Vold    ( 1635): No volumes handled block event for '/devices/platform/soc/f9830000.himciv200.MMC/mmc_host/mmc0/mmc0:0001/block/mmcblk0/mmcblk0rpmb'
W/Vold    ( 1635): No volumes handled block event for '/devices/platform/soc/f9830000.himciv200.MMC/mmc_host/mmc0/mmc0:0001/block/mmcblk0/mmcblk0boot0'
W/Vold    ( 1635): No volumes handled block event for '/devices/platform/soc/f9830000.himciv200.MMC/mmc_host/mmc0/mmc0:0001/block/mmcblk0/mmcblk0boot1'
W/Vold    ( 1635): No volumes handled block event for '/devices/platform/soc/f9830000.himciv200.MMC/mmc_host/mmc0/mmc0:0001/block/mmcblk0/mmcblk0p10'
W/Vold    ( 1635): No volumes handled block event for '/devices/platform/soc/f9830000.himciv200.MMC/mmc_host/mmc0/mmc0:0001/block/mmcblk0/mmcblk0p11'
W/Vold    ( 1635): No volumes handled block event for '/devices/platform/soc/f9830000.himciv200.MMC/mmc_host/mmc0/mmc0:0001/block/mmcblk0/mmcblk0p12'
W/Vold    ( 1635): No volumes handled block event for '/devices/platform/soc/f9830000.himciv200.MMC/mmc_host/mmc0/mmc0:0001/block/mmcblk0/mmcblk0p13'
W/Vold    ( 1635): No volumes handled block event for '/devices/platform/soc/f9830000.himciv200.MMC/mmc_host/mmc0/mmc0:0001/block/mmcblk0/mmcblk0p14'
W/Vold    ( 1635): No volumes handled block event for '/devices/platform/soc/f9830000.himciv200.MMC/mmc_host/mmc0/mmc0:0001/block/mmcblk0/mmcblk0p15'
W/Vold    ( 1635): No volumes handled block event for '/devices/platform/soc/f9830000.himciv200.MMC/mmc_host/mmc0/mmc0:0001/block/mmcblk0/mmcblk0p16'
W/Vold    ( 1635): No volumes handled block event for '/devices/platform/soc/f9830000.himciv200.MMC/mmc_host/mmc0/mmc0:0001/block/mmcblk0/mmcblk0p17'
W/Vold    ( 1635): No volumes handled block event for '/devices/platform/soc/f9830000.himciv200.MMC/mmc_host/mmc0/mmc0:0001/block/mmcblk0/mmcblk0p18'
E/VoldCmdListener( 1635): IsoMountCmd created!
E/VoldCmdListener( 1635): IsoMountCmd created!
E/VoldCmdListener( 1635): IsoMountCmd created!
E/VoldCmdListener( 1635): IsoMountCmd created!
E/VoldCmdListener( 1635): IsoMountCmd created!
E/VoldCmdListener( 1635): IsoMountCmd created!
E/VoldCmdListener( 1635): IsoMountCmd created!
D/        ( 1644): g_SetUrlCallback:0x479a10
D/        ( 1644): g_SetUsernamePasswdCallback:0x479cb4
D/        ( 1644): g_AddNewobjectCallback:0x479b2c
D/        ( 1644): g_SetNewobjectValueCallback:0x479b58
D/        ( 1644): g_SendNewobjectCallback:0x479a08
I/HiDisplaySetting( 1653): open_display enter
I/        ( 1644): OAMBinderService before
D/        ( 1644): ServiceManager addService ret=0
I/        ( 1644): OAMBinderService OK
D/ir_user ( 1661): StartInfraredService - InfraredService::start()...
D/InfraredService( 1661): start...
E/VoldCmdListener( 1635): IsoMountCmd created!
I/HiDisplaySetting( 1653): open_display_channel (569)
I/HiDisplaySetting( 1653): display init get baseparam format 8 clrsp 2 dpclr 0
I/HiDisplaySetting( 1653): ------>hd, hdmi_interface is 0
I/HiDisplaySetting( 1653): ------>sd, cvbs_dac_port is 0
I/HiDisplaySetting( 1653): hd, GetBaseParam VirtScreenWidth:1280
I/HI_ADP_HDMI( 1653): HDMI init enter HIADP_HDMI_Init(2995)
I/keystore( 1642): SELinux: Keystore SELinux is disabled.
E/        ( 1654): [hdrconfig]write_hdrconfig : open file failed.
I/HI_ADP_HDMI( 1653): Read HDCPKey data from DeviceInfo partition, use default offset > 0
I/HI_ADP_HDMI( 1653): device_name = deviceinfo
I/HI_ADP_HDMI( 1653): offset = 135168
I/HI_ADP_HDMI( 1653): data_len = 332
E/Invalid ( 1653): [ERROR-Invalid]:HI_Flash_OpenByName[902]:Invalid partition name: deviceinfo
E/HI_ADP_HDMI( 1653): HI_Flash_OpenByName failed, mtdname[deviceinfo]
E/HI_ADP_HDMI( 1653): getFlashDataByName  Failed !
E/HI_ADP_HDMI( 1653): loadHDCPKey from deviceinfo failed!
E/HI_ADP_HDMI( 1653): load hdcp14 key failed: -1 
I/HI_ADP_HDMI( 1653): Reg HDMI Event callback >HDMI_Event_Proc< for disp adp 3028
I/HI_ADP_HDMI( 1653): get_hdmi_suspend_enable: value is :0
E/HI_ADP_HDMI( 1653): set_hdmi_suspend_enable: iEnable is :0
E/        ( 1654): [hdrconfig]write_hdrconfig : open file failed.
E/HI_HDMI ( 1653): [ERROR-HI_HDMI]:HI_MPI_HDMI_ComUnRegCallbackFunc[1093]:CallbackFunc:No this Callbackfunc
I/HI_ADP_HDMI( 1653): unregist HDMI_Suspend_Callback ret =-1, for hdmi uplug susp 
W/HI_ADP_HDMI( 1653): hdmi suspend enable error -1
I/HI_ADP_HDMI( 1653): HDMI open  HIADP_HDMI_Init(3045)
I/HI_ADP_HDMI( 1653): HDMI Hotplug event enter HDMI_HotPlug_Proc(1997)
I/HI_ADP_HDMI( 1653): 
I/HI_ADP_HDMI( 1653):  --- Get HDMI event: HOTPLUG. --- 
I/HI_ADP_HDMI( 1653): is : hotplug 
I/HI_ADP_HDMI( 1653): isMutexStrategyEnabledForHdmiAndCvbs NO
I/HI_ADP_HDMI( 1653): HI_UNF_HDMI_GetStatus, stHdmiStatus.bConnected = 1
I/HI_ADP_HDMI( 1653): HDMI_HotPlug_Proc>..HI_UNF_HDMI_CECStatus ret=0 cecStatus.bEnable = 0
I/HI_ADP_HDMI( 1653): Hdmi init >cec has been enable
I/HI_ADP_HDMI( 1653): HDMI init exit HIADP_HDMI_Init(3114)
I/HI_ADP_HDMI( 1653): 
I/HI_ADP_HDMI( 1653): Get hdmiCap from UNF ret:0 success
I/HI_ADP_HDMI( 1653): 4k[67] = 0
I/HI_ADP_HDMI( 1653): 4k[68] = 0
I/HI_ADP_HDMI( 1653): 4k[72] = 0
I/HI_ADP_HDMI( 1653): 4k[73] = 0
I/HI_ADP_HDMI( 1653): 
I/HI_ADP_HDMI( 1653): Sink Native format is 7 
I/HI_ADP_HDMI( 1653): Set hdmi sink cap to disp drv 0
I/HI_ADP_HDMI( 1653): HDMI capability get success, display type :1 [TV]
I/HI_ADP_HDMI( 1653): one property can store 45 byte totally !
I/HI_ADP_HDMI( 1653): ReadEDID date ret:0  there are 256 bytes data .
I/HI_ADP_HDMI( 1653): Needed 6 property to store the edid data
I/HI_ADP_HDMI( 1653): edid change : NO.
I/HI_ADP_HDMI( 1653): persist.sys.optimalfmt.perfer=native
I/HI_ADP_HDMI( 1653): enNativeFormat native result is : 7 
I/HI_ADP_HDMI( 1653): Get current disp1 format from UNF is 8 , prefmt :8
I/HI_ADP_HDMI( 1653): display Type[1] is TV
I/HI_ADP_HDMI( 1653): 
I/HI_ADP_HDMI( 1653): --Hdmicap_get_adapt_format--begin
I/HI_ADP_HDMI( 1653): getOptimalFormat, enable = 0
I/HI_ADP_HDMI( 1653): get user set fmt error xxx , to base
I/HI_ADP_HDMI( 1653): is format:[8] support: YES . 
I/HI_ADP_HDMI( 1653): Optimal format is disable & support user format before set 8
I/HI_ADP_HDMI( 1653): --Hdmicap_get_adapt_format--end hpd_fmt: 8 
I/HI_ADP_HDMI( 1653): 
I/HI_ADP_HDMI( 1653): format adapt result [8] Not Change .
I/HiDisplaySetting( 1653): match_format_colorspace: format =8 
I/HiDisplaySetting( 1653): match_format_colorspace user set -1 
I/HI_ADP_HDMI( 1653): getOptimalFormat, enable = 0
I/HiDisplaySetting( 1653): commerical format is 8 --> adapt to YCbCr444 8Bit
I/HiDisplaySetting( 1653): match_format_colorspace  0 result:colorspace = 2   deepcolor = 0 
I/HI_ADP_HDMI( 1653): match result: 0 clr 2 dep 0 !
I/HI_ADP_HDMI( 1653): Hdmi attr Change : NO .
I/HI_ADP_HDMI( 1653): FORMAT 0  ATTR 0
I/HI_ADP_HDMI( 1653): Both format and hdmi attr not change at all !
I/HI_ADP_HDMI( 1653): isHdmiHDCPenable >>> 
I/HI_ADP_HDMI( 1653): device_name = deviceinfo offset =132096  data_len = 11
E/Invalid ( 1653): [ERROR-Invalid]:HI_Flash_OpenByName[902]:Invalid partition name: deviceinfo
E/HI_ADP_HDMI( 1653): HI_Flash_OpenByName failed, mtdname[deviceinfo]
E/HI_ADP_HDMI( 1653): get flash enable data failure!
E/HI_ADP_HDMI( 1653): user enable data invalid : -1 
W/HI_ADP_HDMI( 1653): User not enable HDCP MODE 0: or hdcp not support
I/SurfaceFlinger( 1636): SurfaceFlinger is starting
W/linker  ( 1640): libsme_init.so: unused DT entry: type 0x6ffffffe arg 0xcd0
W/linker  ( 1640): libsme_init.so: unused DT entry: type 0x6fffffff arg 0x1
I/SurfaceFlinger( 1636): SurfaceFlinger's main thread ready to run. Initializing graphics H/W...
W/linker  ( 1640): libsme_osal.so: unused DT entry: type 0x6ffffffe arg 0x1450
W/linker  ( 1640): libsme_osal.so: unused DT entry: type 0x6fffffff arg 0x1
D/libEGL  ( 1636): loaded /system/lib/egl/libGLES_mali.so
E/        ( 1654): [hdrconfig]write_hdrconfig : open file failed.
W/linker  ( 1640): libsme_gst_common.so: unused DT entry: type 0x6ffffffe arg 0x1650
W/linker  ( 1640): libsme_gst_common.so: unused DT entry: type 0x6fffffff arg 0x1
W/linker  ( 1640): libsme_subtitle_meta.so: unused DT entry: type 0x6ffffffe arg 0x4f0
W/linker  ( 1640): libsme_subtitle_meta.so: unused DT entry: type 0x6fffffff arg 0x1
W/linker  ( 1640): libgstreamer-1.0.so: unused DT entry: type 0x6ffffffe arg 0x1a9f8
W/linker  ( 1640): libgstreamer-1.0.so: unused DT entry: type 0x6fffffff arg 0x3
W/linker  ( 1640): libglib-2.0.so.0: unused DT entry: type 0xf arg 0x9445
W/linker  ( 1640): Unsupported flags DT_FLAGS_1=0x9
W/linker  ( 1640): libglib-2.0.so.0: unused DT entry: type 0x6ffffffe arg 0x14fcc
W/linker  ( 1640): libglib-2.0.so.0: unused DT entry: type 0x6fffffff arg 0x1
W/linker  ( 1640): libgobject-2.0.so.0: unused DT entry: type 0xf arg 0x380c
W/linker  ( 1640): Unsupported flags DT_FLAGS_1=0x9
W/linker  ( 1640): libgobject-2.0.so.0: unused DT entry: type 0x6ffffffe arg 0x7dc8
W/linker  ( 1640): libgobject-2.0.so.0: unused DT entry: type 0x6fffffff arg 0x1
W/linker  ( 1640): libgmodule-2.0.so.0: unused DT entry: type 0xf arg 0x2b7
W/linker  ( 1640): Unsupported flags DT_FLAGS_1=0x9
W/linker  ( 1640): libgmodule-2.0.so.0: unused DT entry: type 0x6ffffffe arg 0x924
W/linker  ( 1640): libgmodule-2.0.so.0: unused DT entry: type 0x6fffffff arg 0x2
W/linker  ( 1640): libgio-2.0.so.0: unused DT entry: type 0xf arg 0x13db1
W/linker  ( 1640): Unsupported flags DT_FLAGS_1=0x9
W/linker  ( 1640): libgio-2.0.so.0: unused DT entry: type 0x6ffffffe arg 0x26e28
W/linker  ( 1640): libgio-2.0.so.0: unused DT entry: type 0x6fffffff arg 0x1
W/linker  ( 1640): libgstapp-1.0.so: unused DT entry: type 0x6ffffffe arg 0x1ef0
W/linker  ( 1640): libgstapp-1.0.so: unused DT entry: type 0x6fffffff arg 0x1
W/linker  ( 1640): libgstaudio-1.0.so: unused DT entry: type 0x6ffffffe arg 0x78b4
W/linker  ( 1640): libgstaudio-1.0.so: unused DT entry: type 0x6fffffff arg 0x2
W/linker  ( 1640): libgstpbutils-1.0.so: unused DT entry: type 0x6ffffffe arg 0x7528
W/linker  ( 1640): libgstpbutils-1.0.so: unused DT entry: type 0x6fffffff arg 0x1
W/linker  ( 1640): libgstbase-1.0.so: unused DT entry: type 0x6ffffffe arg 0x8e40
W/linker  ( 1640): libgstbase-1.0.so: unused DT entry: type 0x6fffffff arg 0x1
W/linker  ( 1640): libsme_ffmpeg.so: unused DT entry: type 0x6ffffffe arg 0x29acc
W/linker  ( 1640): libsme_ffmpeg.so: unused DT entry: type 0x6fffffff arg 0x2
W/linker  ( 1640): libffi.so.6: unused DT entry: type 0x6ffffffe arg 0x1314
W/linker  ( 1640): libffi.so.6: unused DT entry: type 0x6fffffff arg 0x1
W/linker  ( 1640): libintl.so: unused DT entry: type 0x6ffffffe arg 0x1874
W/linker  ( 1640): libintl.so: unused DT entry: type 0x6fffffff arg 0x1
W/linker  ( 1640): libiconv.so: unused DT entry: type 0x6ffffffe arg 0x734
W/linker  ( 1640): libiconv.so: unused DT entry: type 0x6fffffff arg 0x1
W/linker  ( 1640): libgsttag-1.0.so: unused DT entry: type 0x6ffffffe arg 0x49c8
W/linker  ( 1640): libgsttag-1.0.so: unused DT entry: type 0x6fffffff arg 0x2
W/linker  ( 1640): libgstvideo-1.0.so: unused DT entry: type 0x6ffffffe arg 0x8c88
W/linker  ( 1640): libgstvideo-1.0.so: unused DT entry: type 0x6fffffff arg 0x2
V/DrmUnitendPlugIn( 1639): DrmUnitendPlugIn::onGetSupportInfo : 0
E/        ( 1654): [hdrconfig]update_hdrconfig : init default.
I/        ( 1654): set enHdrProcessScene = 0.
I/        ( 1654): call pq_sethdroffset success, 0
E/        ( 1654): [hdrconfig]write_hdrconfig : open file failed.
I/AOService( 1650): HDMI observer thread create success
I/AOService( 1650): aoservice thead_loop start
I/[Gralloc]( 1636): using (fd=12)
I/[Gralloc]( 1636): id           = hifb
I/[Gralloc]( 1636): xres         = 1280 px
I/[Gralloc]( 1636): yres         = 720 px
I/[Gralloc]( 1636): xres_virtual = 1280 px
I/[Gralloc]( 1636): yres_virtual = 2160 px
I/[Gralloc]( 1636): bpp          = 32
I/[Gralloc]( 1636): r            = 16:8
I/[Gralloc]( 1636): g            =  8:8
I/[Gralloc]( 1636): b            =  0:8
I/[Gralloc]( 1636): width        = 203 mm (38.000000 dpi)
I/[Gralloc]( 1636): height       = 114 mm (38.000000 dpi)
I/[Gralloc]( 1636): refresh rate = 60.00 Hz
I/AOService( 1650): hdmi_observer  add@/devices/platform/soc/f98a0000.xhci/usb3
I/AOService( 1650): hdmi_observer  add@/devices/platform/soc/f98a0000.xhci/usb3/3-0:1.0
I/AOService( 1650): hdmi_observer  add@/devices/platform/soc/f98a0000.xhci/usb4
I/AOService( 1650): hdmi_observer  add@/devices/platform/soc/f98a0000.xhci/usb4/4-0:1.0
I/AOService( 1650): hdmi_observer  add@/bus/platform/drivers/xhci-hcd
E/        ( 1654): [hdrconfig]write_hdrconfig : open file failed.
I/HISI_HWC( 1636): [hwc_device_open:298] enable gfx2d_compose 
I/HISI_HWC( 1636): [hwc_device_open:307] enable gfx2d_compress 
I/hwc     ( 1636): HISI_HWC DISPLAY_PRIMARY: fbHeight = 720
E/        ( 1654): [hdrconfig]write_hdrconfig : open file failed.
I/AOService( 1650): hdmi_observer  add@/module/tntfs
I/AOService( 1650): hdmi_observer  add@/kernel/slab/:t-0000584
I/AOService( 1650): hdmi_observer  add@/kernel/slab/:t-0000592
I/androidx( 1648): [iOpenAndroidxLib,119] g_fun_AndroidxSetMute=0xb63617bd
I/androidx( 1648): [iOpenAndroidxLib,120] g_fun_AndroidxGetMute=0xb63618e5
I/androidx( 1648): [iOpenAndroidxLib,121] g_fun_AndroidxSetScreenBounds=0xb636207d
I/androidx( 1648): [iOpenAndroidxLib,122] g_fun_AndroidxGetScreenBounds=0xb6362141
I/androidx( 1648): [iOpenAndroidxLib,123] g_fun_AndroidxSetResolution=0xb6362291
I/androidx( 1648): [iOpenAndroidxLib,124] g_fun_AndroidxGetResolution=0xb6362555
I/androidx( 1648): [iOpenAndroidxLib,125] g_fun_AndroidxGet=0xb6363c09
I/androidx( 1648): [iOpenAndroidxLib,126] g_fun_AndroidxSet=0xb6363d2d
I/androidx( 1648): [iOpenAndroidxLib,127] g_fun_AndroidxRelease=0xb6362919
I/androidx( 1648): [iOpenAndroidxLib,128] g_fun_AndroidxGetSupportResolutions=0xb6362789
I/androidx( 1648): [iOpenAndroidxLib,129] g_fun_AndroidxInstallPackage=0xb6363dbd
I/androidx( 1648): [iOpenAndroidxLib,130] g_fun_AndroidxRebootWipeUserData=0xb6363e85
I/androidx( 1648): [iOpenAndroidxLib,131] g_fun_AndroidxSYSSetStandbyAttribute=0xb6363f2d
I/androidx( 1648): [iOpenAndroidxLib,132] g_fun_AndroidxSYSStandby=0xb6364059
I/androidx( 1648): [iOpenAndroidxLib,133] g_fun_AndroidxSYSSetWakeupParams=0xb6363f8d
I/androidx( 1648): [iOpenAndroidxLib,136] pcAndroidxLib exit
W/androidx( 1648): androidxGet key = sn
E/Androidx( 1648): [readDataFromFS][491] open file(/stbinfo/sn.bin) failed:No such file or directory
E/Androidx( 1648): [getSN][1173] read sn.bin failed
I/AOService( 1650): hdmi_observer  add@/kernel/slab/:at-0000264
I/AOService( 1650): hdmi_observer  add@/kernel/slab/tntfs_big_inode_cache
I/SurfaceFlinger( 1636): Using composer version 1.1
I/SurfaceFlinger( 1636): EGL information:
I/SurfaceFlinger( 1636): vendor    : Android
I/SurfaceFlinger( 1636): version   : 1.4 Android META-EGL
I/SurfaceFlinger( 1636): extensions: EGL_KHR_get_all_proc_addresses EGL_ANDROID_presentation_time EGL_KHR_image EGL_KHR_image_base EGL_KHR_image_pixmap EGL_KHR_gl_texture_2D_image EGL_KHR_gl_texture_cubemap_image EGL_KHR_gl_renderbuffer_image EGL_KHR_fence_sync EGL_KHR_create_context EGL_EXT_create_context_robustness EGL_ANDROID_image_native_buffer EGL_ANDROID_recordable 
I/SurfaceFlinger( 1636): Client API: OpenGL_ES
I/SurfaceFlinger( 1636): EGLSurface: 8-8-8-8, config=0x60000016
I/SurfaceFlinger( 1636): OpenGL ES informations:
I/SurfaceFlinger( 1636): vendor    : ARM
I/SurfaceFlinger( 1636): renderer  : Mali-450 MP
I/SurfaceFlinger( 1636): version   : OpenGL ES 2.0
I/SurfaceFlinger( 1636): extensions: GL_EXT_debug_marker GL_OES_texture_npot GL_OES_vertex_array_object GL_OES_compressed_ETC1_RGB8_texture GL_EXT_compressed_ETC1_RGB8_sub_texture GL_OES_standard_derivatives GL_OES_EGL_image GL_OES_depth24 GL_ARM_rgba8 GL_ARM_mali_shader_binary GL_OES_depth_texture GL_OES_packed_depth_stencil GL_EXT_texture_format_BGRA8888 GL_OES_vertex_half_float GL_EXT_blend_minmax GL_OES_EGL_image_external GL_OES_EGL_sync GL_OES_rgb8_rgba8 GL_EXT_multisampled_render_to_texture GL_EXT_discard_framebuffer GL_OES_get_program_binary GL_ARM_mali_program_binary GL_EXT_shader_texture_lod GL_EXT_robustness GL_OES_depth_texture_cube_map GL_KHR_debug GL_ARM_shader_framebuffer_fetch GL_ARM_shader_framebuffer_fetch_depth_stencil GL_OES_mapbuffer GL_KHR_no_error
I/SurfaceFlinger( 1636): GL_MAX_TEXTURE_SIZE = 4096
I/SurfaceFlinger( 1636): GL_MAX_VIEWPORT_DIMS = 4096
E/cutils-trace( 1636): Error opening trace file: Permission denied (13)
I/SurfaceFlinger( 1636): DISPLAY_PRIMARY: fbHeight = 720
E/        ( 1654): [hdrconfig]update_hdrconfig : init default.
I/        ( 1654): set enHdrProcessScene = 8.
I/        ( 1654): call pq_sethdroffset success, 0
I/        ( 1654): call pq_sethdroffset success, 0
I/AOService( 1650): hdmi_observer  add@/module/libahci
E/androidx( 1648): [instantiate,176] will set SN to property sys.devices.sn !!! ret = 0
W/androidx( 1648): androidxGet key = hardware.version
I/AOService( 1650): hdmi_observer  add@/module/libahci_platform
I/[Gralloc]( 1636): framebuffer accessed with dma buf (fd 0x13)
D/MMCP    ( 1648): [31m[1m<BootLoader> [ERROR] Read sysconfig  
D/MMCP    ( 1648): [0m
D/MMCP    ( 1648): [31m[1m<BootLoader> [ERROR] Read sysconfig  
D/MMCP    ( 1648): [0m
D/MMCP    ( 1648): <bl> 
D/MMCP    ( 1648): [bug:]CSUDIFlashGetInfo,file:csbl_flash.c,line:75,fun:CSBLFlashInit
D/MMCP    ( 1648): [31m[1m<bl> [ERROR] [Storage]Read faild at 0x200000 on flash for len 0xf0 [ret = 0xffffffff]
D/MMCP    ( 1648): [0m
D/Androidx( 1648): getVersion() value is : 36819025 
I/AOService( 1650): hdmi_observer  add@/module/ahci_platform
I/AOService( 1650): hdmi_observer  add@/bus/platform/drivers/ahci
E/androidx( 1648): [instantiate,178] will set hardware.version to property sys.devices.hwv !!! ret = 0
W/androidx( 1648): androidxGet key = software.version
D/MMCP    ( 1648): [31m[1m<BootLoader> [ERROR] Read sysconfig  
D/MMCP    ( 1648): [0m
D/MMCP    ( 1648): [31m[1m<BootLoader> [ERROR] Read sysconfig  
D/MMCP    ( 1648): [0m
D/MMCP    ( 1648): [31m[1m<bl> [ERROR] [Storage]Read faild at 0x200000 on flash for len 0xf0 [ret = 0xffffffff]
D/MMCP    ( 1648): [0m
D/Androidx( 1648): getVersion() value is : 36810003 
D/SurfaceFlinger( 1636): Set power mode=2, type=0 flinger=0xb6082000
E/androidx( 1648): [instantiate,180] will set software.version to property sys.devices.swv !!! ret = 0
D/AndroidRuntime( 1659): >>>>>> START com.android.internal.os.ZygoteInit uid 0 <<<<<<
D/DTV_Init( 1643): [DTVInit, 71]close debug begin...
D/DTV_Init( 1643): [DTVInit, 131]close debug enter^^^
W/udi2_toolset( 1643): CSUDISYSSetCfg  ------------------------IN
W/udi2_toolset( 1643): CSUDISYSSetCfg  ------------------------OUT
W/udi2_toolset( 1643): CSUDISYSSetCfg  ------------------------IN
W/udi2_toolset( 1643): CSUDISYSSetCfg  ------------------------OUT
I/libteec ( 1647): [novel colin] /system/bin/DCASServer version: SXYX.2017-7-14-1625
I/libteec ( 1647): [novel colin] DCASServer starts to work
I/hwc     ( 1636): HISI_HWC gpu compose for layer=0
I/libteec ( 1647): [novel colin] DCASModuleManagerServer binder starts to work
I/libteec ( 1647): [novel colin] Native binder server starts to work
I/libteec ( 1647): [novel colin] DCASUtilsManagerServer binder starts to work
I/libteec ( 1647): [novel colin] DCASUtilsManagerService binder starts to work
I/Novel-Supertv(CAT-server)( 1647): [1;32m
I/Novel-Supertv(CAT-server)( 1647): 
I/Novel-Supertv(CAT-server)( 1647): 
I/Novel-Supertv(CAT-server)( 1647): CatTimerFun......cat
I/Novel-Supertv(CAT-server)( 1647): [0m
I/Novel-Supertv(CAT-server)( 1647): [1;32m
I/Novel-Supertv(CAT-server)( 1647): cat...CatTimerFun, 1309, handle: 0x0, tableid:0x1
I/Novel-Supertv(CAT-server)( 1647): [0m
I/Novel-Supertv(CAT-server)( 1647): [1;37m
I/Novel-Supertv(CAT-server)( 1647): StartFilter  not support  1172
I/Novel-Supertv(CAT-server)( 1647): [0m
I/Novel-Supertv(CAT-server)( 1647): [1;32m
I/Novel-Supertv(CAT-server)( 1647): cat...CatTimerFun, StartFilter failt return ret(-1)
I/Novel-Supertv(CAT-server)( 1647): [0m
I/HiDisplaySetting( 1653): baseparam_save (359)
I/HI_ADP_HDMI( 1653): hpd hdmi edid not changed hdr set to before -1
I/HiDisplaySetting( 1653): set_HDRType (2675) -1
I/HiDisplaySetting( 1653): Is hdr enforce mode: NO .
I/HiDisplaySetting( 1653): DolbySupport 0  dolbyversion : 0 
I/HiDisplaySetting( 1653): hdrtype to set  = -1  current format = 8
I/HiDisplaySetting( 1653): current TvHdrMode is : -1 The Setting hdrtype is -1
W/HiDisplaySetting( 1653): others kind hdr type -1
I/HiDisplaySetting( 1653): get_HDRType (2591)
D/HiDisplaySetting( 1653): get ro.product.target dvb
I/HiDisplaySetting( 1653): HI_UNF_DISP_GetHDRType ret =0 current unf type =0!
I/HiDisplaySetting( 1653): get_HDRType return type =0
I/HiDisplaySetting( 1653): get_HDRType ret =0 current hdrtype =0!
I/udi2_demux( 1643): dmx init ok!
I/HiDisplaySetting( 1653): hdr set to -1.
I/HiDisplaySetting( 1653): hdrtype set to unf 2.
I/HiDisplaySetting( 1653): Current vdp OutputColorSpace : 0
I/HiDisplaySetting( 1653): Set vdp OutputColorSpace : 0 ret 0
E/HI_HDMI ( 1653): [ERROR-HI_HDMI]:HI_MPI_HDMI_ComSetCECCommand[1164]:Cec is not enable
I/HI_ADP_HDMI( 1653): send cec cmd to tv for checking tv power status > HI_UNF_HDMI_SetCECCommand ret =-1
D/AndroidRuntime( 1659): CheckJNI is OFF
D/SurfaceFlinger( 1636): shader cache generated - 24 shaders in 36.211208 ms
E/SurfaceFlinger( 1636): HISI_HWC SurfaceFlinger refresh
I/hwc     ( 1636): HISI_HWC hisi_fb_fresh pFbHandle is null param
I/HI_ADP_HDMI( 1653): hpd:dvb
I/HI_ADP_HDMI( 1653): HDMI Hotplug event done HDMI_HotPlug_Proc(2078)
I/HI_ADP_HDMI( 1653): 
I/HI_ADP_HDMI( 1653): 
I/art     ( 1659): option[0]=-Xzygote
I/art     ( 1659): option[1]=-Xstacktracefile:/data/anr/traces.txt
I/art     ( 1659): option[2]=exit
I/art     ( 1659): option[3]=vfprintf
I/art     ( 1659): option[4]=sensitiveThread
I/art     ( 1659): option[5]=-verbose:gc
I/art     ( 1659): option[6]=-Xms5m
I/art     ( 1659): option[7]=-Xmx256m
I/art     ( 1659): option[8]=-XX:mainThreadStackSize=24K
I/art     ( 1659): option[9]=-XX:HeapGrowthLimit=96m
I/art     ( 1659): option[10]=-XX:HeapMinFree=512k
I/art     ( 1659): option[11]=-XX:HeapMaxFree=2m
I/art     ( 1659): option[12]=-XX:HeapTargetUtilization=0.75
I/art     ( 1659): option[13]=-agentlib:jdwp=transport=dt_android_adb,suspend=n,server=y
I/art     ( 1659): option[14]=-Ximage-compiler-option
I/art     ( 1659): option[15]=--runtime-arg
I/art     ( 1659): option[16]=-Ximage-compiler-option
I/art     ( 1659): option[17]=-Xms64m
I/art     ( 1659): option[18]=-Ximage-compiler-option
I/art     ( 1659): option[19]=--runtime-arg
I/art     ( 1659): option[20]=-Ximage-compiler-option
I/art     ( 1659): option[21]=-Xmx64m
I/art     ( 1659): option[22]=-Ximage-compiler-option
I/art     ( 1659): option[23]=--compiler-filter=everything
I/art     ( 1659): option[24]=-Ximage-compiler-option
I/art     ( 1659): option[25]=--image-classes=/system/etc/preloaded-classes
I/art     ( 1659): option[26]=-Xcompiler-option
I/art     ( 1659): option[27]=--runtime-arg
I/art     ( 1659): option[28]=-Xcompiler-option
I/art     ( 1659): option[29]=-Xms64m
I/art     ( 1659): option[30]=-Xcompiler-option
I/art     ( 1659): option[31]=--runtime-arg
I/art     ( 1659): option[32]=-Xcompiler-option
I/art     ( 1659): option[33]=-Xmx512m
I/art     ( 1659): option[34]=-Xcompiler-option
I/art     ( 1659): option[35]=--compiler-filter=everything
I/art     ( 1659): option[36]=-Duser.language=zh
I/art     ( 1659): option[37]=-Duser.region=CN
D/AOService( 1650): HiAoService::HiAoService()
D/AOService( 1650): load Hdmi port setting 1
D/AOService( 1650): load Spdif port setting 3
D/AOService( 1650): load Blueray(hbr2lbr) setting 0
I/AOService( 1650): setAudioPortMode port1,mode 1
I/AOService( 1650): Set hdmi port AUTO Success !
I/udi2_audio( 1643): [iVolumeCtlInit][92] ---read persist.app.volume.ctl  aucValue =  
I/AOService( 1650): when hdmi auto device Edid chn(2), Set player blueray route -> ac3 !
I/udi2_audio( 1643): [iVolumeCtlInit][112] s_bUseAndroidVolumeCtl = CSUDI_TRUE 
I/udi2_audio( 1643): 
I/udi2_audio( 1643):  audio init success
D/MMCP    ( 1643): <CSDebug> Assertion: "!g_bGPIOInited" failed, in file ./cs_gpio/cs_gpio_0A0.c, line 66
D/MMCP    ( 1643): <CSDebug> Assertion: "bRet == CSHDI_SUCCESS" failed, in file ./udi2_toolset/udi2_toolset.c, line 1269
W/udi2_toolset( 1643): CSUDISYSSetCfg  ------------------------IN
I/udi2_demux( 1643): UDI_DemuxSetTunerMap uTunerIndex =0 uPortIndex=33 IN
I/udi2_demux( 1643): s_uTunerMapPort[0] = 33  OUT
W/udi2_toolset( 1643): CSUDISYSSetCfg  ------------------------OUT
W/udi2_toolset( 1643): CSUDISYSSetCfg  ------------------------IN
W/udi2_toolset( 1643): [CSUDISYSSetCfg] BOARD_NUMBER = YMB.A461.A  length: 10
W/udi2_toolset( 1643): CSUDISYSSetCfg  ------------------------OUT
W/udi2_toolset( 1643): CSUDISYSSetCfg  ------------------------IN
W/udi2_toolset( 1643): eCfgType = 0 is not support
W/udi2_toolset( 1643): CSUDISYSSetCfg  ------------------------OUT
I/AOService( 1650): Set hdmi setting Preperty AUTO !
I/AOService( 1650): setAudioPortMode port2,mode 3
I/AOService( 1650): Set spdif port RAW Success !
E/AOService( 1650): setBluerayMode 0
I/AOService( 1650): getAudioPortMode 1
W/cs_qam  ( 1643): [Hisi3716CV200_Init]eI2CIndex:0 u32tunerId:0
W/cs_qam  ( 1643): [Hisi3716CV200_GetAttr]eI2CIndex:0 u32tunerId:0
I/AOService( 1650): when hdmi auto & Blueray auto, set hdmi port auto
I/AOService( 1650): when hdmi & Blueray auto edid chn(2), Set player blueray route -> ac3
I/AOService( 1650): setAudEdidCap when hdmi audio, chn(2), Set player blueray route -> ac3
D/libEGL  ( 1859): loaded /system/lib/egl/libGLES_mali.so
I/hwc     ( 1636): HISI_HWC gpu compose for layer=0
E/SurfaceFlinger( 1636): HISI_HWC SurfaceFlinger refresh
I/hwc     ( 1636): HISI_HWC hisi_fb_fresh pFbHandle is null param
E/BootAnimation( 1859): couldn't find audio_conf.txt
I/mediaserver( 1640): ServiceManager: 0xb3070140
I/AudioFlinger( 1640): Using default 3000 mSec as standby time.
V/MediaPlayerService( 1640): MediaPlayerService created
I/ServiceManager( 1640): Waiting for service batterystats...
I/udi2_tuner( 1643): CSUDIDEMUXConnectTuner call tunerid=0 demuxindex=0----- 
D/MMCP    ( 1643): [31m[1m<dtv.wm> [ERROR] CSWMInit
D/MMCP    ( 1643): [0m
I/udi2_demux( 1643): CSUDIDEMUXGetCount---------------------------------------------------->IN
I/udi2_demux( 1643): CSUDIDEMUXGetCount---------------------------------------------------->OUT
I/udi2_demux( 1643): [CSUDIDEMUXGetCapability]----nDemuxIndex=0, psCapabilityInfo=0xbee09530
I/udi2_demux( 1643): [CSUDIDEMUXGetCapability]----nDemuxIndex=0, psCapabilityInfo=0xbee09530
I/udi2_demux( 1643): [CSUDIDEMUXGetCapability]----nDemuxIndex=0, psCapabilityInfo=0xbee09508
I/udi2_demux( 1643): CSUDIDEMUXGetCount---------------------------------------------------->IN
I/udi2_demux( 1643): CSUDIDEMUXGetCount---------------------------------------------------->OUT
I/udi2_demux( 1643): [CSUDIDEMUXGetCapability]----nDemuxIndex=0, psCapabilityInfo=0xbee09580
D/MMCP    ( 1643): [31m[1m<DM_PLUGIN> [ERROR] [iCSCreateDMContainerByFileSysMethod, 398] CreateFileSysContainer: 0xb4183028
D/MMCP    ( 1643): [0m
D/MMCP    ( 1643): <dtv.dm> new tpc s_nTransponderCount = 1
D/MMCP    ( 1643): [31m[1m<dtv.dm> [ERROR] pCSDualNode(0xb4185480) [AddTail,178]
D/MMCP    ( 1643): [0m
D/MMCP    ( 1643): [31m[1m<dtv.dm> [ERROR] pCSDualNode(0xb4185480)this->m_nCount(1) [AddTail,194]
D/MMCP    ( 1643): [0m
D/MMCP    ( 1643): [31m[1m<dtv.dm> [ERROR] pCSDualNode(0xb4185514) [AddTail,178]
D/MMCP    ( 1643): [0m
D/MMCP    ( 1643): [31m[1m<dtv.dm> [ERROR] pCSDualNode(0xb4185514)this->m_nCount(1) [AddTail,194]
D/MMCP    ( 1643): [0m
D/MMCP    ( 1643): [31m[1m<dtv.dm> [ERROR] pCSDualNode(0xb4185928) [AddTail,178]
D/MMCP    ( 1643): [0m
D/MMCP    ( 1643): [31m[1m<dtv.dm> [ERROR] pCSDualNode(0xb4185928)this->m_nCount(1) [AddTail,194]
D/MMCP    ( 1643): [0m
D/MMCP    ( 1643): <dtv.dm> new service s_nServiceCount = 1
D/MMCP    ( 1643): [31m[1m<dtv.dm> [ERROR] pCSDualNode(0xb4185d3c) [AddTail,178]
D/MMCP    ( 1643): [0m
D/MMCP    ( 1643): [31m[1m<dtv.dm> [ERROR] pCSDualNode(0xb4185d3c)this->m_nCount(1) [AddTail,194]
D/MMCP    ( 1643): [0m
D/MMCP    ( 1643): <dtv.dm> new service s_nServiceCount = 2
D/MMCP    ( 1643): [31m[1m<dtv.dm> [ERROR] pCSDualNode(0xb4185e10) [AddTail,178]
D/MMCP    ( 1643): [0m
D/MMCP    ( 1643): [31m[1m<dtv.dm> [ERROR] m_pHeadCSDualNode(0xb4185d3c)this->m_nCount(2) [AddTail,185]
D/MMCP    ( 1643): [0m
D/MMCP    ( 1643): <dtv.dm> new service s_nServiceCount = 3
D/MMCP    ( 1643): [31m[1m<dtv.dm> [ERROR] pCSDualNode(0xb4185ee4) [AddTail,178]
D/MMCP    ( 1643): [0m
D/MMCP    ( 1643): [31m[1m<dtv.dm> [ERROR] m_pHeadCSDualNode(0xb4185e10)this->m_nCount(3) [AddTail,185]
D/MMCP    ( 1643): [0m
D/MMCP    ( 1643): <dtv.dm> new service s_nServiceCount = 4
D/MMCP    ( 1643): [31m[1m<dtv.dm> [ERROR] pCSDualNode(0xb4185fb8) [AddTail,178]
D/MMCP    ( 1643): [0m
D/MMCP    ( 1643): [31m[1m<dtv.dm> [ERROR] m_pHeadCSDualNode(0xb4185ee4)this->m_nCount(4) [AddTail,185]
D/MMCP    ( 1643): [0m
D/MMCP    ( 1643): <dtv.dm> new service s_nServiceCount = 5
D/MMCP    ( 1643): [31m[1m<dtv.dm> [ERROR] pCSDualNode(0xb418608c) [AddTail,178]
D/MMCP    ( 1643): [0m
D/MMCP    ( 1643): [31m[1m<dtv.dm> [ERROR] m_pHeadCSDualNode(0xb4185fb8)this->m_nCount(5) [AddTail,185]
D/MMCP    ( 1643): [0m
D/MMCP    ( 1643): <dtv.dm> new service s_nServiceCount = 6
D/MMCP    ( 1643): [31m[1m<dtv.dm> [ERROR] pCSDualNode(0xb4186160) [AddTail,178]
D/MMCP    ( 1643): [0m
D/MMCP    ( 1643): [31m[1m<dtv.dm> [ERROR] m_pHeadCSDualNode(0xb418608c)this->m_nCount(6) [AddTail,185]
D/MMCP    ( 1643): [0m
D/MMCP    ( 1643): <dtv.dm> new service s_nServiceCount = 7
D/MMCP    ( 1643): [31m[1m<dtv.dm> [ERROR] pCSDualNode(0xb4186234) [AddTail,178]
D/MMCP    ( 1643): [0m
D/MMCP    ( 1643): [31m[1m<dtv.dm> [ERROR] m_pHeadCSDualNode(0xb4186160)this->m_nCount(7) [AddTail,185]
D/MMCP    ( 1643): [0m
D/MMCP    ( 1643): <dtv.dm> new service s_nServiceCount = 8
D/MMCP    ( 1643): [31m[1m<dtv.dm> [ERROR] pCSDualNode(0xb4186308) [AddTail,178]
D/MMCP    ( 1643): [0m
D/MMCP    ( 1643): [31m[1m<dtv.dm> [ERROR] m_pHeadCSDualNode(0xb4186234)this->m_nCount(8) [AddTail,185]
D/MMCP    ( 1643): [0m
D/MMCP    ( 1643): <CSDebug> Assertion: "pbMemoryAddress != NULL" failed, in file ../../../wulijiao/tvosbak/COSHIP_TVOS/component/CSDTV/service/dtv/MemoryPool/Src/MemoryPoolInterface.c, line 38
D/MMCP    ( 1643): <CSDebug> Assertion: "nMemoryBufferLength >= MINMEMORYPOOLLENGTH" failed, in file ../../../wulijiao/tvosbak/COSHIP_TVOS/component/CSDTV/service/dtv/MemoryPool/Src/MemoryPoolInterface.c, line 40
D/MMCP    ( 1643): <CSDebug> Assertion: "hEPGTypePool != 0" failed, in file ../../../wulijiao/tvosbak/COSHIP_TVOS/component/CSDTV/service/CSDTVAdapter/csshell_epg.c, line 407
D/MMCP    ( 1643): [31m[1m<dtv.section> [ERROR] [GetInuseSectionWorker]:'357
D/MMCP    ( 1643): [0m
D/MMCP    ( 1643): [31m[1m<dtv.section> [ERROR] [GetFastSectionDispatcher]:'363
D/MMCP    ( 1643): [0m
I/udi2_filter( 1643): CSUDIFILTERAllocate------------------------------>IN
I/udi2_filter( 1643): [CSUDIFILTERAllocate]  demuxID = 0  pid = 0x12  crc = -1275054591 
I/udi2_filter( 1643): Alloc Filter:[0]
I/udi2_filter( 1643): alloc coship match,mask,negate:0x4e,0xff,0x0
I/udi2_filter( 1643): alloc coship match,mask,negate:0x0,0x0,0x0
I/udi2_filter( 1643): alloc coship match,mask,negate:0x0,0x0,0x0
I/udi2_filter( 1643): alloc coship match,mask,negate:0x0,0x0,0x0
I/udi2_filter( 1643): alloc coship match,mask,negate:0x0,0x0,0x0
I/udi2_filter( 1643): alloc coship match,mask,negate:0x0,0x0,0x0
I/udi2_filter( 1643): alloc coship match,mask,negate:0x0,0x0,0x0
I/udi2_filter( 1643): alloc coship match,mask,negate:0x0,0x0,0x0
I/udi2_filter( 1643): alloc coship match,mask,negate:0x0,0x0,0x0
I/udi2_filter( 1643): alloc coship match,mask,negate:0x0,0x0,0x0
I/udi2_filter( 1643): alloc coship match,mask,negate:0x0,0x0,0x0
I/udi2_filter( 1643): alloc coship match,mask,negate:0x0,0x0,0x0
I/udi2_filter( 1643): alloc coship match,mask,negate:0x0,0x0,0x0
I/udi2_filter( 1643): alloc coship match,mask,negate:0x0,0x0,0x0
I/udi2_filter( 1643): alloc coship match,mask,negate:0x0,0x0,0x0
I/udi2_filter( 1643): alloc coship match,mask,negate:0x0,0x0,0x0
I/udi2_filter( 1643): u32Handle:0xb698d504,hChannel:0xa1000000,hFilter:0xa020000, pid 0x12
I/udi2_filter( 1643): CSUDIFILTERAllocate------------j=0---------------------->OUT
I/udi2_filter( 1643): CSUDIFILTERStart call hFilterHandle=0xb698d504 -------------->IN
I/udi2_filter( 1643): CSUDIFILTERStart---------------------------------------------------->OUT
D/MMCP    ( 1643): [31m[1m<dtv.section> [ERROR] Request  ---->RequestSection()
D/MMCP    ( 1643): [0m
D/MMCP    ( 1643): [31m[1m<dtv.section> [ERROR] [AddInuseSectionWork]:'380
D/MMCP    ( 1643): [0m
D/MMCP    ( 1643): [31m[1m<dtv.section> [ERROR] RequestSectionEx --> Request
D/MMCP    ( 1643): [0m
D/MMCP    ( 1643): [31m[1m<dtv.epg> [ERROR] [USP_EPG GetServiceObject 195] cannot find the serviceObject [ wOriNetID, wTsID, wServiceID]=[0xffff, 65535, 65535]
D/MMCP    ( 1643): [0m
D/MMCP    ( 1643): [31m[1m<dtv.section> [ERROR] [GetInuseSectionWorker]:'357
D/MMCP    ( 1643): [0m
D/MMCP    ( 1643): [31m[1m<dtv.section> [ERROR] [GetFastSectionDispatcher]:'363
D/MMCP    ( 1643): [0m
I/udi2_filter( 1643): CSUDIFILTERAllocate------------------------------>IN
I/udi2_filter( 1643): [CSUDIFILTERAllocate]  demuxID = 0  pid = 0x12  crc = 5594369 
I/udi2_filter( 1643): Alloc Filter:[1]
I/udi2_filter( 1643): alloc coship match,mask,negate:0x50,0xf0,0x0
I/udi2_filter( 1643): alloc coship match,mask,negate:0x0,0x0,0x0
I/udi2_filter( 1643): alloc coship match,mask,negate:0x0,0x0,0x0
I/udi2_filter( 1643): alloc coship match,mask,negate:0x0,0x0,0x0
I/udi2_filter( 1643): alloc coship match,mask,negate:0x0,0x0,0x0
I/udi2_filter( 1643): alloc coship match,mask,negate:0x0,0x0,0x0
I/udi2_filter( 1643): alloc coship match,mask,negate:0x0,0x0,0x0
I/udi2_filter( 1643): alloc coship match,mask,negate:0x0,0x0,0x0
I/udi2_filter( 1643): alloc coship match,mask,negate:0x0,0x0,0x0
I/udi2_filter( 1643): alloc coship match,mask,negate:0x0,0x0,0x0
I/udi2_filter( 1643): alloc coship match,mask,negate:0x0,0x0,0x0
I/udi2_filter( 1643): alloc coship match,mask,negate:0x0,0x0,0x0
I/udi2_filter( 1643): alloc coship match,mask,negate:0x0,0x0,0x0
I/udi2_filter( 1643): alloc coship match,mask,negate:0x0,0x0,0x0
I/udi2_filter( 1643): alloc coship match,mask,negate:0x0,0x0,0x0
I/udi2_filter( 1643): alloc coship match,mask,negate:0x0,0x0,0x0
I/udi2_filter( 1643): u32Handle:0xb698d560,hChannel:0xa1000000,hFilter:0xa020001, pid 0x12
I/udi2_filter( 1643): CSUDIFILTERAllocate------------j=1---------------------->OUT
I/udi2_filter( 1643): CSUDIFILTERStart call hFilterHandle=0xb698d560 -------------->IN
I/udi2_filter( 1643): CSUDIFILTERStart---------------------------------------------------->OUT
D/MMCP    ( 1643): [31m[1m<dtv.section> [ERROR] Request  ---->RequestSection()
D/MMCP    ( 1643): [0m
D/MMCP    ( 1643): [31m[1m<dtv.section> [ERROR] [AddInuseSectionWork]:'380
D/MMCP    ( 1643): [0m
D/MMCP    ( 1643): [31m[1m<dtv.section> [ERROR] RequestSectionEx --> Request
D/MMCP    ( 1643): [0m
D/MMCP    ( 1643): [31m[1m<dtv.section> [ERROR] [GetInuseSectionWorker]:'357
D/MMCP    ( 1643): [0m
D/MMCP    ( 1643): [31m[1m<dtv.section> [ERROR] [GetFastSectionDispatcher]:'363
D/MMCP    ( 1643): [0m
I/udi2_filter( 1643): CSUDIFILTERAllocate------------------------------>IN
I/udi2_filter( 1643): [CSUDIFILTERAllocate]  demuxID = 0  pid = 0x12  crc = 5594369 
I/udi2_filter( 1643): Alloc Filter:[2]
I/udi2_filter( 1643): alloc coship match,mask,negate:0x60,0xf0,0x0
I/udi2_filter( 1643): alloc coship match,mask,negate:0x0,0x0,0x0
I/udi2_filter( 1643): alloc coship match,mask,negate:0x0,0x0,0x0
I/udi2_filter( 1643): alloc coship match,mask,negate:0x0,0x0,0x0
I/udi2_filter( 1643): alloc coship match,mask,negate:0x0,0x0,0x0
I/udi2_filter( 1643): alloc coship match,mask,negate:0x0,0x0,0x0
I/udi2_filter( 1643): alloc coship match,mask,negate:0x0,0x0,0x0
I/udi2_filter( 1643): alloc coship match,mask,negate:0x0,0x0,0x0
I/udi2_filter( 1643): alloc coship match,mask,negate:0x0,0x0,0x0
I/udi2_filter( 1643): alloc coship match,mask,negate:0x0,0x0,0x0
I/udi2_filter( 1643): alloc coship match,mask,negate:0x0,0x0,0x0
I/udi2_filter( 1643): alloc coship match,mask,negate:0x0,0x0,0x0
I/udi2_filter( 1643): alloc coship match,mask,negate:0x0,0x0,0x0
I/udi2_filter( 1643): alloc coship match,mask,negate:0x0,0x0,0x0
I/udi2_filter( 1643): alloc coship match,mask,negate:0x0,0x0,0x0
I/udi2_filter( 1643): alloc coship match,mask,negate:0x0,0x0,0x0
I/udi2_filter( 1643): u32Handle:0xb698d5bc,hChannel:0xa1000000,hFilter:0xa020002, pid 0x12
I/udi2_filter( 1643): CSUDIFILTERAllocate------------j=2---------------------->OUT
I/udi2_filter( 1643): CSUDIFILTERStart call hFilterHandle=0xb698d5bc -------------->IN
I/udi2_filter( 1643): CSUDIFILTERStart---------------------------------------------------->OUT
D/MMCP    ( 1643): [31m[1m<dtv.section> [ERROR] Request  ---->RequestSection()
D/MMCP    ( 1643): [0m
D/MMCP    ( 1643): [31m[1m<dtv.section> [ERROR] [AddInuseSectionWork]:'380
D/MMCP    ( 1643): [0m
D/MMCP    ( 1643): [31m[1m<dtv.section> [ERROR] RequestSectionEx --> Request
D/MMCP    ( 1643): [0m
D/MMCP    ( 1643): [31m[1m<dtv.epg> [ERROR] [USP_EPG GetServiceObject 195] cannot find the serviceObject [ wOriNetID, wTsID, wServiceID]=[0xffff, 65535, 65535]
D/MMCP    ( 1643): [0m
D/MMCP    ( 1643): [31m[1m<dtv.section> [ERROR] [GetInuseSectionWorker]:'357
D/MMCP    ( 1643): [0m
D/MMCP    ( 1643): [31m[1m<dtv.section> [ERROR] [GetFastSectionDispatcher]:'363
D/MMCP    ( 1643): [0m
I/udi2_filter( 1643): CSUDIFILTERAllocate------------------------------>IN
I/udi2_filter( 1643): [CSUDIFILTERAllocate]  demuxID = 0  pid = 0x14  crc = 0 
I/udi2_filter( 1643): Alloc Filter:[3]
I/udi2_filter( 1643): alloc coship match,mask,negate:0x70,0xff,0x0
