W/linker  ( 2575): libffi.so.6: unused DT entry: type 0x6ffffffe arg 0x1314
W/linker  ( 2575): libffi.so.6: unused DT entry: type 0x6fffffff arg 0x1
W/linker  ( 2575): libintl.so: unused DT entry: type 0x6ffffffe arg 0x1874
W/linker  ( 2575): libintl.so: unused DT entry: type 0x6fffffff arg 0x1
W/linker  ( 2575): libiconv.so: unused DT entry: type 0x6ffffffe arg 0x734
W/linker  ( 2575): libiconv.so: unused DT entry: type 0x6fffffff arg 0x1
W/linker  ( 2575): libgsttag-1.0.so: unused DT entry: type 0x6ffffffe arg 0x49c8
W/linker  ( 2575): libgsttag-1.0.so: unused DT entry: type 0x6fffffff arg 0x2
W/linker  ( 2575): libgstvideo-1.0.so: unused DT entry: type 0x6ffffffe arg 0x8c88
W/linker  ( 2575): libgstvideo-1.0.so: unused DT entry: type 0x6fffffff arg 0x2
I/ContactLocale( 2651): AddressBook Labels [zh-CN]: [, A, B, C, D, E, F, G, H, I, J, K, L, M, N, O, P, Q, R, S, T, U, V, W, X, Y, Z, Α, Β, Γ, Δ, Ε, Ζ, Η, Θ, Ι, Κ, Λ, Μ, Ν, Ξ, Ο, Π, Ρ, Σ, Τ, Υ, Φ, Χ, Ψ, Ω, , А, Б, В, Г, Д, Ђ, Е, Є, Ж, З, И, І, Ї, Й, Ј, К, Л, Љ, М, Н, Њ, О, П, Р, С, Т, Ћ, У, Ф, Х, Ц, Ч, Џ, Ш, Щ, Ю, Я, , א, ב, ג, ד, ה, ו, ז, ח, ט, י, כ, ל, מ, נ, ס, ע, פ, צ, ק, ר, ש, ת, , ا, ب, ت, ث, ج, ح, خ, د, ذ, ر, ز, س, ش, ص, ض, ط, ظ, ع, غ, ف, ق, ك, ل, م, ن, ه, و, ي, , ก, ข, ฃ, ค, ฅ, ฆ, ง, จ, ฉ, ช, ซ, ฌ, ญ, ฎ, ฏ, ฐ, ฑ, ฒ, ณ, ด, ต, ถ, ท, ธ, น, บ, ป, ผ, ฝ, พ, ฟ, ภ, ม, ย, ร, ฤ, ล, ฦ, ว, ศ, ษ, ส, ห, ฬ, อ, ฮ, , ㄱ, ㄴ, ㄷ, ㄹ, ㅁ, ㅂ, ㅅ, ㅇ, ㅈ, ㅊ, ㅋ, ㅌ, ㅍ, ㅎ, , あ, か, さ, た, な, は, ま, や, ら, わ, #, ]
E/libprocessgroup( 2687): failed to make and chown /acct/uid_10038: Read-only file system
W/Zygote  ( 2687): createProcessGroup failed, kernel missing CONFIG_CGROUP_CPUACCT?
I/ActivityManager( 2100): Start proc 2687:com.coship.providers.dvb/u0a38 for content provider com.coship.providers.dvb/.DvbProvider
E/OTTDVB  ( 2485): ----className:LiveService----msg:LiveService onCreate
I/art     ( 2687): Late-enabling -Xcheck:jni
D/OTTDVB  ( 2485): ----className:LiveService----msg:stbID : 
E/Environment( 2687): canonicalPath = /storage/sdcard
E/HisiFrontPanel( 2575): keyled device initialize failed
D/SysTool ( 2575): SysTool::SysTool()
I/art     ( 2575): Thread[1,tid=2575,WaitingForJniOnLoad,Thread*=0xb4827800,peer=0x3474d000,"main"] recursive attempt to load library "/system/lib/libngbj_jni.so"
V/WindowManager( 2100): finishPostLayoutPolicyLw: mHideKeyguard=false
I/DTVALManager( 2575): register_impl_ngb_broadcast_dvb_tuner_TuningUtils impl/ngb/broadcast/dvb/tuner/TuningUtils
I/DvbDatabaseHelper( 2687): test db copy start
I/DTVALManager( 2575): register_impl_ngb_broadcast_dvb_tuner_TuningUtils impl/ngb/broadcast/dvb/tuner/TuningUtils JNI_VERSION_1_6
I/DvbDatabaseHelper( 2687): test dbfile not exists
I/art     ( 2575): Thread[1,tid=2575,WaitingForJniOnLoad,Thread*=0xb4827800,peer=0x3474d000,"main"] recursive attempt to load library "/system/lib/libngbj_jni.so"
I/hql     ( 2687):  threadID : 1
I/BpAVSetting( 2575): BpTvosAudioSettingService::setOutputVolume(0)
I/BnAVSetting( 1640): SET_OUTPUT_VOLUME()
I/HisiAVSetting( 1640): set sound output volume 0
D/SysProperties( 2575): Tools getPro key :persist.sys.audio.channelMode
I/SysProperties( 2575): SystemPropertiesClass:class android.os.SystemProperties
W/SysProperties( 2575): ~~~~~~~~~~~~~~~~~~~~~~method:public static java.lang.String android.os.SystemProperties.get(java.lang.String,java.lang.String)
W/SysProperties( 2575): ~~~~~~~~~~~~~~~~~~~~~~returnvalue:0
I/==guitest==( 2575): jelly debug channel is :0
I/==guitest==( 2575): jelly debug  parseInt channelMode=0
I/AudioSetting_native( 2575): 1> jelly debug setOutputChannelMode:_mode is 0
I/BpAVSetting( 2575): BpTvosAudioSettingService::setOutputChannelMode()
I/BnAVSetting( 1640): SET_OUTPUT_CHANNEL_MODE()
I/HisiAVSetting( 1640): set sound output channel mode 0
D/SysProperties( 2575): Tools getPro key :persist.sys.audio.HDMIMode
I/SysProperties( 2575): SystemPropertiesClass:class android.os.SystemProperties
W/SysProperties( 2575): ~~~~~~~~~~~~~~~~~~~~~~method:public static java.lang.String android.os.SystemProperties.get(java.lang.String,java.lang.String)
W/SysProperties( 2575): ~~~~~~~~~~~~~~~~~~~~~~returnvalue:2
I/==guitest==( 2575): jelly debug hdmi is :2
I/==guitest==( 2575): jelly debug  parseInt HDMIMode=2
I/AudioSetting_native( 2575): 1> jelly debug setOutputHDMIMode:_mode is 2
V/WindowManager( 2100): finishPostLayoutPolicyLw: mHideKeyguard=false
V/WindowManager( 2100): finishPostLayoutPolicyLw: mHideKeyguard=false
D/MMCP    ( 1643): <DTVALManager> Receive CONNECT
D/MMCP    ( 1643): <DTVALManager> DTVALManagerService::connect(callingPid 2575, client 0xb4074440)
D/MMCP    ( 1643): <DTVALManager> DTVALManagerService::Client constructor(callingPid 2575)
D/MMCP    ( 2575): [31m[1m<DTVALManager> [ERROR] Send DTVAL_avSetOutputMode
D/MMCP    ( 2575): [0m
D/MMCP    ( 1643): [31m[1m<DTVALManager> [ERROR] Receive DTVAL_avGetOutputMode
D/MMCP    ( 1643): [0m
D/MMCP    ( 1643): <DTVALManager> DTVAL_avSetOutputMode(callingPid 2575, clientPid 2575)
D/MMCP    ( 1643): <DTVALManager> [DTVAL_avSetOutputMode.2588]Enter ... in  
I/udi2_aout( 1643): CSUDIAOUTSetOPMode call  eAudioDevice=4 eMode=0------
I/udi2_aout( 1643): +++++++++function =CSUDIAOUTSetOPMode line=550------
D/SysProperties( 2575): Tools getPro key :persist.sys.audio.spdifmode
I/SysProperties( 2575): SystemPropertiesClass:class android.os.SystemProperties
W/SysProperties( 2575): ~~~~~~~~~~~~~~~~~~~~~~method:public static java.lang.String android.os.SystemProperties.get(java.lang.String,java.lang.String)
W/SysProperties( 2575): ~~~~~~~~~~~~~~~~~~~~~~returnvalue:0
I/==guitest==( 2575): jelly debug spdif is :0
I/==guitest==( 2575): jelly debug  parseInt SpdifMode=0
I/AudioSetting_native( 2575): 1> jelly debug setOutputSPDIFMode:_mode is 0
I/BpAVSetting( 2575): BpTvosAudioSettingService::setOutputSPDIFMode()
I/BnAVSetting( 1640): SET_OUTPUT_SPDIF_MODE()
I/HisiAVSetting( 1640): set sound output spdif mode 0
D/==guitest==( 2575): ==mIsUseLocal==false=mUrlStr=http://10.26.51.44:82/mnui_tvostest/tvmnui/modules/mnui/public/index_test.html
D/==guitest==( 2575): ==onResume==mWebView.getUrl()==null
D/==guitest==( 2575): ==onResume==checkUrlState==
D/==guitest==( 2575): ==checkUrlState==mUrlStr==http://10.26.51.44:82/mnui_tvostest/tvmnui/modules/mnui/public/index_test.html
D/OpenGLRenderer( 2575): Use EGL_SWAP_BEHAVIOR_PRESERVED: false
D/Atlas   ( 2575): Validating map...
V/WindowManager( 2100): Based on layer: Adding window Window{5d6f317 u0 com.coship.guiWebview/com.coship.guiWebview.MainActivity} at 1 of 6
D/ConnectivityService( 2100): listenForNetwork for NetworkRequest [ id=4, legacyType=-1, [ Capabilities: INTERNET&NOT_RESTRICTED&TRUSTED] ]
I/OTTDVB  ( 2485): ----className:DatabaseModelHelperImpl----msg: Uri : content://com.coship.provider.DvbProvider/category
I/OTTDVB  ( 2485): ----className:DatabaseModelHelperImpl----msg: batchInsert listVal.size() : 6
I/OTTDVB  ( 2485): ----className:DatabaseModelHelperImpl----msg: batchInsert listVal : [category_name=我的收藏 category_id=0, category_name=我的预约 category_id=1, category_name=画中画 category_id=2, category_name=标清频道 category_id=3, category_name=高清频道 category_id=4, category_name=广播频道 category_id=5]
I/hql     ( 2687): match 10000
I/hql     ( 2687): insert match: 10000  threadID : 86
I/hql     ( 2687): match 10000
I/hql     ( 2687): insert match: 10000  threadID : 86
I/hql     ( 2687): match 10000
V/WindowManager( 2100): finishPostLayoutPolicyLw: mHideKeyguard=false
V/WindowManager( 2100): finishPostLayoutPolicyLw: mHideKeyguard=false
I/hql     ( 2687): insert match: 10000  threadID : 86
I/hql     ( 2687): match 10000
I/hql     ( 2687): insert match: 10000  threadID : 86
I/hql     ( 2687): match 10000
I/hql     ( 2687): insert match: 10000  threadID : 86
I/hql     ( 2687): match 10000
I/hql     ( 2687): insert match: 10000  threadID : 86
V/WindowManager( 2100): finishPostLayoutPolicyLw: mHideKeyguard=false
I/OpenGLRenderer( 2575): Initialized EGL, version 1.4
D/OpenGLRenderer( 2575): Enabling debug mode 0
V/WindowManager( 2100): finishPostLayoutPolicyLw: mHideKeyguard=false
D/WifiService( 2100): New client listening to asynchronous messages
V/WindowManager( 2100): finishPostLayoutPolicyLw: mHideKeyguard=false
V/WindowManager( 2100): finishPostLayoutPolicyLw: mHideKeyguard=false
V/WindowManager( 2100): finishPostLayoutPolicyLw: mHideKeyguard=false
I/ActivityManager( 2100): Displayed com.coship.guiWebview/.MainActivity: +1s95ms
E/ActivityManager( 2100): isHomeActivity() = true
E/ActivityManager( 2100): mceExit = true
V/KeyguardServiceDelegate( 2100): *** Keyguard started
W/KeyguardServiceDelegate( 2100): onScreenTurnedOn(): no keyguard service!
V/WindowManager( 2100): finishPostLayoutPolicyLw: mHideKeyguard=false
V/WindowManager( 2100): finishPostLayoutPolicyLw: mHideKeyguard=false
V/WindowManager( 2100): finishPostLayoutPolicyLw: mHideKeyguard=false
D/MMCP    ( 1643): <DTVALManager> [DTVAL_getTunerStatus,562]----------out CSTuner_getTunerStatus failed... nRet = -1
D/OpenGLRenderer( 2269): setting property extraRasterBucket to 0.95
D/OpenGLRenderer( 2269):     failed
D/OpenGLRenderer( 2269): setting property extraRasterBucket to 0.0
D/OpenGLRenderer( 2269):     failed
V/WindowManager( 2100): finishPostLayoutPolicyLw: mHideKeyguard=false
V/WindowManager( 2100): finishPostLayoutPolicyLw: mHideKeyguard=false
V/WindowManager( 2100): finishPostLayoutPolicyLw: mHideKeyguard=false
V/WindowManager( 2100): finishPostLayoutPolicyLw: mHideKeyguard=false
V/WindowManager( 2100): finishPostLayoutPolicyLw: mHideKeyguard=false
V/WindowManager( 2100): finishPostLayoutPolicyLw: mHideKeyguard=false
V/KeyguardServiceDelegate( 2100): *** Keyguard connected (yay!)
V/KeyguardServiceDelegate( 2100): **** SHOWN CALLED ****
I/SurfaceFlinger( 1636): Boot is finished (23808 ms)
D/WindowManager( 2100): frame: Rect(0, 0 - 1280, 720) shown frame: RectF(0.0, 0.0, 1280.0, 720.0)
D/WindowManager( 2100): attr: WM.LayoutParams{(0,0)(fillxfill) sim=#110 ty=1 fl=#81810500 fmt=-2 wanim=0x1030466 vsysui=0x600 surfaceInsets=Rect(0, 0 - 0, 0) needsMenuKey=2} lp.flags=0x81810500
V/WindowManager( 2100): finishPostLayoutPolicyLw: mHideKeyguard=false
D/WindowManager( 2100): frame: Rect(0, 0 - 1280, 720) shown frame: RectF(0.0, 0.0, 1280.0, 720.0)
D/WindowManager( 2100): attr: WM.LayoutParams{(0,0)(fillxfill) sim=#110 ty=1 fl=#81810500 fmt=-2 wanim=0x1030466 vsysui=0x600 surfaceInsets=Rect(0, 0 - 0, 0) needsMenuKey=2} lp.flags=0x81810500
V/WindowManager( 2100): finishPostLayoutPolicyLw: mHideKeyguard=false
D/PhoneStatusBar( 2269): disable: < expand* icons alerts system_info back* home* recent* clock search* >
D/WindowManager( 2100): frame: Rect(0, 0 - 1280, 720) shown frame: RectF(0.0, 0.0, 1280.0, 720.0)
D/WindowManager( 2100): attr: WM.LayoutParams{(0,0)(fillxfill) sim=#110 ty=1 fl=#81810500 fmt=-2 wanim=0x1030466 vsysui=0x600 surfaceInsets=Rect(0, 0 - 0, 0) needsMenuKey=2} lp.flags=0x81810500
V/WindowManager( 2100): finishPostLayoutPolicyLw: mHideKeyguard=false
D/WindowManager( 2100): frame: Rect(0, 0 - 1280, 720) shown frame: RectF(0.0, 0.0, 1280.0, 720.0)
D/WindowManager( 2100): attr: WM.LayoutParams{(0,0)(fillxfill) sim=#110 ty=1 fl=#81810500 fmt=-2 wanim=0x1030466 vsysui=0x600 surfaceInsets=Rect(0, 0 - 0, 0) needsMenuKey=2} lp.flags=0x81810500
V/WindowManager( 2100): finishPostLayoutPolicyLw: mHideKeyguard=false
D/MMCP    ( 1643): [31m[1m<IrdetoInterface> [ERROR]  liaozhihai CASendAnyProductQuery time: 26910 
D/MMCP    ( 1643): [0m
D/MMCP    ( 1643): [31m[1m<IrdetoAppDepend> [ERROR] [CA_DRV_Message, 3751]eOpcode = 4, wOpSeqNo = 2, wLength = 20
D/MMCP    ( 1643): [0m
D/MMCP    ( 1643): [31m[1m<IrdetoUiReply> [ERROR] 
D/MMCP    ( 1643):  CS_CA_DirectMessage start 
D/MMCP    ( 1643): [0m
D/MMCP    ( 1643): [31m[1m<IrdetoAppDepend> [ERROR] [ca_task]+++ wOpCode = 0x0004
D/MMCP    ( 1643): [0m
D/MMCP    ( 1643): [31m[1m<IrdetoAppDepend> [ERROR] Opcode = 0x3c, OpSeqNo = 0x02, wStatus = 102
D/MMCP    ( 1643): [0m
D/MMCP    ( 1643): [31m[1m<IrdetoAppDepend> [ERROR] 
D/MMCP    ( 1643): 
D/MMCP    ( 1643): Waiting for message...
D/MMCP    ( 1643): [0m
I/Novel-Supertv(CAT-server)( 1647): [1;32m
I/Novel-Supertv(CAT-server)( 1647): 
I/Novel-Supertv(CAT-server)( 1647): 
I/Novel-Supertv(CAT-server)( 1647): CatTimerFun......cat
I/Novel-Supertv(CAT-server)( 1647): [0m
I/Novel-Supertv(CAT-server)( 1647): [1;32m
I/Novel-Supertv(CAT-server)( 1647): cat...CatTimerFun, 1309, handle: 0x0, tableid:0x1
I/Novel-Supertv(CAT-server)( 1647): [0m
I/Novel-Supertv(CAT-server)( 1647): [1;37m
I/Novel-Supertv(CAT-server)( 1647): StartFilter  not support  1172
I/Novel-Supertv(CAT-server)( 1647): [0m
I/Novel-Supertv(CAT-server)( 1647): [1;32m
I/Novel-Supertv(CAT-server)( 1647): cat...CatTimerFun, StartFilter failt return ret(-1)
I/Novel-Supertv(CAT-server)( 1647): [0m
D/MMCP    ( 1643): <DTVALManager> [DTVAL_getTunerStatus,562]----------out CSTuner_getTunerStatus failed... nRet = -1
I/SystemServiceManager( 2100): Starting phase 1000
D/WindowManager( 2100): frame: Rect(0, 0 - 1280, 720) shown frame: RectF(0.0, 0.0, 1280.0, 720.0)
D/WindowManager( 2100): attr: WM.LayoutParams{(0,0)(fillxfill) sim=#110 ty=1 fl=#81810500 fmt=-2 wanim=0x1030466 vsysui=0x600 surfaceInsets=Rect(0, 0 - 0, 0) needsMenuKey=2} lp.flags=0x81810500
V/WindowManager( 2100): finishPostLayoutPolicyLw: mHideKeyguard=false
D/WindowManager( 2100): frame: Rect(0, 0 - 1280, 720) shown frame: RectF(0.0, 0.0, 1280.0, 720.0)
D/WindowManager( 2100): attr: WM.LayoutParams{(0,0)(fillxfill) sim=#110 ty=1 fl=#81810500 fmt=-2 wanim=0x1030466 vsysui=0x600 surfaceInsets=Rect(0, 0 - 0, 0) needsMenuKey=2} lp.flags=0x81810500
V/WindowManager( 2100): finishPostLayoutPolicyLw: mHideKeyguard=false
W/ContextImpl( 2467): Calling a method in the system process without a qualified user: android.app.ContextImpl.startService:1710 android.content.ContextWrapper.startService:516 android.content.ContextWrapper.startService:516 com.hisilicon.android.hiRMService.HiRMBroadcastReceiver.onReceive:22 android.app.ActivityThread.handleReceiver:2609 
D/WindowManager( 2100): frame: Rect(0, 0 - 1280, 720) shown frame: RectF(0.0, 0.0, 1280.0, 720.0)
D/WindowManager( 2100): attr: WM.LayoutParams{(0,0)(fillxfill) sim=#110 ty=1 fl=#81810500 fmt=-2 wanim=0x1030466 vsysui=0x600 surfaceInsets=Rect(0, 0 - 0, 0) needsMenuKey=2} lp.flags=0x81810500
V/WindowManager( 2100): finishPostLayoutPolicyLw: mHideKeyguard=false
D/WindowManager( 2100): frame: Rect(0, 0 - 1280, 720) shown frame: RectF(0.0, 0.0, 1280.0, 720.0)
D/WindowManager( 2100): attr: WM.LayoutParams{(0,0)(fillxfill) sim=#110 ty=1 fl=#81810500 fmt=-2 wanim=0x1030466 vsysui=0x600 surfaceInsets=Rect(0, 0 - 0, 0) needsMenuKey=2} lp.flags=0x81810500
V/WindowManager( 2100): finishPostLayoutPolicyLw: mHideKeyguard=false
V/ActivityManager( 2100): Display changed displayId=0
D/WifiService( 2100): New client listening to asynchronous messages
D/BluetoothManagerService( 2100): Message: 20
D/BluetoothManagerService( 2100): Added callback: android.bluetooth.IBluetoothManagerCallback$Stub$Proxy@3003d459:true
D/        ( 2467): JNI_OnLoad
D/        ( 2467): return
E/libprocessgroup( 2720): failed to make and chown /acct/uid_1000: Read-only file system
W/Zygote  ( 2720): createProcessGroup failed, kernel missing CONFIG_CGROUP_CPUACCT?
I/ActivityManager( 2100): Start proc 2720:com.android.keychain/1000 for service com.android.keychain/.KeyChainService
D/WindowManager( 2100): frame: Rect(0, 0 - 1280, 720) shown frame: RectF(0.0, 0.0, 1280.0, 720.0)
D/WindowManager( 2100): attr: WM.LayoutParams{(0,0)(fillxfill) sim=#110 ty=1 fl=#81810500 fmt=-2 wanim=0x1030466 vsysui=0x600 surfaceInsets=Rect(0, 0 - 0, 0) needsMenuKey=2} lp.flags=0x81810500
V/WindowManager( 2100): finishPostLayoutPolicyLw: mHideKeyguard=false
I/RecoverySystem( 2100): No recovery log file
D/WIFI    ( 2100): Registering NetworkFactory
W/BroadcastQueue( 2100): Permission Denial: broadcasting Intent { act=android.net.ethernet.ETHERNET_STATE_CHANGE flg=0x44000010 (has extras) } from null (pid=-1, uid=-1) requires android.hiRMService.permission.PLUGIN_CHANGE due to registered receiver BroadcastFilter{2a5f1d0 u0 ReceiverList{3c39fd93 2467 com.hisilicon.android.hiRMService/1000/u0 remote:2459a282}}
D/WIFI_UT ( 2100): Registering NetworkFactory
D/ConnectivityService( 2100): Got NetworkFactory Messenger for WIFI
D/ConnectivityService( 2100): Got NetworkFactory Messenger for WIFI_UT
E/HiSysManagerService( 1651): checkPermission is true.
I/SDKInfo ( 1651): type=HI_CHIP_TYPE_HI3798M;version=HI_CHIP_VERSION_V200
E/HiSysManagerService( 1651): checkPermission is true.
I/SDKInfo ( 1651): type=HI_CHIP_TYPE_HI3798M;version=HI_CHIP_VERSION_V200
E/HiSysManagerService( 1651): checkPermission is true.
D/WIFI    ( 2100): got request NetworkRequest [ id=1, legacyType=-1, [ Capabilities: INTERNET&NOT_RESTRICTED&TRUSTED&NOT_VPN] ] with score 0
I/SDKInfo ( 1651): type=HI_CHIP_TYPE_HI3798M;version=HI_CHIP_VERSION_V200
D/WIFI_UT ( 2100): got request NetworkRequest [ id=1, legacyType=-1, [ Capabilities: INTERNET&NOT_RESTRICTED&TRUSTED&NOT_VPN] ] with score 0
E/HiSysManagerService( 1651): checkPermission is true.
I/SDKInfo ( 1651): type=HI_CHIP_TYPE_HI3798M;version=HI_CHIP_VERSION_V200
E/HiSysManagerService( 1651): checkPermission is true.
I/SDKInfo ( 1651): type=HI_CHIP_TYPE_HI3798M;version=HI_CHIP_VERSION_V200
E/HiSysManagerService( 1651): checkPermission is true.
I/SDKInfo ( 1651): type=HI_CHIP_TYPE_HI3798M;version=HI_CHIP_VERSION_V200
E/HiSysManagerService( 1651): checkPermission is true.
I/SDKInfo ( 1651): type=HI_CHIP_TYPE_HI3798M;version=HI_CHIP_VERSION_V200
E/HiSysManagerService( 1651): checkPermission is true.
I/BootReceiver( 2100): Copying audit failures to DropBox
I/BootReceiver( 2100): Checking for fsck errors
W/Searchables( 2100): No global search activity found
E/Environment( 2720): canonicalPath = /storage/sdcard
E/libprocessgroup( 2746): failed to make and chown /acct/uid_10005: Read-only file system
W/Zygote  ( 2746): createProcessGroup failed, kernel missing CONFIG_CGROUP_CPUACCT?
I/ActivityManager( 2100): Start proc 2746:com.android.managedprovisioning/u0a5 for broadcast com.android.managedprovisioning/.BootReminder
E/Environment( 2746): canonicalPath = /storage/sdcard
E/libprocessgroup( 2770): failed to make and chown /acct/uid_1000: Read-only file system
W/Zygote  ( 2770): createProcessGroup failed, kernel missing CONFIG_CGROUP_CPUACCT?
I/ActivityManager( 2100): Start proc 2770:com.android.settings/1000 for broadcast com.android.settings/.MyBroadCastReceiver
E/SQLiteLog( 2232): (283) recovered 68 frames from WAL file /data/data/com.android.providers.media/databases/internal.db-wal
E/Environment( 2770): canonicalPath = /storage/sdcard
E/Settings( 2770): MyBroadCastReceiver - onReceive Intent.ACTION_BOOT_COMPLETED!
I/IHiNSService_lib( 2770): Create smb.conf
I/IHiNSService_lib( 2770): SMB Directory has Existed!
I/IHiNSService_lib( 2770): No need to create smb.conf,it has existed!
E/IHiNSService_lib( 2770): Create SAMBA 4
I/------SambaServer--------( 2770): SambaServer constructor
I/IHiNSService_lib( 2770): Create smb.conf
I/IHiNSService_lib( 2770): SMB Directory has Existed!
I/IHiNSService_lib( 2770): No need to create smb.conf,it has existed!
I/------SambaServer--------( 2770): info buf:	
I/------SambaServer--------( 2770): info user:	administrator
I/------SambaServer--------( 2770): info:	radio = administrator
I/------SambaServer--------( 2770): Write smbusers success!
I/IHiNSService_lib( 2770): Create smb.conf
I/IHiNSService_lib( 2770): SMB Directory has Existed!
I/IHiNSService_lib( 2770): No need to create smb.conf,it has existed!
E/IHiNSService_lib( 2770): Create SAMBA 4
I/------SambaServer--------( 2770): SambaServer constructor
I/IHiNSService_lib( 2770): Create smb.conf
I/IHiNSService_lib( 2770): SMB Directory has Existed!
I/IHiNSService_lib( 2770): No need to create smb.conf,it has existed!
I/------SambaServer--------( 2770): Set global parameter!
I/------SambaServer--------( 2770): WORKGROUP = WORKGROUP
I/------SambaServer--------( 2770): security = share
I/------SambaServer--------( 2770): maxLogSize = 225
I/IHiNSService_lib( 2770): Create smb.conf
I/IHiNSService_lib( 2770): SMB Directory has Existed!
I/IHiNSService_lib( 2770): No need to create smb.conf,it has existed!
E/IHiNSService_lib( 2770): Create SAMBA 4
I/------SambaServer--------( 2770): SambaServer constructor
I/IHiNSService_lib( 2770): Create smb.conf
I/IHiNSService_lib( 2770): SMB Directory has Existed!
I/IHiNSService_lib( 2770): No need to create smb.conf,it has existed!
I/IHiNSService_lib( 2770): Create smb.conf
I/IHiNSService_lib( 2770): SMB Directory has Existed!
I/IHiNSService_lib( 2770): No need to create smb.conf,it has existed!
E/IHiNSService_lib( 2770): Create SAMBA 4
I/------SambaServer--------( 2770): SambaServer constructor
I/IHiNSService_lib( 2770): Create smb.conf
I/IHiNSService_lib( 2770): SMB Directory has Existed!
I/IHiNSService_lib( 2770): No need to create smb.conf,it has existed!
I/------SambaServer--------( 2770): Set global parameter!
I/------SambaServer--------( 2770): path = /mnt
I/------SambaServer--------( 2770): Start
I/IHiNSService_lib( 2770): Create smb.conf
I/IHiNSService_lib( 2770): SMB Directory has Existed!
I/IHiNSService_lib( 2770): No need to create smb.conf,it has existed!
E/IHiNSService_lib( 2770): Create SAMBA 4
I/------SambaServer--------( 2770): SambaServer constructor
I/IHiNSService_lib( 2770): Create smb.conf
I/IHiNSService_lib( 2770): SMB Directory has Existed!
I/IHiNSService_lib( 2770): No need to create smb.conf,it has existed!
E/HiNSService_lib( 1652): checkPermission is true.
I/HiNSService_lib( 1652): nssh(server) cmd=1011, buf=/mnt/ps
I/HiNSService_lib( 1652): nssh(server) ret=0
E/HiNSService_lib( 1652): checkPermission is true.
I/HiNSService_lib( 1652): nssh(server) cmd=1011, buf=/mnt/ps
D/MMCP    ( 1643): <DTVALManager> [DTVAL_getTunerStatus,562]----------out CSTuner_getTunerStatus failed... nRet = -1
I/HiNSService_lib( 1652): nssh(server) ret=0
I/IHiNSService_lib( 2770): line : 214, ip = 192.168.88.2, str = 
I/IHiNSService_lib( 2770): line : 222, echo_ip = echo "192.168.88.2" >/data/data/samba/var/ip
I/------SambaServer--------( 2770): line : 274, netbios and server string = Android_72ae3b
W/MediaScanner( 2232): Error opening directory '/oem/media/', skipping: No such file or directory.
V/MediaScanner( 2232): pruneDeadThumbnailFiles... android.database.sqlite.SQLiteCursor@3921b6fa
V/MediaScanner( 2232): /pruneDeadThumbnailFiles... android.database.sqlite.SQLiteCursor@3921b6fa
W/ActivityManager( 2100): Unbind failed: could not find connection for android.os.BinderProxy@1d333fa6
E/Coship_HomePlayer( 2528): [DLNAServiceManage],File[DLNAServiceManage.java]Line[48]FUN[ConnectTimeOut],err msg: ------>>>ConnectTimeOut
E/Coship_HomePlayer( 2528): [DLNALocalService],File[DLNALocalService.java]Line[68]FUN[setMediaPlayer],err msg: setMediaPlayer =======> playerManage != null
W/ActivityManager( 2100): Unbind failed: could not find connection for android.os.BinderProxy@2c9adde7
E/Coship_HomePlayer( 2528): [AirPlayServiceManage],File[AirPlayServiceManage.java]Line[46]FUN[ConnectTimeOut],err msg: ------>>>ConnectTimeOut
E/Coship_HomePlayer( 2528): [DNLARender],File[DLNARender.java]Line[209]FUN[resetMediaRender],err msg: resetMediaRender
E/Coship_HomePlayer( 2528): [DNLARender],File[DLNARender.java]Line[223]FUN[resetMediaRender],err msg: --------->>>in resetMediaRender,name:SmartBox
E/Coship_HomePlayer( 2528): [DNLARender],File[DLNARender.java]Line[109]FUN[startMediaRendererSync],err msg: MediaRenderer will start with ip addrss 192.168.88.2
D/HostInterface( 2528): hostaddress[1]: 192.168.88.2
D/HostInterface( 2528): hostaddress count is 1
I/art     ( 2528): Background partial concurrent mark sweep GC freed 4732(461KB) AllocSpace objects, 4(70KB) LOS objects, 39% free, 3MB/5MB, paused 5.996ms total 58.667ms
D/MMCP    ( 1643): <DTVALManager> [DTVAL_getTunerStatus,562]----------out CSTuner_getTunerStatus failed... nRet = -1
D/MMCP    ( 1643): [31m[1m<IrdetoInterface> [ERROR]  liaozhihai CASendAnyProductQuery time: 28930 
D/MMCP    ( 1643): [0m
D/MMCP    ( 1643): [31m[1m<IrdetoAppDepend> [ERROR] [CA_DRV_Message, 3751]eOpcode = 4, wOpSeqNo = 2, wLength = 20
D/MMCP    ( 1643): [0m
D/MMCP    ( 1643): [31m[1m<IrdetoUiReply> [ERROR] 
D/MMCP    ( 1643):  CS_CA_DirectMessage start 
D/MMCP    ( 1643): [0m
D/MMCP    ( 1643): [31m[1m<IrdetoAppDepend> [ERROR] [ca_task]+++ wOpCode = 0x0004
D/MMCP    ( 1643): [0m
D/MMCP    ( 1643): [31m[1m<IrdetoAppDepend> [ERROR] Opcode = 0x3c, OpSeqNo = 0x02, wStatus = 102
D/MMCP    ( 1643): [0m
D/MMCP    ( 1643): [31m[1m<IrdetoAppDepend> [ERROR] 
D/MMCP    ( 1643): 
D/MMCP    ( 1643): Waiting for message...
D/MMCP    ( 1643): [0m
D/DHCPCD  ( 2220): eth0.200: sending DISCOVER (xid 0x67b4c28c), next in 8.71 seconds
D/HostInterface( 2528): hostaddress[1]: 192.168.88.2
D/HostInterface( 2528): hostaddress count is 1
D/HostInterface( 2528): hostaddress[1]: 192.168.88.2
D/HostInterface( 2528): hostaddress count is 1
I/IHiNSService_lib( 2770): sambaStart(IClient)
E/HiNSService_lib( 1652): checkPermission is true.
I/HiNSService_lib( 1652): sambaStart(server)
I/IHiNSService_lib( 1652): In function start smbd
E/Coship_HomePlayer( 2528): [BootCompletedReceiver],File[BootCompletedReceiver.java]Line[16]FUN[onReceive],err msg: startService ..BackService
E/Coship_HomePlayer( 2528): [BackService],File[BackService.java]Line[97]FUN[onStart],err msg: BackService onStart called
E/Coship_HomePlayer( 2528): [MultiMedia],File[MultiMedia.java]Line[256]FUN[FirstSendBroadcast],err msg: FirstSendBroadcast mDBus.FirstSendBroadcas
E/Coship_HomePlayer( 2528): [DBus],File[DBus.java]Line[334]FUN[FirstSendBroadcast],err msg: FirstSendBroadcast mMultimediaData != null
E/Coship_HomePlayer( 2528): [BackService],File[BackService.java]Line[102]FUN[onStart],err msg: BackService mStart = true
D/HostInterface( 2528): hostaddress[1]: 192.168.88.2
D/HostInterface( 2528): hostaddress count is 1
I/KrdReceiver( 2551): onReceive
I/KrdReceiver( 2551): Intent is ACTION_BOOT_COMPLETED
E/IHiNSService_lib( 1652): run shell script fail, script exit code: 127
E/IHiNSService_lib( 1652): SMBD start fail !
I/HiNSService_lib( 1652): sambaStart(server) ret = -1
D/KrdReceiver( 2551):  flattenToString : com.coship.krdservice/com.coship.krdservice.service.KrdAccessibilityService
D/KrdReceiver( 2551):  enabledServicesSetting11 : com.coship.krdservice/com.coship.krdservice.service.KrdAccessibilityService
V/KrdReceiver( 2551): accessibilityEnabled = 1
V/KrdReceiver( 2551): ***ACCESSIBILITY IS ENABLED*** -----------------
V/KrdReceiver( 2551): -------------- > accessibilityService :: com.coship.krdservice/com.coship.krdservice.service.KrdAccessibilityService
V/KrdReceiver( 2551):  service :  com.coship.krdservice/com.coship.krdservice.service.KrdAccessibilityService
V/KrdReceiver( 2551): We've found the correct setting - accessibility is switched on!
E/KrdReceiver( 2551):  KrdAccessibilityService start success !
D/OTTDVB  ( 2485): ----className:LiveReceiver----msg: onReceive android.intent.action.BOOT_COMPLETED
W/ContextImpl( 2485): Calling a method in the system process without a qualified user: android.app.ContextImpl.startService:1710 android.content.ContextWrapper.startService:516 android.content.ContextWrapper.startService:516 com.coship.ottdvb.DvbLiveApplication.startLiveService:75 com.coship.ottdvb.broadcase.LiveReceiver.onReceive:25 
D/==guitest==( 2575): ==onError==
E/libprocessgroup( 2803): failed to make and chown /acct/uid_1000: Read-only file system
W/Zygote  ( 2803): createProcessGroup failed, kernel missing CONFIG_CGROUP_CPUACCT?
I/ActivityManager( 2100): Start proc 2803:com.coship.TestApp/1000 for broadcast com.coship.TestApp/.BackDoorReceiver
D/==guitest==( 2575): ==startPlay==
I/ActivityManager( 2100): START u0 {act=android.intent.action.MAIN cat=[android.intent.category.LAUNCHER] flg=0x10000000 pkg=com.common.ottdvb cmp=com.common.ottdvb/com.coship.ottdvb.gui.MainActivity} from uid 10037 on display 0
V/WindowManager( 2100): addAppToken: AppWindowToken{543b032 token=Token{30c103d ActivityRecord{35370d94 u0 com.common.ottdvb/com.coship.ottdvb.gui.MainActivity t10}}} to stack=1 task=10 at 0
D/==guitest==( 2575): ==onPause==
V/WindowManager( 2100): Adding window Window{29f18dfb u0 Starting com.common.ottdvb} at 2 of 8 (after Window{5d6f317 u0 com.coship.guiWebview/com.coship.guiWebview.MainActivity})
E/Environment( 2803): canonicalPath = /storage/sdcard
V/chromium( 2575): [VERBOSE1:browser_demuxer_android.cc(60)] Using UI thread for MSE playback
D/WindowManager( 2100): frame: Rect(0, 0 - 1280, 720) shown frame: RectF(0.0, 0.0, 1280.0, 720.0)
D/WindowManager( 2100): attr: WM.LayoutParams{(0,0)(fillxfill) sim=#110 ty=1 fl=#81810500 fmt=-2 wanim=0x1030466 vsysui=0x600 surfaceInsets=Rect(0, 0 - 0, 0) needsMenuKey=2} lp.flags=0x81810500
V/WindowManager( 2100): finishPostLayoutPolicyLw: mHideKeyguard=false
V/chromium( 2575): [VERBOSE1:webrtc_internals.cc(85)] Could not get the download directory.
I/cr_Ime  ( 2575): ImeThread is not enabled.
D/WindowManager( 2100): frame: Rect(0, 0 - 1280, 720) shown frame: RectF(0.0, 0.0, 1280.0, 720.0)
D/WindowManager( 2100): attr: WM.LayoutParams{(0,0)(fillxfill) sim=#110 ty=1 fl=#81810500 fmt=-2 wanim=0x1030466 vsysui=0x600 surfaceInsets=Rect(0, 0 - 0, 0) needsMenuKey=2} lp.flags=0x81810500
V/WindowManager( 2100): finishPostLayoutPolicyLw: mHideKeyguard=false
V/chromium( 2575): [VERBOSE1:child_thread_impl.cc(355)] Mojo is enabled on child
V/WindowManager( 2100): finishPostLayoutPolicyLw: mHideKeyguard=false
V/WindowManager( 2100): finishPostLayoutPolicyLw: mHideKeyguard=false
V/WindowManager( 2100): finishPostLayoutPolicyLw: mHideKeyguard=false
D/WindowManager( 2100): frame: Rect(0, 0 - 1280, 720) shown frame: RectF(0.0, 0.0, 1280.0, 720.0)
D/WindowManager( 2100): attr: WM.LayoutParams{(0,0)(fillxfill) sim=#20 ty=3 fl=#81830518 pfl=0x11 fmt=-2 wanim=0x1030466 vsysui=0x600 surfaceInsets=Rect(0, 0 - 0, 0) needsMenuKey=2} lp.flags=0x81830518
V/WindowManager( 2100): finishPostLayoutPolicyLw: mHideKeyguard=false
D/WindowManager( 2100): frame: Rect(0, 0 - 1280, 720) shown frame: RectF(0.0, 0.0, 1280.0, 720.0)
D/WindowManager( 2100): attr: WM.LayoutParams{(0,0)(fillxfill) sim=#20 ty=3 fl=#81830518 pfl=0x11 fmt=-2 wanim=0x1030466 vsysui=0x600 surfaceInsets=Rect(0, 0 - 0, 0) needsMenuKey=2} lp.flags=0x81830518
V/WindowManager( 2100): finishPostLayoutPolicyLw: mHideKeyguard=false
D/WindowManager( 2100): frame: Rect(0, 0 - 1280, 720) shown frame: RectF(0.0, 0.0, 1280.0, 720.0)
D/WindowManager( 2100): attr: WM.LayoutParams{(0,0)(fillxfill) sim=#20 ty=3 fl=#81830518 pfl=0x11 fmt=-2 wanim=0x1030466 vsysui=0x600 surfaceInsets=Rect(0, 0 - 0, 0) needsMenuKey=2} lp.flags=0x81830518
V/WindowManager( 2100): finishPostLayoutPolicyLw: mHideKeyguard=false
D/==guitest==( 2575): ==onStop==
D/WindowManager( 2100): frame: Rect(0, 0 - 1280, 720) shown frame: RectF(0.0, 791.9824, 1280.0, 1511.9824)
D/WindowManager( 2100): attr: WM.LayoutParams{(0,0)(fillxfill) sim=#20 ty=3 fl=#81830518 pfl=0x11 fmt=-2 wanim=0x1030466 vsysui=0x600 surfaceInsets=Rect(0, 0 - 0, 0) needsMenuKey=2} lp.flags=0x81830518
V/WindowManager( 2100): finishPostLayoutPolicyLw: mHideKeyguard=false
D/WindowManager( 2100): frame: Rect(0, 0 - 1280, 720) shown frame: RectF(0.0, 791.9824, 1280.0, 1511.9824)
D/WindowManager( 2100): attr: WM.LayoutParams{(0,0)(fillxfill) sim=#20 ty=3 fl=#81830518 pfl=0x11 fmt=-2 wanim=0x1030466 vsysui=0x600 surfaceInsets=Rect(0, 0 - 0, 0) needsMenuKey=2} lp.flags=0x81830518
V/WindowManager( 2100): finishPostLayoutPolicyLw: mHideKeyguard=false
D/WindowManager( 2100): frame: Rect(0, 0 - 1280, 720) shown frame: RectF(0.0, 791.9824, 1280.0, 1511.9824)
D/WindowManager( 2100): attr: WM.LayoutParams{(0,0)(fillxfill) sim=#20 ty=3 fl=#81830518 pfl=0x11 fmt=-2 wanim=0x1030466 vsysui=0x600 surfaceInsets=Rect(0, 0 - 0, 0) needsMenuKey=2} lp.flags=0x81830518
V/WindowManager( 2100): finishPostLayoutPolicyLw: mHideKeyguard=false
D/WindowManager( 2100): frame: Rect(0, 0 - 1280, 720) shown frame: RectF(0.0, 791.9824, 1280.0, 1511.9824)
D/WindowManager( 2100): attr: WM.LayoutParams{(0,0)(fillxfill) sim=#20 ty=3 fl=#81830518 pfl=0x11 fmt=-2 wanim=0x1030466 vsysui=0x600 surfaceInsets=Rect(0, 0 - 0, 0) needsMenuKey=2} lp.flags=0x81830518
V/WindowManager( 2100): finishPostLayoutPolicyLw: mHideKeyguard=false
I/ActivityManager( 2100): Activity reported stop, but no longer stopping: ActivityRecord{f709d59 u0 com.coship.guiWebview/.MainActivity t9}
E/chromium( 2575): [ERROR:WebViewImpl.cpp(484)] WebView::init************************************
E/chromium( 2575): [ERROR:WebViewImpl.cpp(516)] WebViewImpl::register inin************************************
D/[NGBH]  ( 2575): construct this 0x29581948 NGBEventThread -------------
D/[NGBH]  ( 2575): NGBEventThread start ,threadid 0,process id 2575,main thread id 2821
D/[NGBH]  ( 2575): NGBEventThread start ,threadid -1626548736
E/chromium( 2575): [ERROR:WebViewImpl.cpp(522)] WebViewImpl::m_ngbeventthread in
D/[NGBH]  ( 2575): NGBEventThread::set_callback ........
D/[NGBH]  ( 2575): NGBEventThread::setViewTransparentCallback handle=0x2be9c000
E/chromium( 2575): [ERROR:WebViewImpl.cpp(527)] WebViewImpl::m_ngbeventthread 22
D/[NGBH]  ( 2575): NGBEventThread ngbEventThread ,process id 2575,plugin thread id 2827
D/[NGBH]  ( 2575): NGBEventThread m_msgqueue 0x9f0f5f70
I/chromium( 2575): [INFO:FrameLoader.cpp(1574)] zmr inject javascript globally=="test"
D/MMCP    ( 1643): <DTVALManager> [DTVAL_getTunerStatus,562]----------out CSTuner_getTunerStatus failed... nRet = -1
I/chromium( 2575): [INFO:FrameLoader.cpp(1576)] zmr inject javascript globally=="!(function (window) {\r\n    if (\"undefined\" == typeof window.iPanel) {\r\n//        window.defaultFramePath = 'http://10.9.211.120/atest/2.xinjiang/coship/';\r\n        // window.defaultFramePath = 'http://10.26.51.44:82/mnui_tvostest/tvmnui/modules/mnui/public/';\r\n        window.defaultFramePath = \"\";\r\n        var TAG = \"inject\";\r\n\r\n        /**************** E ***************************/\r\n        Expansion = {\r\n            form_key_menu: false,\r\n            stb_id: hardware.STB.serialNumber,\r\n            trim: function (str) {\r\n                return str.replace(/(^\\s*)|(\\s*$)/g, \"\");\r\n            },\r\n            $: function (id) {\r\n                return window.document.getElementById(id);\r\n            },\r\n            get_ca_id: function () {\r\n                var cardId = iPanel.misc.getUserCharsetStr(CA.card.cardId, \"gb2312\");\r\n                var cardId_number = cardId.length;\r\n                var show_cardId = \"\";\r\n                while (cardId_number > 0) {\r\n                    var id = cardId.substring(cardId_number - 1, cardId_number);\r\n                    if (!isNaN(parseInt(id))) {\r\n                        show_cardId = id + show_cardId;\r\n                    }\r\n                    if (show_cardId.length == 11) break;\r\n                    cardId_number--;\r\n                }\r\n\r\n                if (CA.getCAType == \"IRDETO_V3\") {\r\n                    show_cardId += \"(IRDETOCA)\";\r\n                } else {\r\n                    show_cardId += \"(sumavision)\";\r\n                }\r\n                return show_cardId;\r\n            }\r\n        };\r\n        Expansion.CA_OBJ = {\r\n            ca_message: null,\r\n            // messageId: string  event.modifiers\r\n            checkCAType: function (messageId) {\r\n                var CAText = this.getCAMessageTextById(messageId);\r\n                if (CAText == \"\") {\r\n                    return -1;\r\n                } else {\r\n                    return this.getCaMessageTypeById(messageId);\r\n                }\r\n            },\r\n            // \u00E8\u008E\u00B7\u00E5\u008F\u0096CA\u00E9\u0094\u0099\u00E8\u00AF\u00AF\u00E6\u008F\u0090\u00E7\u00A4\u00BA\u00E4\u00BF\u00A1\u00E6\u0081\u00AF\r\n            getCAMessageTextById: function (messageId) {\r\n                var ca_message_type = this.getCaMessageTypeById(messageId);\r\n                var remind_txt = \"\";\r\n                switch (ca_message_type) {\r\n                    case 101:\r\n                        remind_txt = \"\u00E5\u008F\u0096\u00E6\u00B6\u0088\u00E5\u00BD\u0093\u00E5\u0089\u008D\u00E7\u009A\u0084\u00E6\u0098\u00BE\u00E7\u00A4\u00BA\";\r\n                        break;\r\n                    case 102:\r\n                        remind_txt = \"\u00E6\u0097\u00A0\u00E6\u00B3\u0095\u00E8\u00AF\u0086\u00E5\u0088\u00AB\u00E5\u008D\u00A1,\u00E8\u00AF\u00B7\u00E9\u0087\u008D\u00E6\u0096\u00B0\u00E6\u008F\u0092\u00E5\u0085\u00A5\u00E6\u0088\u0096\u00E5\u0092\u00A8\u00E8\u00AF\u00A2\u00E5\u00AE\u00A2\u00E6\u009C\u008D96566\";\r\n                        break;\r\n                    case 103:\r\n                        remind_txt = \"\u00E6\u0099\u00BA\u00E8\u0083\u00BD\u00E5\u008D\u00A1\u00E5\u00B7\u00B2\u00E7\u00BB\u008F\u00E8\u00BF\u0087\u00E6\u009C\u009F\u00EF\u00BC\u008C\u00E8\u00AF\u00B7\u00E6\u009B\u00B4\u00E6\u008D\u00A2\u00E6\u0096\u00B0\u00E5\u008D\u00A1\u00E6\u0088\u0096\u00E5\u0092\u00A8\u00E8\u00AF\u00A2\u00E5\u00AE\u00A2\u00E6\u009C\u008D96566\";\r\n                        break;\r\n                    case 104:\r\n                        remind_txt = \"\u00E5\u008A\u00A0\u00E6\u0089\u00B0\u00E8\u008A\u0082\u00E7\u009B\u00AE\u00EF\u00BC\u008C\u00E6\u008F\u0092\u00E5\u0085\u00A5\u00E6\u0099\u00BA\u00E8\u0083\u00BD\u00E5\u008D\u00A1\";\r\n                        break;\r\n                    case 105:\r\n                        remind_txt = \"\u00E5\u008D\u00A1\u00E4\u00B8\u00AD\u00E4\u00B8\u008D\u00E5\u00A
E/Coship_HomePlayer( 2528): [DNLARender],File[DLNARender.java]Line[142]FUN[startMediaRendererSync],err msg: mediaRenderer start success 
I/art     ( 2485): Background partial concurrent mark sweep GC freed 665(138KB) AllocSpace objects, 0(0B) LOS objects, 39% free, 2MB/4MB, paused 5.686ms total 111.715ms
D/OTTDVB  ( 2485): ----className:MainActivity----msg:onCreate
D/        ( 2575): NGBCSStb serialNumber 
W/androidx( 2575): androidxGet key = sn
E/Androidx( 2575): [readDataFromFS][491] open file(/stbinfo/sn.bin) failed:No such file or directory
E/Androidx( 2575): [getSN][1173] read sn.bin failed
I/TESTAPP ( 2803): [BackDoorReceiver] onReceive = android.intent.action.BOOT_COMPLETED
I/TESTAPP ( 2803): [BackDoorReceiver] prev time = 29843
W/ContextImpl( 2803): Calling a method in the system process without a qualified user: android.app.ContextImpl.startService:1710 android.content.ContextWrapper.startService:516 android.content.ContextWrapper.startService:516 com.coship.TestApp.BackDoorReceiver.onReceive:45 android.app.ActivityThread.handleReceiver:2609 
I/chromium( 2575): [INFO:CONSOLE(321)] "inject current  url:about:blank  return ", source:  (321)
W/art     ( 2485): Before Android 4.1, method android.graphics.PorterDuffColorFilter android.support.graphics.drawable.VectorDrawableCompat.updateTintFilter(android.graphics.PorterDuffColorFilter, android.content.res.ColorStateList, android.graphics.PorterDuff$Mode) would have incorrectly overridden the package-private method in android.graphics.drawable.Drawable
D/        ( 2575): NGBCSDvb NGBCSDvb 
E/TvosMediaPlayer( 2575): constructor: TvosMediaPlayer
I/chromium( 2575): [INFO:CONSOLE(321)] "releasePlay", source:  (321)
D/TvosMediaPlayer( 2575): pthread_create  m_checkSiTreadId2668420480
D/        ( 2575): PcslMedia_getInstance iPanelMediaPlayerX::iPanelNewTvosMedia ...
D/        ( 2575): NGBCSVideo NGBCSVideo 
E/TvosMediaPlayer( 2575): setvideoarea: tvosSetVideoArea(0, 0, 0, 0)
E/TvosMediaPlayer( 2575): mplayer is null
E/TvosMediaPlayer( 2575): setvideodisplay: tvosSetVideoDisplay
E/TvosMediaPlayer( 2575): mplayer is null
D/        ( 2575): NGBCSDvb::stopAV with type stopAV 
E/TvosMediaPlayer( 2575): setstopmode: tvosSetStopMode, mode:0
E/TvosMediaPlayer( 2575): mplayer is null
D/        ( 2575): NGBCSDvb::stopAV  with type PcslMedia_SetStopMode nRet = -1
E/TvosMediaPlayer( 2575): stop: tvosStop
E/TvosMediaPlayer( 2575): mplayer is null!
D/        ( 2575): NGBCSDvb::stopAV  with error stopAV nRet = -1
E/TvosMediaPlayer( 2575): release: tvosRelease
E/TvosMediaPlayer( 2575): mplayer is null!
D/        ( 2575): NGBCSDvb::PcslMedia_Release stopAV nRet = -1
D/[NGBH]  ( 2575): [TVOSSetViewTransparent][68] in transparent=0
E/chromium( 2575): [ERROR:WebViewImpl.cpp(4656)] WebViewImpl::handleViewTransparentCallback in************************************
E/chromium( 2575): [ERROR:WebViewImpl.cpp(4663)] WebViewImpl::handleViewTransparent in************************************
D/[NGBH]  ( 2575): [TVOSSetViewTransparent][78] out transparent=0
D/        ( 2575): NGBCSDvb getDVBmp 
E/TvosMediaPlayer( 2575): setvideoarea: tvosSetVideoArea(-1, -1, -1, -1)
E/TvosMediaPlayer( 2575): mplayer is null
D/DTVALManager( 2575): NGBCSAv getAvmpflag 
D/        ( 2575): NGBCSVideo setPosition rect:-1:-1:-1:-1
D/        ( 2575): NGBCSMedia NGBCSMedia 
D/DTVALManager( 2575): NGBCSAv NGBCSAv 
D/        ( 2575): NGBCSVideo NGBCSVideo 
D/MMCP    ( 2575): [31m[1m<DTVALManager> [ERROR] iDtvalAddCallback add 
D/MMCP    ( 2575): [0m
D/MMCP    ( 1643): <DTVALManager> Receive DTVAL_AddEventCallBack
D/TvosMediaPlayer( 2575): [ThreadWrapper]   ThreadWrapper-----line 1743 , 
D/TvosMediaPlayer( 2575): [threadFunc]   -----line 1753 , 
D/MMCP    ( 1643): [31m[1m<DTVALManager> [ERROR] DTVAL_AddEventCallBack(callingPid 2575, clientPid 2575)
D/MMCP    ( 1643): [0m
D/TvosMediaPlayer( 2575): [threadFunc]   --pthread_exit --line 1928 , 
D/MMCP    ( 1643): <DTVALManager> [DTVAL_AddEventCallBack.2602]Enter ... in  
D/        ( 2575): NGBCSSound NGBCSSound 
D/        ( 2575): NGBCSVideo NGBCSVideo 
D/        ( 2575): NGBCSMedia NGBCSMedia 222
D/        ( 2575): NGBCSMedia aV 
D/DTVALManager( 2575): NGBCSAv close 
E/DTVALManager( 2575): NGBCSAv close CsAvGetIntance ERRORL
V/chromium( 2575): [VERBOSE1:child_thread_impl.cc(371)] Mojo is disabled on child
I/ActivityManager( 2100): Start proc 2832:com.coship.TestApp:TestAppBackDoorService/1000 for service com.coship.TestApp/.BackDoorService
E/libEGL  ( 2575): validate_display:255 error 3008 (EGL_BAD_DISPLAY)
E/libprocessgroup( 2832): failed to make and chown /acct/uid_1000: Read-only file system
W/Zygote  ( 2832): createProcessGroup failed, kernel missing CONFIG_CGROUP_CPUACCT?
W/VideoCapabilities( 2575): Unrecognized profile 4096 for video/hevc
W/VideoCapabilities( 2575): Unrecognized profile 4096 for video/hevc
W/VideoCapabilities( 2575): Unrecognized profile 4096 for video/hevc
W/VideoCapabilities( 2575): Unrecognized profile 4096 for video/hevc
W/VideoCapabilities( 2575): Unrecognized profile 4096 for video/hevc
W/VideoCapabilities( 2575): Unrecognized profile 4096 for video/hevc
W/VideoCapabilities( 2575): Unrecognized profile 4096 for video/hevc
W/VideoCapabilities( 2575): Unrecognized profile 4096 for video/hevc
W/VideoCapabilities( 2575): Unrecognized profile 4096 for video/hevc
W/VideoCapabilities( 2575): Unrecognized profile 4096 for video/hevc
W/VideoCapabilities( 2575): Unrecognized profile 4096 for video/hevc
W/VideoCapabilities( 2575): Unrecognized profile 4096 for video/hevc
W/VideoCapabilities( 2575): Unrecognized profile 4096 for video/hevc
W/VideoCapabilities( 2575): Unrecognized profile 4096 for video/hevc
W/VideoCapabilities( 2575): Unrecognized profile 4096 for video/hevc
W/VideoCapabilities( 2575): Unrecognized profile 4096 for video/hevc
W/VideoCapabilities( 2575): Unrecognized profile 4096 for video/hevc
W/VideoCapabilities( 2575): Unrecognized profile 4096 for video/hevc
W/VideoCapabilities( 2575): Unrecognized profile 4096 for video/hevc
W/VideoCapabilities( 2575): Unrecognized profile 4096 for video/hevc
W/VideoCapabilities( 2575): Unrecognized profile 4096 for video/hevc
W/VideoCapabilities( 2575): Unrecognized profile 4096 for video/hevc
W/VideoCapabilities( 2575): Unrecognized profile 4096 for video/hevc
W/VideoCapabilities( 2575): Unrecognized profile 4096 for video/hevc
W/VideoCapabilities( 2575): Unrecognized profile 4096 for video/hevc
W/VideoCapabilities( 2575): Unrecognized profile 4096 for video/hevc
W/VideoCapabilities( 2575): Unrecognized profile 4096 for video/hevc
W/VideoCapabilities( 2575): Unrecognized profile 4096 for video/hevc
W/VideoCapabilities( 2575): Unrecognized profile 4096 for video/hevc
W/VideoCapabilities( 2575): Unrecognized profile 4096 for video/hevc
W/VideoCapabilities( 2575): Unrecognized profile 4096 for video/hevc
W/VideoCapabilities( 2575): Unrecognized profile 4096 for video/hevc
W/VideoCapabilities( 2575): Unrecognized profile 4096 for video/hevc
W/VideoCapabilities( 2575): Unrecognized profile 4096 for video/hevc
W/VideoCapabilities( 2575): Unrecognized profile/level 32768/2 for video/mp4v-es
I/art     ( 1659): Explicit concurrent mark sweep GC freed 705(30KB) AllocSpace objects, 0(0B) LOS objects, 39% free, 1920KB/3MB, paused 405us total 27.012ms
W/VideoCapabilities( 2575): Unrecognized profile/level 32768/2 for video/mp4v-es
W/VideoCapabilities( 2575): Unsupported mime video/mpeg2
W/VideoCapabilities( 2575): Unsupported mime video/mpeg2
W/VideoCapabilities( 2575): Unrecognized level 16 for video/x-vnd.on2.vp9
W/VideoCapabilities( 2575): Unrecognized level 32 for video/x-vnd.on2.vp9
W/VideoCapabilities( 2575): Unrecognized level 64 for video/x-vnd.on2.vp9
W/VideoCapabilities( 2575): Unrecognized level 128 for video/x-vnd.on2.vp9
W/VideoCapabilities( 2575): Unrecognized level 256 for video/x-vnd.on2.vp9
W/VideoCapabilities( 2575): Unrecognized level 512 for video/x-vnd.on2.vp9
W/VideoCapabilities( 2575): Unrecognized profile 4 for video/x-vnd.on2.vp9
W/VideoCapabilities( 2575): Unrecognized profile 4 for video/x-vnd.on2.vp9
W/VideoCapabilities( 2575): Unrecognized profile 4 for video/x-vnd.on2.vp9
W/VideoCapabilities( 2575): Unrecognized profile 4 for video/x-vnd.on2.vp9
W/VideoCapabilities( 2575): Unrecognized level 16 for video/x-vnd.on2.vp9
W/VideoCapabilities( 2575): Unrecognized profile 4 for video/x-vnd.on2.vp9
W/VideoCapabilities( 2575): Unrecognized level 32 for video/x-vnd.on2.vp9
W/VideoCapabilities( 2575): Unrecognized profile 4 for video/x-vnd.on2.vp9
W/VideoCapabilities( 2575): Unrecognized level 64 for video/x-vnd.on2.vp9
W/VideoCapabilities( 2575): Unrecognized profile 4 for video/x-vnd.on2.vp9
W/VideoCapabilities( 2575): Unrecognized level 128 for video/x-vnd.on2.vp9
W/VideoCapabilities( 2575): Unrecognized profile 4 for video/x-vnd.on2.vp9
W/VideoCapabilities( 2575): Unrecognized level 256 for video/x-vnd.on2.vp9
W/VideoCapabilities( 2575): Unrecognized profile 4 for video/x-vnd.on2.vp9
W/VideoCapabilities( 2575): Unrecognized level 512 for video/x-vnd.on2.vp9
W/VideoCapabilities( 2575): Unrecognized profile 4 for video/x-vnd.on2.vp9
W/VideoCapabilities( 2575): Unrecognized profile 4096 for video/x-vnd.on2.vp9
W/VideoCapabilities( 2575): Unrecognized profile 4096 for video/x-vnd.on2.vp9
W/VideoCapabilities( 2575): Unrecognized profile 4096 for video/x-vnd.on2.vp9
W/VideoCapabilities( 2575): Unrecognized profile 4096 for video/x-vnd.on2.vp9
W/VideoCapabilities( 2575): Unrecognized level 16 for video/x-vnd.on2.vp9
W/VideoCapabilities( 2575): Unrecognized profile 4096 for video/x-vnd.on2.vp9
W/VideoCapabilities( 2575): Unrecognized level 32 for video/x-vnd.on2.vp9
W/VideoCapabilities( 2575): Unrecognized profile 4096 for video/x-vnd.on2.vp9
W/VideoCapabilities( 2575): Unrecognized level 64 for video/x-vnd.on2.vp9
W/VideoCapabilities( 2575): Unrecognized profile 4096 for video/x-vnd.on2.vp9
W/VideoCapabilities( 2575): Unrecognized level 128 for video/x-vnd.on2.vp9
W/VideoCapabilities( 2575): Unrecognized profile 4096 for video/x-vnd.on2.vp9
W/VideoCapabilities( 2575): Unrecognized level 256 for video/x-vnd.on2.vp9
W/VideoCapabilities( 2575): Unrecognized profile 4096 for video/x-vnd.on2.vp9
W/VideoCapabilities( 2575): Unrecognized level 512 for video/x-vnd.on2.vp9
W/VideoCapabilities( 2575): Unrecognized profile 4096 for video/x-vnd.on2.vp9
W/VideoCapabilities( 2575): Unrecognized level 16 for video/x-vnd.on2.vp9
W/VideoCapabilities( 2575): Unrecognized level 32 for video/x-vnd.on2.vp9
W/VideoCapabilities( 2575): Unrecognized level 64 for video/x-vnd.on2.vp9
W/VideoCapabilities( 2575): Unrecognized level 128 for video/x-vnd.on2.vp9
W/VideoCapabilities( 2575): Unrecognized level 256 for video/x-vnd.on2.vp9
W/VideoCapabilities( 2575): Unrecognized level 512 for video/x-vnd.on2.vp9
W/VideoCapabilities( 2575): Unrecognized profile 4 for video/x-vnd.on2.vp9
W/VideoCapabilities( 2575): Unrecognized profile 4 for video/x-vnd.on2.vp9
W/VideoCapabilities( 2575): Unrecognized profile 4 for video/x-vnd.on2.vp9
W/VideoCapabilities( 2575): Unrecognized profile 4 for video/x-vnd.on2.vp9
W/VideoCapabilities( 2575): Unrecognized level 16 for video/x-vnd.on2.vp9
W/VideoCapabilities( 2575): Unrecognized profile 4 for video/x-vnd.on2.vp9
W/VideoCapabilities( 2575): Unrecognized level 32 for video/x-vnd.on2.vp9
W/VideoCapabilities( 2575): Unrecognized profile 4 for video/x-vnd.on2.vp9
W/VideoCapabilities( 2575): Unrecognized level 64 for video/x-vnd.on2.vp9
W/VideoCapabilities( 2575): Unrecognized profile 4 for video/x-vnd.on2.vp9
W/VideoCapabilities( 2575): Unrecognized level 128 for video/x-vnd.on2.vp9
W/VideoCapabilities( 2575): Unrecognized profile 4 for video/x-vnd.on2.vp9
W/VideoCapabilities( 2575): Unrecognized level 256 for video/x-vnd.on2.vp9
W/VideoCapabilities( 2575): Unrecognized profile 4 for video/x-vnd.on2.vp9
W/VideoCapabilities( 2575): Unrecognized level 512 for video/x-vnd.on2.vp9
W/VideoCapabilities( 2575): Unrecognized profile 4 for video/x-vnd.on2.vp9
W/VideoCapabilities( 2575): Unrecognized profile 4096 for video/x-vnd.on2.vp9
W/VideoCapabilities( 2575): Unrecognized profile 4096 for video/x-vnd.on2.vp9
W/VideoCapabilities( 2575): Unrecognized profile 4096 for video/x-vnd.on2.vp9
W/VideoCapabilities( 2575): Unrecognized profile 4096 for video/x-vnd.on2.vp9
