I/udi2_filter( 1643): alloc coship match,mask,negate:0x0,0x0,0x0
I/udi2_filter( 1643): alloc coship match,mask,negate:0x0,0x0,0x0
I/udi2_filter( 1643): alloc coship match,mask,negate:0x0,0x0,0x0
I/udi2_filter( 1643): alloc coship match,mask,negate:0x0,0x0,0x0
I/udi2_filter( 1643): alloc coship match,mask,negate:0x0,0x0,0x0
I/udi2_filter( 1643): alloc coship match,mask,negate:0x0,0x0,0x0
I/udi2_filter( 1643): alloc coship match,mask,negate:0x0,0x0,0x0
I/udi2_filter( 1643): alloc coship match,mask,negate:0x0,0x0,0x0
I/udi2_filter( 1643): alloc coship match,mask,negate:0x0,0x0,0x0
I/udi2_filter( 1643): alloc coship match,mask,negate:0x0,0x0,0x0
I/udi2_filter( 1643): alloc coship match,mask,negate:0x0,0x0,0x0
I/udi2_filter( 1643): alloc coship match,mask,negate:0x0,0x0,0x0
I/udi2_filter( 1643): alloc coship match,mask,negate:0x0,0x0,0x0
I/udi2_filter( 1643): alloc coship match,mask,negate:0x0,0x0,0x0
I/udi2_filter( 1643): alloc coship match,mask,negate:0x0,0x0,0x0
I/udi2_filter( 1643): u32Handle:0xb698d618,hChannel:0xa1000001,hFilter:0xa020003, pid 0x14
I/udi2_filter( 1643): CSUDIFILTERAllocate------------j=3---------------------->OUT
I/udi2_filter( 1643): CSUDIFILTERStart call hFilterHandle=0xb698d618 -------------->IN
I/udi2_filter( 1643): CSUDIFILTERStart---------------------------------------------------->OUT
D/MMCP    ( 1643): [31m[1m<dtv.section> [ERROR] Request  ---->RequestSection()
D/MMCP    ( 1643): [0m
D/MMCP    ( 1643): [31m[1m<dtv.section> [ERROR] [AddInuseSectionWork]:'380
D/MMCP    ( 1643): [0m
D/MMCP    ( 1643): [31m[1m<dtv.section> [ERROR] RequestSection --> Request
D/MMCP    ( 1643): [0m
D/MMCP    ( 1643): [31m[1m<LOADER> [ERROR] *****************************************************
D/MMCP    ( 1643): [0m
D/MMCP    ( 1643): [31m[1m<LOADER> [ERROR] * Copyright(C)2010-2100 coship Co.,Ltd,All right    *
D/MMCP    ( 1643): [0m
D/MMCP    ( 1643): [31m[1m<LOADER> [ERROR] * Bootloader    Version:                            *
D/MMCP    ( 1643): [0m
D/MMCP    ( 1643): [31m[1m<LOADER> [ERROR] *     CSBLLibrary Ver:06.01.01_git(8ae9452)(stepbystep) (def.config) () (mode:ManualCompile) *
D/MMCP    ( 1643): [0m
D/MMCP    ( 1643): [31m[1m<LOADER> [ERROR] * Porting Build DATE: Apr 21 2017 15:21:10          *
D/MMCP    ( 1643): [0m
D/MMCP    ( 1643): [31m[1m<LOADER> [ERROR] *****************************************************
D/MMCP    ( 1643): [0m
D/MMCP    ( 1643): [31m[1m<BootLoader> [ERROR] Read sysconfig  
D/MMCP    ( 1643): [0m
D/MMCP    ( 1643): [31m[1m<CA_COMMON> [ERROR] [CSCASetDataFilePath] nSmcType=2[0m
D/MMCP    ( 1643): 
D/MMCP    ( 1643): [CA-INF][CSCASetDataFilePath] enter! 
D/MMCP    ( 1643): [31m[1m 
D/MMCP    ( 1643): [CA_NVM][SHIXUNNVMSetDataFilePath] Save ca data to file![0m
D/MMCP    ( 1643): 
D/MMCP    ( 1643): [CA-INF][CSCASetDataFilePath] return ret:0! 
D/MMCP    ( 1643): [31m[1m [CSCASetDataFilePath] nSmcType=3[0m
D/MMCP    ( 1643): [31m[1m [CA-INF][CSCASetDataFilePath] enter! [0m
D/MMCP    ( 1643): [31m[1m [CA_NVM][IRDETONVMSetDataFilePath] Save ca data to file![0m
D/MMCP    ( 1643): [31m[1m [CA-INF][CSCASetDataFilePath] return ret:0! [0m
I/DTV_Init( 1643): CSUDIGetSimIndex  nSimIndex=1, nRet=0  
D/MMCP    ( 1643): [31m[1m [CSIRDTOSetSmcPort, 664]Enter in ... nPort = 1
D/MMCP    ( 1643): [0m
D/MMCP    ( 1643): [31m[1m<IrdetoSmc> [ERROR] [CSIRDTOSetSmcPort, 676]Enter out... eRet = 1
D/MMCP    ( 1643): [0m
D/MMCP    ( 1643): <ca_shuma_irdto_tvos> [CSPluginCa_Shuma_Irdto_tvosInit 3209]Enter In...
D/MMCP    ( 1643): <ca_shuma_irdto_tvos> [iShumaInit 3115] iShumaInit-------in------ 
D/MMCP    ( 1643): <DTVALManager> CSShellCaAddCardChangedCallback EM_CSSHELL_CA_REG_CALLBACK_SUCCESS
D/MMCP    ( 1643): 
D/MMCP    ( 1643): nRet = 0
D/MMCP    ( 1643): 
D/MMCP    ( 1643): [31m[1m [CA-INF] CSCARegisterMsgCallback 005061fd![0m
D/MMCP    ( 1643): [31m[1m [CA-INF] CSIRDTOCAMsgRegisterCallback nRet = 0 ![0m
D/MMCP    ( 1643): [CA-INF] CS_CA_RegisterMsgCallback 005061fd!
D/MMCP    ( 1643): 
D/MMCP    ( 1643): [TF_CA]: CSCAMsgRegisterCallback fcbMsg:0x5061fd !!!
D/MMCP    ( 1643): <DTVALManager> 
D/MMCP    ( 1643): [TF_CA]: CSCAMsgRegisterCallback nRet:0 !!!
D/MMCP    ( 1643): [31m[1m<CA_COMMON> [ERROR] [CA-INF] CSSMCARegisterMsgCallback nRet = 0 ![0m
D/MMCP    ( 1643): [CSShellDvtCaSetParam.122] ------------out
D/MMCP    ( 1643): <DTVALManager> CSShellDvtCaSetConfig m_dwFlsAddressCA=0,m_dwFlsAddressCABACK=0
D/MMCP    ( 1643): 
D/MMCP    ( 1643): [iShumaInit 3175] stInitGCableParam.m_fnGCableCAGetRegionCode =  0x514785 
D/MMCP    ( 1643): <ca_shuma_irdto_tvos> [iShumaInit 3178]CSShellGCableCASetParam Ret =	1
D/MMCP    ( 1643): <ca_shuma_irdto_tvos> [iShumaInit 3179]  -------out------ 
D/MMCP    ( 1643): <ca_shuma_irdto_tvos> [iIrdtoCaInit 741]  -------in------ 
D/MMCP    ( 1643): <ca_shuma_irdto_tvos> [CSIrdeto3ProcessInit 55]Enter In...
D/MMCP    ( 1643): <ca_shuma_irdto_tvos> [CSIrdeto3ProcessInit 64]Enter Out...
D/MMCP    ( 1643): <ca_shuma_irdto_tvos> [iIrdtoCaInit 797]  -------out------ 
D/MMCP    ( 1643): [31m[1m<CA_COMMON> [ERROR] [CS_CA_Init] ----------------------in[0m
D/MMCP    ( 1643): [CS_SMCA_Init 322]----------------------------- in 
D/MMCP    ( 1643): <shuma_caporting> CA INIT Start
D/MMCP    ( 1643): 
D/MMCP    ( 1643): -------------------------------------------------------------
D/MMCP    ( 1643): 
D/MMCP    ( 1643):  CA Component Building Date: Nov 22 2018, 18:50:47, Ver:X-00000000-00.02.19
D/MMCP    ( 1643): 
D/MMCP    ( 1643): -------------------------------------------------------------
D/MMCP    ( 1643): [31m[1m<shuma_caporting> [ERROR] 
D/MMCP    ( 1643): [CS_CA_NvmInit] QueueId:B403D500, TaskId:B4094C00
D/MMCP    ( 1643): [0m
D/MMCP    ( 1643): <shuma_caporting> CAK INIT Start
D/MMCP    ( 1643): cs--[CA_CAS] 
D/MMCP    ( 1643):  Sumavision Date:Jan  8 2019 01:22:22  Version:023259000818102607 
D/MMCP    ( 1643): 
D/MMCP    ( 1643): <DTVALManager> CSShellDvtCaGetConfig m_dwFlsAddressCA=0,m_dwFlsAddressCABACK=0
D/MMCP    ( 1643): 
D/MMCP    ( 1643): [31m[1m 
D/MMCP    ( 1643): [DVTSTBCA_GetDataBufferAddr]--ppStartAddr:00000000
D/MMCP    ( 1643): [0m
D/MMCP    ( 1643): [31m[1m<shuma_caporting> [ERROR] 
D/MMCP    ( 1643): [DVTSTBCA_ReadDataBuffer]--Start, Paddr:0,  plDataLen:BEE097A0
D/MMCP    ( 1643): [0m
D/MMCP    ( 1643): [31m[1m<shuma_caporting> [ERROR] 
D/MMCP    ( 1643): [DVTSTBCA_ReadDataBuffer]--Over
D/MMCP    ( 1643): [0m
D/MMCP    ( 1643): <shuma_caporting> cs--[CA_CAS] 
D/MMCP    ( 1643): Not DVT format....
D/MMCP    ( 1643): <shuma_caporting> cs--[CA_CAS] 
D/MMCP    ( 1643): *****Write flash:CRC32
D/MMCP    ( 1643): <shuma_caporting> cs--[CA_CAS] d47baefa 
D/MMCP    ( 1643): [31m[1m<shuma_caporting> [ERROR] 
D/MMCP    ( 1643): [DVTSTBCA_WriteDataBuffer]--Start, Paddr:0,  plDataLen:BEE09774
D/MMCP    ( 1643): [0m
D/MMCP    ( 1643): [31m[1m<shuma_caporting> [ERROR] 
D/MMCP    ( 1643): [DVTSTBCA_WriteDataBuffer]--Over nRet=0
D/MMCP    ( 1643): [0m
D/MMCP    ( 1643): <shuma_caporting> cs--[CA_CAS] 
D/MMCP    ( 1643): WriteDataBuffer return=
D/MMCP    ( 1643): [31m[1m<shuma_caporting> [ERROR] 
D/MMCP    ( 1643):  [CA_FSProc] E_NVM_WRITE![0m
D/MMCP    ( 1643): [31m[1m  CS_CA_SaveSHIXUNDataToFS
D/MMCP    ( 1643): [0m
D/MMCP    ( 1643): <shuma_caporting> cs--[CA_CAS] 0 
D/MMCP    ( 1643): <shuma_caporting> cs--[CA_CAS] 
D/MMCP    ( 1643): *****Write flash:CRC32
D/MMCP    ( 1643): <shuma_caporting> cs--[CA_CAS] 4a8914f7 
D/MMCP    ( 1643): [31m[1m<shuma_caporting> [ERROR] 
D/MMCP    ( 1643): [DVTSTBCA_WriteDataBuffer]--Start, Paddr:6C,  plDataLen:BEE09774
D/MMCP    ( 1643): [0m
D/MMCP    ( 1643): [31m[1m<shuma_caporting> [ERROR] [iNVMWriteToFile:142] pcFileName=/cadata/SM_CaBaseFile.data, dwLen=65536, dwOffset=0
D/MMCP    ( 1643): [0m
D/MMCP    ( 1643): [31m[1m<shuma_caporting> [ERROR] 
D/MMCP    ( 1643): [CA_MemWrite] Start:pcStartAddr:6C, Len:72, pcData:B6D5F138
D/MMCP    ( 1643): [0m
D/MMCP    ( 1643): <DTVALManager> CSShellDvtCaGetConfig m_dwFlsAddressCA=0,m_dwFlsAddressCABACK=0
D/MMCP    ( 1643): 
D/MMCP    ( 1643): [31m[1m 
D/MMCP    ( 1643): [CA_MemWrite] Exit
D/MMCP    ( 1643): [0m
D/MMCP    ( 1643): [31m[1m<shuma_caporting> [ERROR] 
D/MMCP    ( 1643): [DVTSTBCA_WriteDataBuffer]- nRet=0
D/MMCP    ( 1643): [0m
D/MMCP    ( 1643): [31m[1m<shuma_caporting> [ERROR] 
D/MMCP    ( 1643): [DVTSTBCA_WriteDataBuffer]--Over nRet=0
D/MMCP    ( 1643): [0m
D/MMCP    ( 1643): <shuma_caporting> cs--[CA_CAS] 
D/MMCP    ( 1643): WriteDataBuffer return=
D/MMCP    ( 1643): <shuma_caporting> cs--[CA_CAS] 0 
D/MMCP    ( 1643): <shuma_caporting> cs--[CA_CAS] 
D/MMCP    ( 1643): *****Write flash:CRC32
D/MMCP    ( 1643): <shuma_caporting> cs--[CA_CAS] f93ec298 
D/MMCP    ( 1643): [31m[1m<shuma_caporting> [ERROR] 
D/MMCP    ( 1643): [DVTSTBCA_WriteDataBuffer]--Start, Paddr:B4,  plDataLen:BEE09774
D/MMCP    ( 1643): [0m
D/MMCP    ( 1643): [31m[1m<shuma_caporting> [ERROR] 
D/MMCP    ( 1643): [CA_MemWrite] Start:pcStartAddr:B4, Len:20484, pcData:B6D47CBC
D/MMCP    ( 1643): [0m
D/MMCP    ( 1643): <DTVALManager> CSShellDvtCaGetConfig m_dwFlsAddressCA=0,m_dwFlsAddressCABACK=0
D/MMCP    ( 1643): 
D/MMCP    ( 1643): [31m[1m 
D/MMCP    ( 1643): [CA_MemWrite] Exit
D/MMCP    ( 1643): [0m
D/MMCP    ( 1643): [31m[1m<shuma_caporting> [ERROR] 
D/MMCP    ( 1643): [DVTSTBCA_WriteDataBuffer]- nRet=0
D/MMCP    ( 1643): [0m
D/MMCP    ( 1643): [31m[1m<shuma_caporting> [ERROR] 
D/MMCP    ( 1643): [DVTSTBCA_WriteDataBuffer]--Over nRet=0
D/MMCP    ( 1643): [0m
D/MMCP    ( 1643): <shuma_caporting> cs--[CA_CAS] 
D/MMCP    ( 1643): WriteDataBuffer return=
D/MMCP    ( 1643): <shuma_caporting> cs--[CA_CAS] 0 
D/MMCP    ( 1643): <shuma_caporting> cs--[CA_CAS] 
D/MMCP    ( 1643): *****Write flash:CRC32
D/MMCP    ( 1643): <shuma_caporting> cs--[CA_CAS] 3b7d2b41 
D/MMCP    ( 1643): [31m[1m<shuma_caporting> [ERROR] 
D/MMCP    ( 1643): [DVTSTBCA_WriteDataBuffer]--Start, Paddr:50B8,  plDataLen:BEE09774
D/MMCP    ( 1643): [0m
D/MMCP    ( 1643): [31m[1m<shuma_caporting> [ERROR] 
D/MMCP    ( 1643): [CA_MemWrite] Start:pcStartAddr:50B8, Len:1208, pcData:B6D5E0F4
D/MMCP    ( 1643): [0m
D/MMCP    ( 1643): <DTVALManager> CSShellDvtCaGetConfig m_dwFlsAddressCA=0,m_dwFlsAddressCABACK=0
D/MMCP    ( 1643): 
D/MMCP    ( 1643): [31m[1m 
D/MMCP    ( 1643): [CA_MemWrite] Exit
D/MMCP    ( 1643): [0m
D/MMCP    ( 1643): [31m[1m<shuma_caporting> [ERROR] 
D/MMCP    ( 1643): [DVTSTBCA_WriteDataBuffer]- nRet=0
D/MMCP    ( 1643): [0m
D/MMCP    ( 1643): [31m[1m<shuma_caporting> [ERROR] 
D/MMCP    ( 1643): [DVTSTBCA_WriteDataBuffer]--Over nRet=0
D/MMCP    ( 1643): [0m
D/MMCP    ( 1643): <shuma_caporting> cs--[CA_CAS] 
D/MMCP    ( 1643): WriteDataBuffer return=
D/MMCP    ( 1643): <shuma_caporting> cs--[CA_CAS] 0 
D/MMCP    ( 1643): <shuma_caporting> cs--[CA_CAS] 
D/MMCP    ( 1643): *****Write flash:CRC32
D/MMCP    ( 1643): <shuma_caporting> cs--[CA_CAS] c704dd7b 
D/MMCP    ( 1643): [31m[1m<shuma_caporting> [ERROR] 
D/MMCP    ( 1643): [DVTSTBCA_WriteDataBuffer]--Start, Paddr:5570,  plDataLen:BEE09774
D/MMCP    ( 1643): [0m
D/MMCP    ( 1643): [31m[1m<shuma_caporting> [ERROR] 
D/MMCP    ( 1643): [CA_MemWrite] Start:pcStartAddr:5570, Len:8, pcData:B6D5F298
D/MMCP    ( 1643): [0m
D/MMCP    ( 1643): <DTVALManager> CSShellDvtCaGetConfig m_dwFlsAddressCA=0,m_dwFlsAddressCABACK=0
D/MMCP    ( 1643): 
D/MMCP    ( 1643): [31m[1m 
D/MMCP    ( 1643): [CA_MemWrite] Exit
D/MMCP    ( 1643): [0m
D/MMCP    ( 1643): [31m[1m<shuma_caporting> [ERROR] 
D/MMCP    ( 1643): [DVTSTBCA_WriteDataBuffer]- nRet=0
D/MMCP    ( 1643): [0m
D/MMCP    ( 1643): [31m[1m<shuma_caporting> [ERROR] 
D/MMCP    ( 1643): [DVTSTBCA_WriteDataBuffer]--Over nRet=0
D/MMCP    ( 1643): [0m
D/MMCP    ( 1643): <shuma_caporting> cs--[CA_CAS] 
D/MMCP    ( 1643): WriteDataBuffer return=
D/MMCP    ( 1643): <shuma_caporting> cs--[CA_CAS] 0 
D/MMCP    ( 1643): <shuma_caporting> cs--[CA_CAS] 
D/MMCP    ( 1643): *****Write flash:CRC32
D/MMCP    ( 1643): <shuma_caporting> cs--[CA_CAS] b1751d25 
D/MMCP    ( 1643): [31m[1m<shuma_caporting> [ERROR] 
D/MMCP    ( 1643): [DVTSTBCA_WriteDataBuffer]--Start, Paddr:5578,  plDataLen:BEE09774
D/MMCP    ( 1643): [0m
D/MMCP    ( 1643): [31m[1m<shuma_caporting> [ERROR] 
D/MMCP    ( 1643): [CA_MemWrite] Start:pcStartAddr:5578, Len:408, pcData:B6D5EB9C
D/MMCP    ( 1643): [0m
D/MMCP    ( 1643): <DTVALManager> CSShellDvtCaGetConfig m_dwFlsAddressCA=0,m_dwFlsAddressCABACK=0
D/MMCP    ( 1643): 
D/MMCP    ( 1643): [31m[1m 
D/MMCP    ( 1643): [CA_MemWrite] Exit
D/MMCP    ( 1643): [0m
D/MMCP    ( 1643): [31m[1m<shuma_caporting> [ERROR] 
D/MMCP    ( 1643): [DVTSTBCA_WriteDataBuffer]- nRet=0
D/MMCP    ( 1643): [0m
D/MMCP    ( 1643): [31m[1m<shuma_caporting> [ERROR] 
D/MMCP    ( 1643): [DVTSTBCA_WriteDataBuffer]--Over nRet=0
D/MMCP    ( 1643): [0m
D/MMCP    ( 1643): <shuma_caporting> cs--[CA_CAS] 
D/MMCP    ( 1643): WriteDataBuffer return=
D/MMCP    ( 1643): <shuma_caporting> cs--[CA_CAS] 0 
D/MMCP    ( 1643): <shuma_caporting> cs--[CA_CAS] 
D/MMCP    ( 1643): *****Write flash:CRC32
D/MMCP    ( 1643): <shuma_caporting> cs--[CA_CAS] 759c6c31 
D/MMCP    ( 1643): [31m[1m<shuma_caporting> [ERROR] 
D/MMCP    ( 1643): [DVTSTBCA_WriteDataBuffer]--Start, Paddr:5710,  plDataLen:BEE09774
D/MMCP    ( 1643): [0m
D/MMCP    ( 1643): [31m[1m<shuma_caporting> [ERROR] 
D/MMCP    ( 1643): [CA_MemWrite] Start:pcStartAddr:5710, Len:2008, pcData:B6D5CC94
D/MMCP    ( 1643): [0m
D/MMCP    ( 1643): <DTVALManager> CSShellDvtCaGetConfig m_dwFlsAddressCA=0,m_dwFlsAddressCABACK=0
D/MMCP    ( 1643): 
D/MMCP    ( 1643): [31m[1m 
D/MMCP    ( 1643): [CA_MemWrite] Exit
D/MMCP    ( 1643): [0m
D/MMCP    ( 1643): [31m[1m<shuma_caporting> [ERROR] 
D/MMCP    ( 1643): [DVTSTBCA_WriteDataBuffer]- nRet=0
D/MMCP    ( 1643): [0m
D/MMCP    ( 1643): [31m[1m<shuma_caporting> [ERROR] 
D/MMCP    ( 1643): [DVTSTBCA_WriteDataBuffer]--Over nRet=0
D/MMCP    ( 1643): [0m
D/MMCP    ( 1643): <shuma_caporting> cs--[CA_CAS] 
D/MMCP    ( 1643): WriteDataBuffer return=
D/MMCP    ( 1643): <shuma_caporting> cs--[CA_CAS] 0 
D/MMCP    ( 1643): <shuma_caporting> cs--[CA_CAS] 
D/MMCP    ( 1643): *****Write flash:CRC32
D/MMCP    ( 1643): <shuma_caporting> cs--[CA_CAS] 9ff5e078 
D/MMCP    ( 1643): [31m[1m<shuma_caporting> [ERROR] 
D/MMCP    ( 1643): [DVTSTBCA_WriteDataBuffer]--Start, Paddr:5EE8,  plDataLen:BEE09774
D/MMCP    ( 1643): [0m
D/MMCP    ( 1643): [31m[1m<shuma_caporting> [ERROR] 
D/MMCP    ( 1643): [CA_MemWrite] Start:pcStartAddr:5EE8, Len:12, pcData:B6D5F27C
D/MMCP    ( 1643): [0m
D/MMCP    ( 1643): <DTVALManager> CSShellDvtCaGetConfig m_dwFlsAddressCA=0,m_dwFlsAddressCABACK=0
D/MMCP    ( 1643): 
D/MMCP    ( 1643): [31m[1m 
D/MMCP    ( 1643): [CA_MemWrite] Exit
D/MMCP    ( 1643): [0m
D/MMCP    ( 1643): [31m[1m<shuma_caporting> [ERROR] 
D/MMCP    ( 1643): [DVTSTBCA_WriteDataBuffer]- nRet=0
D/MMCP    ( 1643): [0m
D/MMCP    ( 1643): [31m[1m<shuma_caporting> [ERROR] 
D/MMCP    ( 1643): [DVTSTBCA_WriteDataBuffer]--Over nRet=0
D/MMCP    ( 1643): [0m
D/MMCP    ( 1643): <shuma_caporting> cs--[CA_CAS] 
D/MMCP    ( 1643): WriteDataBuffer return=
D/MMCP    ( 1643): <shuma_caporting> cs--[CA_CAS] 0 
D/MMCP    ( 1643): <shuma_caporting> cs--[CA_CAS] 
D/MMCP    ( 1643): *****Write flash:CRC32
D/MMCP    ( 1643): <shuma_caporting> cs--[CA_CAS] 5d03e7ba 
D/MMCP    ( 1643): [31m[1m<shuma_caporting> [ERROR] 
D/MMCP    ( 1643): [DVTSTBCA_WriteDataBuffer]--Start, Paddr:5EF4,  plDataLen:BEE09774
D/MMCP    ( 1643): [0m
D/MMCP    ( 1643): [31m[1m<shuma_caporting> [ERROR] 
D/MMCP    ( 1643): [CA_MemWrite] Start:pcStartAddr:5EF4, Len:8, pcData:B6D5F290
D/MMCP    ( 1643): [0m
D/MMCP    ( 1643): <DTVALManager> CSShellDvtCaGetConfig m_dwFlsAddressCA=0,m_dwFlsAddressCABACK=0
D/MMCP    ( 1643): 
D/MMCP    ( 1643): [31m[1m 
D/MMCP    ( 1643): [CA_MemWrite] Exit
D/MMCP    ( 1643): [0m
D/MMCP    ( 1643): [31m[1m<shuma_caporting> [ERROR] 
D/MMCP    ( 1643): [DVTSTBCA_WriteDataBuffer]- nRet=0
D/MMCP    ( 1643): [0m
D/MMCP    ( 1643): [31m[1m<shuma_caporting> [ERROR] 
D/MMCP    ( 1643): [DVTSTBCA_WriteDataBuffer]--Over nRet=0
D/MMCP    ( 1643): [0m
D/MMCP    ( 1643): <shuma_caporting> cs--[CA_CAS] 
D/MMCP    ( 1643): WriteDataBuffer return=
D/MMCP    ( 1643): <shuma_caporting> cs--[CA_CAS] 0 
D/MMCP    ( 1643): <shuma_caporting> DVTCASTB_Init bRet=1
D/MMCP    ( 1643): CAK INIT Over
D/MMCP    ( 1643): [31m[1m [CS_CA_SmcInit] DVTSTBCA_SCReset begin
D/MMCP    ( 1643): [0m
D/MMCP    ( 1643): <shuma_caporting> [DVTSTBCA_SCReset] Start...
D/MMCP    ( 1643): <CSDebug> Assertion: "dwCardIndex < g_dwSlotNum" failed, in file /sdd/hudsonworkspace/TVOS_STA_3.0.01.0/mmcp/porting/share/udi2/hdicommon/udi2_caadapter/cs_smc.c, line 624
D/MMCP    ( 1643): [31m[1m<cs_smc> [ERROR] Assertion: FALSE failed, in file /sdd/hudsonworkspace/TVOS_STA_3.0.01.0/mmcp/porting/share/udi2/hdicommon/udi2_caadapter/cs_smc.c, line 625
D/MMCP    ( 1643): [0m
D/MMCP    ( 1643): <shuma_caporting> [SmcGetStatus] Start---dwSmcStatus: ffffffff
D/MMCP    ( 1643): Assertion: FALSE failed, in file ../../../wulijiao/tvosbak/COSHIP_TVOS/component/CA/service/sm_irdeto/shumashixun/CS_SHIXUNCA_Smc.c, line 463
D/MMCP    ( 1643): <shuma_caporting> [SmcGetStatus] Exit----1, peStateSmc:0
D/MMCP    ( 1643): [31m[1m<shuma_caporting> [ERROR] [iNVMWriteToFile:166] Write data success!
D/MMCP    ( 1643): [0m
D/        ( 1644): g_fChangeNotifier:0x462b71
D/MMCP    ( 1643): <shuma_caporting> [CS_CA_SmcInit] DVTSTBCA_SCReset end 
D/MMCP    ( 1643): <shuma_caporting> [CS_CA_SmcInit 145] end-------- 
D/MMCP    ( 1643): <shuma_caporting> [CS_SMCA_Init 366]CS_CA_SmcInit end 
D/MMCP    ( 1643): <shuma_caporting> DSM INIT Start
D/MMCP    ( 1643): [AllocOneDescrambler] CSDSMAllocateDescramble(-65536)
D/MMCP    ( 1643): [AllocOneDescrambler] CSDSMAllocateDescramble(-65535)
D/MMCP    ( 1643): [AllocOneDescrambler] CSDSMAllocateDescramble(-65534)
D/MMCP    ( 1643): [AllocOneDescrambler] CSDSMAllocateDescramble(-65533)
D/MMCP    ( 1643): [AllocOneDescrambler] CSDSMAllocateDescramble(-65532)
D/MMCP    ( 1643): [AllocOneDescrambler] CSDSMAllocateDescramble(-65531)
D/MMCP    ( 1643): [AllocOneDescrambler] CSDSMAllocateDescramble(-65530)
D/MMCP    ( 1643): [AllocOneDescrambler] CSDSMAllocateDescramble(-65529)
D/MMCP    ( 1643): [CS_SMCA_Init 387]----------------------------- out 
D/MMCP    ( 1643): [31m[1m<IrdetoInterface> [ERROR] [CS_CA_Init] Start Time is 3780 
D/MMCP    ( 1643): [0m
D/MMCP    ( 1643): [31m[1m<shuma_caporting> [ERROR] -------------------------------------------------------[0m
D/MMCP    ( 1643): [31m[1m          I-T-3.6.23-00.01.63
D/MMCP    ( 1643):   [Dec 10 2018 21:02:19][0m
D/MMCP    ( 1643): [31m[1m -------------------------------------------------------
D/MMCP    ( 1643): [0m
D/MMCP    ( 1643): [31m[1m<IrdetoMsg> [ERROR] [CS_IRDTOCA_MsgInit]...
D/MMCP    ( 1643): [0m
D/MMCP    ( 1643): [31m[1m<IrdetoOta> [ERROR] 
D/MMCP    ( 1643): [CS_CA_Ota_Init] Start
D/MMCP    ( 1643): [0m
D/MMCP    ( 1643): [31m[1m<IrdetoOta> [ERROR] 
D/MMCP    ( 1643): [CS_CA_Ota_Init] Exit
D/MMCP    ( 1643): [0m
D/MMCP    ( 1643): [31m[1m<IrdetoNvm> [ERROR] [CS_NVM_DrvInit] s_bUseFileSystem=1
D/MMCP    ( 1643): [0m
D/MMCP    ( 1643): [31m[1m<IrdetoNvm> [ERROR] [iNVMReadFromFile:293]pcFileName=/cadata/IRD_CaBaseFile.data, pucData=0xb6d34ad0, dwLen=65536
D/MMCP    ( 1643): [0m
D/MMCP    ( 1643): [31m[1m<IrdetoNvm> [ERROR] [iNVMReadFromFile:312] Read data success!
D/MMCP    ( 1643): [0m
D/MMCP    ( 1643): [31m[1m<IrdetoNvm> [ERROR] wNetWorkIdFlag=0x100[0m
D/MMCP    ( 1643): [31m[1m [iNVMReadFromFile:293]pcFileName=/cadata/IRD_CaBackupFile.data, pucData=0xbee097b8, dwLen=6
D/MMCP    ( 1643): [0m
D/MMCP    ( 1643): [31m[1m<IrdetoNvm> [ERROR] [iNVMReadFromFile:312] Read data success!
D/MMCP    ( 1643): [0m
D/MMCP    ( 1643): [31m[1m<IrdetoNvm> [ERROR] wNetWorkIdFlagBackup=0x100[0m
D/MMCP    ( 1643): CAFS INIT Over
D/MMCP    ( 1643): [31m[1m [CA: Mail] CS_CA_TXT_Init() Start  
D/MMCP    ( 1643): [0m
D/MMCP    ( 1643): [31m[1m<IrdetoMail> [ERROR] [CA: Mail] CA_MAIL_MAX_NUM = 99  
D/MMCP    ( 1643): [0m
D/csirdto3_stub( 1643): [CS_CA_GetFlashMailAddress 15]Enter In...
D/csirdto3_stub( 1643): [CS_CA_GetFlashMailAddress 18]pFlashMailAddr = 512 
D/csirdto3_stub( 1643): ! 
D/csirdto3_stub( 1643): [CS_CA_GetFlashMailAddress 20]Enter Out...
D/MMCP    ( 1643): [31m[1m<IrdetoMail> [ERROR] [CA: Mail] cs------------dwAddress = 0x200  
D/MMCP    ( 1643): [0m
D/MMCP    ( 1643): [31m[1m<IrdetoNvm> [ERROR] [NV_DRV_Read] Start---dwStartAddr: 0x200, pcData:b6bcb7d0, pwLenth:4
D/MMCP    ( 1643): [0m
D/MMCP    ( 1643): [31m[1m<IrdetoNvm> [ERROR] [NV_DRV_Read] Start:pcStartAddr:200, Len:4, pcData:B6BCB7D0
D/MMCP    ( 1643): [0m
D/MMCP    ( 1643): <DTVALManager> CSShellDvtCaGetConfig m_dwFlsAddressCA=0,m_dwFlsAddressCABACK=0
D/MMCP    ( 1643): 
D/MMCP    ( 1643): [31m[1m pcData[0]=0,pcData[1]=0,pcData[2]=0,pcData[3]=0
D/MMCP    ( 1643): [0m
D/MMCP    ( 1643): [31m[1m<IrdetoNvm> [ERROR] [NV_DRV_Read]--Over pcData=0 
D/MMCP    ( 1643): [0m
D/MMCP    ( 1643): [31m[1m<IrdetoMail> [ERROR] [CA: Mail] g_stMailRamMap.m_dwFlag = 0  
D/MMCP    ( 1643): [0m
D/MMCP    ( 1643): [31m[1m<IrdetoMail> [ERROR] [CA: Mail] cs--------11111-----g_stMailRamMap.m_dwFlag 
D/MMCP    ( 1643): [0m
D/MMCP    ( 1643): [31m[1m<IrdetoSmc> [ERROR] [CS_SMC_DrvInit] Start...SmcPrococol=3
D/MMCP    ( 1643): [0m
D/MMCP    ( 1643): [31m[1m<cs_smc> [ERROR] current smc driver version: CA_SMC_DRV_01.00.07
D/MMCP    ( 1643): [0m
D/MMCP    ( 1643): [31m[1m<IrdetoSmc> [ERROR] [CS_SMC_DrvInit] Exit...
D/MMCP    ( 1643): [0m
D/MMCP    ( 1643): [31m[1m<IrdetoDmx> [ERROR] [CS_DMX_DrvInit] start...
D/MMCP    ( 1643): [0m
D/MMCP    ( 1643): [31m[1m<IrdetoProg> [ERROR] [CS_CA_SrvInit ] Start[0m
D/MMCP    ( 1643): [31m[1m [CS_CA_SrvInit ] SUCCESS
D/MMCP    ( 1643): [0m
D/MMCP    ( 1643): [31m[1m<IrdetoCaCommand> [ERROR] [CS_CA_Command_Init]>>>>>
D/MMCP    ( 1643): [0m
D/MMCP    ( 1643): [31m[1m<IrdetoCaCommand> [ERROR] [CS_CA_Command_Init]g_bIsEof==false
D/MMCP    ( 1643): [0m
D/MMCP    ( 1643): [31m[1m<IrdetoCaCommand> [ERROR] [CS_CA_Command_Init]g_bIsEof==false  init over<<<<
D/MMCP    ( 1643): [0m
D/MMCP    ( 1643): [31m[1m<IrdetoAppDepend> [ERROR] CA TASK : 3.6.20 DbgV
D/MMCP    ( 1643): [0m
D/MMCP    ( 1643): [31m[1m<IrdetoAppDepend> [ERROR] +++ Initialise CA TASK, stack size 10240, Queue depth 96.
D/MMCP    ( 1643): [0m
D/MMCP    ( 1643): [31m[1m<IrdetoVD> [ERROR] [VD_Initialise]
D/MMCP    ( 1643): [0m
D/MMCP    ( 1643): [31m[1m<IrdetoVDSC> [ERROR] [CS_VD_SC] CS_VD_SC_Init
D/MMCP    ( 1643): [0m
D/MMCP    ( 1643): [31m[1m<IrdetoVDPS> [ERROR] CS_VD_PS_Init  == 
D/MMCP    ( 1643): [0m
D/MMCP    ( 1643): [31m[1m<IrdetoDmx> [ERROR] [DMUX_DRV_Initialise] start
D/MMCP    ( 1643): [0m
D/MMCP    ( 1643): [31m[1m<IrdetoDmx> [ERROR] [DMUX_DRV_Initialise] Exit
D/MMCP    ( 1643): [0m
D/MMCP    ( 1643): [31m[1m<IrdetoAppDepend> [ERROR] CaTaskMain wLength = 12, wNumGroups = 10
D/MMCP    ( 1643): [0m
D/MMCP    ( 1643): [31m[1m<IrdetoAppDepend> [ERROR] +++ CA TASK is running now.
D/MMCP    ( 1643): [0m
D/MMCP    ( 1643): [31m[1m<IrdetoAppDepend> [ERROR] [ca_scard:CA_SCARD_ResetSmartCardInfo] --------in
D/MMCP    ( 1643): [0m
D/MMCP    ( 1643): [31m[1m<IrdetoAppDepend> [ERROR] [ResetSmartCardInfo, 3426]zhihai_test [0m
D/MMCP    ( 1643): [31m[1m [ca_scard:CA_SCARD_ResetSmartCardInfo] --------in
D/MMCP    ( 1643): [0m
D/MMCP    ( 1643): [31m[1m<IrdetoAppDepend> [ERROR] [ResetSmartCardInfo, 3426]zhihai_test [0m
D/MMCP    ( 1643): [31m[1m [VD_GetDriverVersion] eDriverType = 2
D/MMCP    ( 1643): [0m
D/MMCP    ( 1643): [31m[1m<IrdetoVDPS> [ERROR] CS_VD_PS_GetVersion  == 
D/MMCP    ( 1643): [0m
D/MMCP    ( 1643): [31m[1m<IrdetoVD> [ERROR] [VD_Open]  device type 2
D/MMCP    ( 1643): [0m
D/MMCP    ( 1643): [31m[1m<IrdetoVDPS> [ERROR] CS_VD_PS_Open  == ,pvData = -1277584252
D/MMCP    ( 1643): [0m
D/MMCP    ( 1643): [31m[1m<IrdetoVD> [ERROR] [VD_IO]  device type 2 Op code 21
D/MMCP    ( 1643): [0m
D/MMCP    ( 1643): [31m[1m<IrdetoVD> [ERROR] pid of this process:1643
D/MMCP    ( 1643): [0m
D/MMCP    ( 1643): [31m[1m<cs_smc> [ERROR] [CS-SMC] !!!!!CSSMCTask !!!!!!
D/MMCP    ( 1643): 
D/MMCP    ( 1643): [0m
D/MMCP    ( 1643): [31m[1m<IrdetoVD> [ERROR] getNameByPid:DTVServer
D/MMCP    ( 1643): [0m
D/MMCP    ( 1643): [31m[1m<IrdetoProg> [ERROR] [CS_CA_OSPQueueGetMessage ] CS_CA_OSPQueueGetMessage!![0m
D/MMCP    ( 1643): [31m[1m [IrdetoCaTaskNit ] Start!!
D/MMCP    ( 1643): [0m
D/MMCP    ( 1643): [31m[1m<IrdetoVD> [ERROR] getPidByName:1643
D/MMCP    ( 1643): [0m
D/MMCP    ( 1643): [31m[1m<IrdetoVDPS> [ERROR] CS_VD_PS_IO  == wRefId = 0,pwDataReadSize = -1277584344
D/MMCP    ( 1643): [0m
D/MMCP    ( 1643): [31m[1m<IrdetoVDPS> [ERROR] read wStart = 0x0 wLength= 0x0 == 
D/MMCP    ( 1643): [0m
D/MMCP    ( 1643): [31m[1m<IrdetoVDPS> [ERROR] write wStart = 0x0 wLength= 0x14 == 
D/MMCP    ( 1643): [0m
D/MMCP    ( 1643): [31m[1m<IrdetoNvm> [ERROR] [NV_DRV_Read] Start---dwStartAddr: 0x0, pcData:b382a088, pwLenth:20
D/MMCP    ( 1643): [0m
D/MMCP    ( 1643): [31m[1m<IrdetoNvm> [ERROR] [NV_DRV_Read] Start:pcStartAddr:0, Len:20, pcData:B382A088
D/MMCP    ( 1643): [0m
D/MMCP    ( 1643): <DTVALManager> CSShellDvtCaGetConfig m_dwFlsAddressCA=0,m_dwFlsAddressCABACK=0
D/MMCP    ( 1643): 
D/MMCP    ( 1643): [31m[1m pcData[0]=1,pcData[1]=0,pcData[2]=0,pcData[3]=0
D/MMCP    ( 1643): [0m
D/MMCP    ( 1643): [31m[1m<IrdetoNvm> [ERROR] [NV_DRV_Read]--Over pcData=1 
D/MMCP    ( 1643): [0m
D/MMCP    ( 1643): [31m[1m<IrdetoVD> [ERROR] [VD_IO]  device type 2 Op code 21
D/MMCP    ( 1643): [0m
D/MMCP    ( 1643): [31m[1m<IrdetoVD> [ERROR] pid of this process:1643
D/MMCP    ( 1643): [0m
D/MMCP    ( 1643): [31m[1m<IrdetoVD> [ERROR] getNameByPid:DTVServer
D/MMCP    ( 1643): [0m
D/MMCP    ( 1643): [31m[1m<IrdetoVD> [ERROR] getPidByName:1643
D/MMCP    ( 1643): [0m
D/MMCP    ( 1643): [31m[1m<IrdetoVDPS> [ERROR] CS_VD_PS_IO  == wRefId = 0,pwDataReadSize = -1277584344
D/MMCP    ( 1643): [0m
D/MMCP    ( 1643): [31m[1m<IrdetoVDPS> [ERROR] read wStart = 0x0 wLength= 0x0 == 
D/MMCP    ( 1643): [0m
D/MMCP    ( 1643): [31m[1m<IrdetoVDPS> [ERROR] write wStart = 0x14 wLength= 0x58 == 
D/MMCP    ( 1643): [0m
D/MMCP    ( 1643): [31m[1m<IrdetoNvm> [ERROR] [NV_DRV_Read] Start---dwStartAddr: 0x14, pcData:b38291c0, pwLenth:88
D/MMCP    ( 1643): [0m
D/MMCP    ( 1643): [31m[1m<IrdetoNvm> [ERROR] [NV_DRV_Read] Start:pcStartAddr:14, Len:88, pcData:B38291C0
D/MMCP    ( 1643): [0m
D/MMCP    ( 1643): <DTVALManager> CSShellDvtCaGetConfig m_dwFlsAddressCA=0,m_dwFlsAddressCABACK=0
D/MMCP    ( 1643): 
D/MMCP    ( 1643): [31m[1m pcData[0]=0,pcData[1]=0,pcData[2]=0,pcData[3]=0
D/MMCP    ( 1643): [0m
D/MMCP    ( 1643): [31m[1m<IrdetoNvm> [ERROR] [NV_DRV_Read]--Over pcData=0 
D/MMCP    ( 1643): [0m
D/MMCP    ( 1643): [31m[1m<IrdetoVD> [ERROR] [VD_IO]  device type 2 Op code 21
D/MMCP    ( 1643): [0m
D/MMCP    ( 1643): [31m[1m<IrdetoVD> [ERROR] pid of this process:1643
D/MMCP    ( 1643): [0m
D/MMCP    ( 1643): [31m[1m<IrdetoVD> [ERROR] getNameByPid:DTVServer
D/MMCP    ( 1643): [0m
D/MMCP    ( 1643): [31m[1m<IrdetoVD> [ERROR] getPidByName:1643
D/MMCP    ( 1643): [0m
D/MMCP    ( 1643): [31m[1m<IrdetoVDPS> [ERROR] CS_VD_PS_IO  == wRefId = 0,pwDataReadSize = -1277584344
D/MMCP    ( 1643): [0m
D/MMCP    ( 1643): [31m[1m<IrdetoVDPS> [ERROR] read wStart = 0x0 wLength= 0x0 == 
D/MMCP    ( 1643): [0m
D/MMCP    ( 1643): [31m[1m<IrdetoVDPS> [ERROR] write wStart = 0x6c wLength= 0x14 == 
D/MMCP    ( 1643): [0m
D/MMCP    ( 1643): [31m[1m<IrdetoNvm> [ERROR] [NV_DRV_Read] Start---dwStartAddr: 0x6c, pcData:b382a0a0, pwLenth:20
D/MMCP    ( 1643): [0m
D/MMCP    ( 1643): [31m[1m<IrdetoNvm> [ERROR] [NV_DRV_Read] Start:pcStartAddr:6C, Len:20, pcData:B382A0A0
D/MMCP    ( 1643): [0m
D/MMCP    ( 1643): <DTVALManager> CSShellDvtCaGetConfig m_dwFlsAddressCA=0,m_dwFlsAddressCABACK=0
D/MMCP    ( 1643): 
D/MMCP    ( 1643): [31m[1m pcData[0]=2,pcData[1]=0,pcData[2]=0,pcData[3]=0
D/MMCP    ( 1643): [0m
D/MMCP    ( 1643): [31m[1m<IrdetoNvm> [ERROR] [NV_DRV_Read]--Over pcData=2 
D/MMCP    ( 1643): [0m
D/MMCP    ( 1643): [31m[1m<IrdetoVD> [ERROR] [VD_IO]  device type 2 Op code 21
D/MMCP    ( 1643): [0m
D/MMCP    ( 1643): [31m[1m<IrdetoVD> [ERROR] pid of this process:1643
D/MMCP    ( 1643): [0m
D/MMCP    ( 1643): [31m[1m<IrdetoVD> [ERROR] getNameByPid:DTVServer
D/MMCP    ( 1643): [0m
D/MMCP    ( 1643): [31m[1m<IrdetoVD> [ERROR] getPidByName:1643
D/MMCP    ( 1643): [0m
D/MMCP    ( 1643): [31m[1m<IrdetoVDPS> [ERROR] CS_VD_PS_IO  == wRefId = 0,pwDataReadSize = -1277584344
D/MMCP    ( 1643): [0m
D/MMCP    ( 1643): [31m[1m<IrdetoVDPS> [ERROR] read wStart = 0x0 wLength= 0x0 == 
D/MMCP    ( 1643): [0m
D/MMCP    ( 1643): [31m[1m<IrdetoVDPS> [ERROR] write wStart = 0x80 wLength= 0x8 == 
D/MMCP    ( 1643): [0m
D/MMCP    ( 1643): [31m[1m<IrdetoNvm> [ERROR] [NV_DRV_Read] Start---dwStartAddr: 0x80, pcData:b3827090, pwLenth:8
D/MMCP    ( 1643): [0m
D/MMCP    ( 1643): [31m[1m<IrdetoNvm> [ERROR] [NV_DRV_Read] Start:pcStartAddr:80, Len:8, pcData:B3827090
D/MMCP    ( 1643): [0m
D/MMCP    ( 1643): <DTVALManager> CSShellDvtCaGetConfig m_dwFlsAddressCA=0,m_dwFlsAddressCABACK=0
D/MMCP    ( 1643): 
D/MMCP    ( 1643): [31m[1m pcData[0]=0,pcData[1]=0,pcData[2]=0,pcData[3]=0
D/MMCP    ( 1643): [0m
D/MMCP    ( 1643): [31m[1m<IrdetoNvm> [ERROR] [NV_DRV_Read]--Over pcData=0 
D/MMCP    ( 1643): [0m
D/MMCP    ( 1643): [31m[1m<IrdetoVD> [ERROR] [VD_IO]  device type 2 Op code 21
D/MMCP    ( 1643): [0m
D/MMCP    ( 1643): [31m[1m<IrdetoVD> [ERROR] pid of this process:1643
D/MMCP    ( 1643): [0m
D/MMCP    ( 1643): [31m[1m<IrdetoVD> [ERROR] getNameByPid:DTVServer
D/MMCP    ( 1643): [0m
D/MMCP    ( 1643): [31m[1m<IrdetoVD> [ERROR] getPidByName:1643
D/MMCP    ( 1643): [0m
D/MMCP    ( 1643): [31m[1m<IrdetoVDPS> [ERROR] CS_VD_PS_IO  == wRefId = 0,pwDataReadSize = -1277584344
D/MMCP    ( 1643): [0m
D/MMCP    ( 1643): [31m[1m<IrdetoVDPS> [ERROR] read wStart = 0x0 wLength= 0x0 == 
D/MMCP    ( 1643): [0m
D/MMCP    ( 1643): [31m[1m<IrdetoVDPS> [ERROR] write wStart = 0x88 wLength= 0x14 == 
D/MMCP    ( 1643): [0m
D/MMCP    ( 1643): [31m[1m<IrdetoNvm> [ERROR] [NV_DRV_Read] Start---dwStartAddr: 0x88, pcData:b382a0b8, pwLenth:20
D/MMCP    ( 1643): [0m
D/MMCP    ( 1643): [31m[1m<IrdetoNvm> [ERROR] [NV_DRV_Read] Start:pcStartAddr:88, Len:20, pcData:B382A0B8
D/MMCP    ( 1643): [0m
D/MMCP    ( 1643): <DTVALManager> CSShellDvtCaGetConfig m_dwFlsAddressCA=0,m_dwFlsAddressCABACK=0
D/MMCP    ( 1643): 
D/MMCP    ( 1643): [31m[1m pcData[0]=0,pcData[1]=0,pcData[2]=0,pcData[3]=0
D/MMCP    ( 1643): [0m
D/MMCP    ( 1643): [31m[1m<IrdetoNvm> [ERROR] [NV_DRV_Read]--Over pcData=0 
D/MMCP    ( 1643): [0m
D/MMCP    ( 1643): [31m[1m<IrdetoVD> [ERROR] [VD_GetDriverVersion] eDriverType = 2
D/MMCP    ( 1643): [0m
D/MMCP    ( 1643): [31m[1m<IrdetoVDPS> [ERROR] CS_VD_PS_GetVersion  == 
D/MMCP    ( 1643): [0m
D/MMCP    ( 1643): [31m[1m<IrdetoVD> [ERROR] [VD_Open]  device type 8
D/MMCP    ( 1643): [0m
D/MMCP    ( 1643): [31m[1m<IrdetoVDLoader> [ERROR] [CS_VD_Loader_Open]wResourceID:0x0, wRefID:0x1
D/MMCP    ( 1643): [0m
D/MMCP    ( 1643): [31m[1m<IrdetoVD> [ERROR] [VD_GetDriverVersion] eDriverType = 8
D/MMCP    ( 1643): [0m
D/MMCP    ( 1643): [31m[1m<IrdetoVDLoader> [ERROR] [CS_VD_Loader_GetVersion]wVd_Loader_Version:0x1
D/MMCP    ( 1643): [0m
D/MMCP    ( 1643): [31m[1m<IrdetoVD> [ERROR] [VD_IO]  device type 8 Op code 80
D/MMCP    ( 1643): [0m
D/MMCP    ( 1643): [31m[1m<IrdetoVD> [ERROR] pid of this process:1643
D/MMCP    ( 1643): [0m
D/MMCP    ( 1643): [31m[1m<IrdetoVD> [ERROR] getNameByPid:DTVServer
D/MMCP    ( 1643): [0m
D/MMCP    ( 1643): [31m[1m<IrdetoVD> [ERROR] getPidByName:1643
D/MMCP    ( 1643): [0m
D/MMCP    ( 1643): [31m[1m<IrdetoVDLoader> [ERROR] [CS_VD_Loader_IO]wOpCode:0x50
D/MMCP    ( 1643): [0m
D/MMCP    ( 1643): [31m[1m<IrdetoVDLoader> [ERROR] [CS_VD_Loader_IO]wSystemId:0x0
D/MMCP    ( 1643): [0m
D/MMCP    ( 1643): [31m[1m<IrdetoVD> [ERROR] [VD_IO]  device type 8 Op code 81
D/MMCP    ( 1643): [0m
D/MMCP    ( 1643): [31m[1m<IrdetoVD> [ERROR] pid of this process:1643
D/MMCP    ( 1643): [0m
D/MMCP    ( 1643): [31m[1m<IrdetoVD> [ERROR] getNameByPid:DTVServer
D/MMCP    ( 1643): [0m
V/NatController( 1637): runCmd(/system/bin/iptables -F natctrl_FORWARD) res=0
D/MMCP    ( 1643): [31m[1m<IrdetoVD> [ERROR] getPidByName:1643
D/MMCP    ( 1643): [0m
D/MMCP    ( 1643): [31m[1m<IrdetoVDLoader> [ERROR] [CS_VD_Loader_IO]wOpCode:0x51
D/MMCP    ( 1643): [0m
D/MMCP    ( 1643): [31m[1m<IrdetoVDLoader> [ERROR] [CS_VD_Loader_IO]m_wKeyVer:0x0
D/MMCP    ( 1643): [0m
D/MMCP    ( 1643): [31m[1m<IrdetoVD> [ERROR] [VD_IO]  device type 8 Op code 82
D/MMCP    ( 1643): [0m
D/MMCP    ( 1643): [31m[1m<IrdetoVD> [ERROR] pid of this process:1643
D/MMCP    ( 1643): [0m
D/MMCP    ( 1643): [31m[1m<IrdetoVD> [ERROR] getNameByPid:DTVServer
D/MMCP    ( 1643): [0m
V/NatController( 1637): runCmd(/system/bin/iptables -A natctrl_FORWARD -j DROP) res=0
V/NatController( 1637): runCmd(/system/bin/iptables -t nat -F natctrl_nat_POSTROUTING) res=0
D/MMCP    ( 1643): [31m[1m<IrdetoVD> [ERROR] getPidByName:1643
D/MMCP    ( 1643): [0m
D/MMCP    ( 1643): [31m[1m<IrdetoVDLoader> [ERROR] [CS_VD_Loader_IO]wOpCode:0x52
D/MMCP    ( 1643): [0m
D/MMCP    ( 1643): [31m[1m<IrdetoVDLoader> [ERROR] [CS_VD_Loader_IO]m_wSigVer:0x0
D/MMCP    ( 1643): [0m
D/MMCP    ( 1643): [31m[1m<IrdetoVD> [ERROR] [VD_IO]  device type 8 Op code 83
D/MMCP    ( 1643): [0m
D/MMCP    ( 1643): [31m[1m<IrdetoVD> [ERROR] pid of this process:1643
D/MMCP    ( 1643): [0m
D/MMCP    ( 1643): [31m[1m<IrdetoVD> [ERROR] getNameByPid:DTVServer
D/MMCP    ( 1643): [0m
V/NatController( 1637): runCmd(/system/bin/iptables -F natctrl_tether_counters) res=1
V/NatController( 1637): runCmd(/system/bin/iptables -X natctrl_tether_counters) res=1
D/MMCP    ( 1643): [31m[1m<IrdetoVD> [ERROR] getPidByName:1643
D/MMCP    ( 1643): [0m
D/MMCP    ( 1643): [31m[1m<IrdetoVDLoader> [ERROR] [CS_VD_Loader_IO]wOpCode:0x53
D/MMCP    ( 1643): [0m
D/MMCP    ( 1643): [31m[1m<IrdetoVDLoader> [ERROR] [CS_VD_Loader_IO]m_wVariant:0x0
D/MMCP    ( 1643): [0m
D/MMCP    ( 1643): [31m[1m<IrdetoVD> [ERROR] [VD_IO]  device type 8 Op code 84
D/MMCP    ( 1643): [0m
D/MMCP    ( 1643): [31m[1m<IrdetoVD> [ERROR] pid of this process:1643
D/MMCP    ( 1643): [0m
D/MMCP    ( 1643): [31m[1m<IrdetoVD> [ERROR] getNameByPid:DTVServer
D/MMCP    ( 1643): [0m
V/NatController( 1637): runCmd(/system/bin/iptables -N natctrl_tether_counters) res=0
V/NatController( 1637): runCmd(/system/bin/iptables -t mangle -A natctrl_mangle_FORWARD -p tcp --tcp-flags SYN SYN -j TCPMSS --clamp-mss-to-pmtu) res=0
D/MMCP    ( 1643): [31m[1m<IrdetoVD> [ERROR] getPidByName:1643
D/MMCP    ( 1643): [0m
D/MMCP    ( 1643): [31m[1m<IrdetoVDLoader> [ERROR] [CS_VD_Loader_IO]wOpCode:0x54
D/MMCP    ( 1643): [0m
D/MMCP    ( 1643): [31m[1m<IrdetoVDLoader> [ERROR] [CS_VD_Loader_IO]m_cManufactureCode:0x0
D/MMCP    ( 1643): [0m
D/MMCP    ( 1643): [31m[1m<IrdetoVD> [ERROR] [VD_IO]  device type 8 Op code 85
D/MMCP    ( 1643): [0m
D/MMCP    ( 1643): [31m[1m<IrdetoVD> [ERROR] pid of this process:1643
D/MMCP    ( 1643): [0m
D/MMCP    ( 1643): [31m[1m<IrdetoVD> [ERROR] getNameByPid:DTVServer
D/MMCP    ( 1643): [0m
D/MMCP    ( 1643): [31m[1m<IrdetoVD> [ERROR] getPidByName:1643
D/MMCP    ( 1643): [0m
D/MMCP    ( 1643): [31m[1m<IrdetoVDLoader> [ERROR] [CS_VD_Loader_IO]wOpCode:0x55
D/MMCP    ( 1643): [0m
D/MMCP    ( 1643): [31m[1m<IrdetoVDLoader> [ERROR] [CS_VD_Loader_IO]m_cHW_Version:0x0
D/MMCP    ( 1643): [0m
D/MMCP    ( 1643): [31m[1m<IrdetoVD> [ERROR] [VD_IO]  device type 8 Op code 86
D/MMCP    ( 1643): [0m
D/MMCP    ( 1643): [31m[1m<IrdetoVD> [ERROR] pid of this process:1643
D/MMCP    ( 1643): [0m
D/MMCP    ( 1643): [31m[1m<IrdetoVD> [ERROR] getNameByPid:DTVServer
D/MMCP    ( 1643): [0m
D/MMCP    ( 1643): [31m[1m<IrdetoVD> [ERROR] getPidByName:1643
D/MMCP    ( 1643): [0m
D/MMCP    ( 1643): [31m[1m<IrdetoVDLoader> [ERROR] [CS_VD_Loader_IO]wOpCode:0x56
D/MMCP    ( 1643): [0m
D/MMCP    ( 1643): [31m[1m<IrdetoVDLoader> [ERROR] [CS_VD_Loader_IO]m_cLoadNum:0x0
D/MMCP    ( 1643): [0m
D/MMCP    ( 1643): [31m[1m<IrdetoVD> [ERROR] [VD_IO]  device type 8 Op code 90
D/MMCP    ( 1643): [0m
D/MMCP    ( 1643): [31m[1m<IrdetoVD> [ERROR] pid of this process:1643
D/MMCP    ( 1643): [0m
D/MMCP    ( 1643): [31m[1m<IrdetoVD> [ERROR] getNameByPid:DTVServer
D/MMCP    ( 1643): [0m
D/MMCP    ( 1643): [31m[1m<IrdetoVD> [ERROR] getPidByName:1643
D/MMCP    ( 1643): [0m
D/MMCP    ( 1643): [31m[1m<IrdetoVDLoader> [ERROR] [CS_VD_Loader_IO]wOpCode:0x5a
D/MMCP    ( 1643): [0m
D/MMCP    ( 1643): [31m[1m<IrdetoVD> [ERROR] [VD_IO]  device type 8 Op code 91
D/MMCP    ( 1643): [0m
D/MMCP    ( 1643): [31m[1m<IrdetoVD> [ERROR] pid of this process:1643
D/MMCP    ( 1643): [0m
D/MMCP    ( 1643): [31m[1m<IrdetoVD> [ERROR] getNameByPid:DTVServer
D/MMCP    ( 1643): [0m
E/memtrack( 1659): Couldn't load memtrack module (No such file or directory)
E/android.os.Debug( 1659): failed to load memtrack module: -2
I/EthernetJNI( 1659): Loading ethernet jni class
D/MMCP    ( 1643): [31m[1m<IrdetoVD> [ERROR] getPidByName:1643
D/MMCP    ( 1643): [0m
D/MMCP    ( 1643): [31m[1m<IrdetoVDLoader> [ERROR] [CS_VD_Loader_IO]wOpCode:0x5b
D/MMCP    ( 1643): [0m
D/MMCP    ( 1643): [31m[1m<IrdetoVD> [ERROR] [VD_IO]  device type 8 Op code 92
D/MMCP    ( 1643): [0m
D/MMCP    ( 1643): [31m[1m<IrdetoVD> [ERROR] pid of this process:1643
D/MMCP    ( 1643): [0m
D/MMCP    ( 1643): [31m[1m<IrdetoVD> [ERROR] getNameByPid:DTVServer
D/MMCP    ( 1643): [0m
D/MMCP    ( 1643): [31m[1m<IrdetoVD> [ERROR] getPidByName:1643
D/MMCP    ( 1643): [0m
D/MMCP    ( 1643): [31m[1m<IrdetoVDLoader> [ERROR] [CS_VD_Loader_IO]wOpCode:0x5c
D/MMCP    ( 1643): [0m
D/MMCP    ( 1643): [31m[1m<IrdetoVD> [ERROR] [VD_Close]  device type 8
D/MMCP    ( 1643): [0m
D/MMCP    ( 1643): [31m[1m<IrdetoVD> [ERROR] [VD_GetDriverVersion] eDriverType = 1
D/MMCP    ( 1643): [0m
D/MMCP    ( 1643): [31m[1m<IrdetoVD> [ERROR] [VD_GetResources]  device type 1
D/MMCP    ( 1643): [0m
D/MMCP    ( 1643): [31m[1m<IrdetoVDSC> [ERROR] [CS_VD_SC] CS_VD_SC_GetResources 
D/MMCP    ( 1643): [0m
D/MMCP    ( 1643): [31m[1m<IrdetoVDSC> [ERROR] [CS_VD_SC] CS_VD_SC_GetResources11111111 
D/MMCP    ( 1643): [0m
D/MMCP    ( 1643): [31m[1m<IrdetoVDSC> [ERROR] [CS_VD_SC] CS_VD_SC_GetResources22222222 
D/MMCP    ( 1643): [0m
D/MMCP    ( 1643): [31m[1m<IrdetoVD> [ERROR] [VD_GetDriverVersion] eDriverType = 1
D/MMCP    ( 1643): [0m
D/MMCP    ( 1643): [31m[1m<IrdetoVD> [ERROR] [VD_Open]  device type 1
D/MMCP    ( 1643): [0m
D/MMCP    ( 1643): [31m[1m<IrdetoVDSC> [ERROR] [CS_VD_SC] CS_VD_SC_Open wSoftCellVal = b43d7000 wResourceID = 0
D/MMCP    ( 1643): [0m
D/MMCP    ( 1643): [31m[1m<IrdetoVDSC> [ERROR] [CS_VD_SC_Open,136], g_SCStatus[bCardNumber].m_SCReferentID = 1, nIndex = 0
D/MMCP    ( 1643): [0m
D/MMCP    ( 1643): [31m[1m<IrdetoVD> [ERROR] [VD_IO]  device type 1 Op code 11
D/MMCP    ( 1643): [0m
D/MMCP    ( 1643): [31m[1m<IrdetoVD> [ERROR] pid of this process:1643
D/MMCP    ( 1643): [0m
D/MMCP    ( 1643): [31m[1m<IrdetoVD> [ERROR] getNameByPid:DTVServer
D/MMCP    ( 1643): [0m
I/SamplingProfilerIntegration( 1659): Profiling disabled.
D/Zygote  ( 1659): begin preload
D/MMCP    ( 1643): [31m[1m<IrdetoVD> [ERROR] getPidByName:1643
D/MMCP    ( 1643): [0m
D/MMCP    ( 1643): [31m[1m<IrdetoVDSC> [ERROR] [CS_VD_SC_IO, 183][CS_VD_SC] CS_VD_SC_IO, wOpCode = 11
D/MMCP    ( 1643): [0m
D/MMCP    ( 1643): [31m[1m<IrdetoVDSC> [ERROR]  [CS_VD_SC] CS_VD_SC_IO VD_SC_RESET SC_DRV_ResetCard
D/MMCP    ( 1643): [0m
D/MMCP    ( 1643): [31m[1m<IrdetoSmc> [ERROR] [SC_DRV_ResetCard] Start,cSlot = 1,SmcPrococol = 3
D/MMCP    ( 1643): [0m
D/MMCP    ( 1643): [31m[1m<IrdetoSmc> [ERROR] [SmcGetStatus] Start---dwSmcStatus: 1 00000000
D/MMCP    ( 1643): [0m
D/MMCP    ( 1643): <CSDebug> Assertion: "dwCardIndex < g_dwSlotNum" failed, in file /sdd/hudsonworkspace/TVOS_STA_3.0.01.0/mmcp/porting/share/udi2/hdicommon/udi2_caadapter/cs_smc.c, line 624
D/MMCP    ( 1643): [31m[1m<cs_smc> [ERROR] Assertion: FALSE failed, in file /sdd/hudsonworkspace/TVOS_STA_3.0.01.0/mmcp/porting/share/udi2/hdicommon/udi2_caadapter/cs_smc.c, line 625
D/MMCP    ( 1643): [0m
D/MMCP    ( 1643): [31m[1m<IrdetoSmc> [ERROR] [SmcGetStatus] Start---dwSmcStatus: ffffffff
D/MMCP    ( 1643): [0m
D/MMCP    ( 1643): [31m[1m<shuma_caporting> [ERROR] Assertion: FALSE failed, in file ../../../wulijiao/tvosbak/COSHIP_TVOS/component/CA/service/sm_irdeto/irdeto3/CaDrv/CS_IRDETOCA_Smc.c, line 222
D/MMCP    ( 1643): [0m
D/MMCP    ( 1643): [31m[1m<IrdetoSmc> [ERROR] [SmcGetStatus] Exit---nRe:-1, peStateSmc:00000000
D/MMCP    ( 1643): [0m
D/MMCP    ( 1643): [31m[1m<IrdetoVDSC> [ERROR] [CS_VD_SC]CS_VD_SC_RunCallBack bStatus = 1 bCardNumber = 0
D/MMCP    ( 1643): [0m
I/Zygote  ( 1659): Preloading classes...
D/MMCP    ( 1643): [31m[1m<IrdetoAppDepend> [ERROR] A FATAL ERROR 7!!!
D/MMCP    ( 1643): [0m
I/art     ( 1659): Explicit concurrent mark sweep GC freed 807(36KB) AllocSpace objects, 0(0B) LOS objects, 95% free, 48KB/1072KB, paused 203us total 12.492ms
E/Environment( 1659): canonicalPath = /storage/sdcard
I/art     ( 1659): Counter: 1
D/MMCP    ( 1643): [31m[1m<IrdetoVD> [ERROR] [VD_GetDriverVersion] eDriverType = 4
D/MMCP    ( 1643): [0m
D/MMCP    ( 1643): [31m[1m<IrdetoAppDepend> [ERROR] [CA_DRV_Message, 3751]eOpcode = 11, wOpSeqNo = 32768, wLength = 16
D/MMCP    ( 1643): [0m
D/MMCP    ( 1643): [31m[1m<IrdetoAppDepend> [ERROR] NO DIRECT CALLBACK FUNCTION REGISTERED!
D/MMCP    ( 1643): [0m
I/art     ( 1659): Explicit concurrent mark sweep GC freed 530(32KB) AllocSpace objects, 0(0B) LOS objects, 93% free, 68KB/1092KB, paused 166us total 3.899ms
I/art     ( 1659): Explicit concurrent mark sweep GC freed 650(41KB) AllocSpace objects, 0(0B) LOS objects, 93% free, 75KB/1099KB, paused 158us total 4.643ms
D/MMCP    ( 1643): [31m[1m<shuma_caporting> [ERROR] [iNVMWriteToFile:142] pcFileName=/cadata/SM_CaBackupFile.data, dwLen=65536, dwOffset=0
D/MMCP    ( 1643): [0m
D/MMCP    ( 1643): [31m[1m<shuma_caporting> [ERROR] [iNVMWriteToFile:166] Write data success!
D/MMCP    ( 1643): [0m
D/MMCP    ( 1643): [31m[1m<shuma_caporting> [ERROR]  CS_CA_SaveSHIXUNDataToFS End!
D/MMCP    ( 1643): [0m
D/MMCP    ( 1643): [31m[1m<shuma_caporting> [ERROR] 
D/MMCP    ( 1643):  [CA_FSProc] E_NVM_WRITE![0m
D/MMCP    ( 1643): [31m[1m  CS_CA_SaveSHIXUNDataToFS
D/MMCP    ( 1643): [0m
D/MMCP    ( 1643): [31m[1m<shuma_caporting> [ERROR] [iNVMWriteToFile:142] pcFileName=/cadata/SM_CaBaseFile.data, dwLen=65536, dwOffset=0
D/MMCP    ( 1643): [0m
D/MMCP    ( 1643): [31m[1m<shuma_caporting> [ERROR] [iNVMWriteToFile:166] Write data success!
D/MMCP    ( 1643): [0m
I/art     ( 1659): Explicit concurrent mark sweep GC freed 412(23KB) AllocSpace objects, 0(0B) LOS objects, 89% free, 115KB/1139KB, paused 171us total 3.593ms
E/Netd    ( 1637): Unable to create netlink socket: Protocol not supported
E/Netd    ( 1637): Unable to open quota2 logging socket
D/MDnsDS  ( 1637): MDnsSdListener::Hander starting up
D/MDnsDS  ( 1637): MDnsSdListener starting to monitor
D/MDnsDS  ( 1637): Going to poll with pollCount 1
E/Minikin ( 1659): addFont failed to create font /system/fonts/NotoSansGujarati-Regular.ttf
E/Minikin ( 1659): addFont failed to create font /system/fonts/NotoSansGujarati-Bold.ttf
E/Minikin ( 1659): addFont failed to create font /system/fonts/NotoSansGujaratiUI-Regular.ttf
E/Minikin ( 1659): addFont failed to create font /system/fonts/NotoSansGujaratiUI-Bold.ttf
E/Minikin ( 1659): addFont failed to create font /system/fonts/NotoSansGurmukhi-Regular.ttf
E/Minikin ( 1659): addFont failed to create font /system/fonts/NotoSansGurmukhi-Bold.ttf
E/Minikin ( 1659): addFont failed to create font /system/fonts/NotoSansGurmukhiUI-Regular.ttf
E/Minikin ( 1659): addFont failed to create font /system/fonts/NotoSansGurmukhiUI-Bold.ttf
E/Minikin ( 1659): addFont failed to create font /system/fonts/NotoSansThaana-Regular.ttf
E/Minikin ( 1659): addFont failed to create font /system/fonts/NotoSansThaana-Bold.ttf
E/Minikin ( 1659): addFont failed to create font /system/fonts/NotoSansCham-Regular.ttf
E/Minikin ( 1659): addFont failed to create font /system/fonts/NotoSansCham-Bold.ttf
E/Minikin ( 1659): addFont failed to create font /system/fonts/NotoSansBalinese-Regular.ttf
E/Minikin ( 1659): addFont failed to create font /system/fonts/NotoSansBatak-Regular.ttf
E/Minikin ( 1659): addFont failed to create font /system/fonts/NotoSansBuginese-Regular.ttf
E/Minikin ( 1659): addFont failed to create font /system/fonts/NotoSansBuhid-Regular.ttf
E/Minikin ( 1659): addFont failed to create font /system/fonts/NotoSansCanadianAboriginal-Regular.ttf
E/Minikin ( 1659): addFont failed to create font /system/fonts/NotoSansCherokee-Regular.ttf
E/Minikin ( 1659): addFont failed to create font /system/fonts/NotoSansCoptic-Regular.ttf
E/Minikin ( 1659): addFont failed to create font /system/fonts/NotoSansGlagolitic-Regular.ttf
E/Minikin ( 1659): addFont failed to create font /system/fonts/NotoSansHanunoo-Regular.ttf
E/Minikin ( 1659): addFont failed to create font /system/fonts/NotoSansJavanese-Regular.ttf
E/Minikin ( 1659): addFont failed to create font /system/fonts/NotoSansKayahLi-Regular.ttf
E/Minikin ( 1659): addFont failed to create font /system/fonts/NotoSansLepcha-Regular.ttf
E/Minikin ( 1659): addFont failed to create font /system/fonts/NotoSansLimbu-Regular.ttf
E/Minikin ( 1659): addFont failed to create font /system/fonts/NotoSansMeeteiMayek-Regular.ttf
E/Minikin ( 1659): addFont failed to create font /system/fonts/NotoSansOlChiki-Regular.ttf
E/Minikin ( 1659): addFont failed to create font /system/fonts/NotoSansRejang-Regular.ttf
E/Minikin ( 1659): addFont failed to create font /system/fonts/NotoSansSaurashtra-Regular.ttf
E/Minikin ( 1659): addFont failed to create font /system/fonts/NotoSansSundanese-Regular.ttf
E/Minikin ( 1659): addFont failed to create font /system/fonts/NotoSansSylotiNagri-Regular.ttf
E/Minikin ( 1659): addFont failed to create font /system/fonts/NotoSansTagbanwa-Regular.ttf
E/Minikin ( 1659): addFont failed to create font /system/fonts/NotoSansTaiTham-Regular.ttf
E/Minikin ( 1659): addFont failed to create font /system/fonts/NotoSansTaiViet-Regular.ttf
E/Minikin ( 1659): addFont failed to create font /system/fonts/NotoSansTifinagh-Regular.ttf
E/Minikin ( 1659): addFont failed to create font /system/fonts/NotoSansYi-Regular.ttf
E/Minikin ( 1659): addFont failed to create font /system/fonts/Lohit-Odia.ttf
E/Minikin ( 1659): addFont failed to create font /system/fonts/NotoSansHans-Regular.otf
E/Minikin ( 1659): addFont failed to create font /system/fonts/NotoSansHant-Regular.otf
E/Minikin ( 1659): addFont failed to create font /system/fonts/NotoSansJP-Regular.otf
E/Minikin ( 1659): addFont failed to create font /system/fonts/NotoSansKR-Regular.otf
E/Minikin ( 1659): addFont failed to create font /system/fonts/NotoSansTaiLe-Regular.ttf
I/art     ( 1659): Explicit concurrent mark sweep GC freed 1808(129KB) AllocSpace objects, 0(0B) LOS objects, 89% free, 126KB/1150KB, paused 158us total 3.754ms
I/art     ( 1659): Explicit concurrent mark sweep GC freed 1933(92KB) AllocSpace objects, 0(0B) LOS objects, 86% free, 166KB/1190KB, paused 157us total 5.136ms
I/art     ( 1659): Explicit concurrent mark sweep GC freed 1977(87KB) AllocSpace objects, 0(0B) LOS objects, 83% free, 201KB/1225KB, paused 159us total 4.896ms
I/art     ( 1659): Explicit concurrent mark sweep GC freed 371(19KB) AllocSpace objects, 0(0B) LOS objects, 81% free, 234KB/1258KB, paused 156us total 5.117ms
I/art     ( 1659): Thread[1,tid=1659,WaitingForJniOnLoad,Thread*=0xb4827800,peer=0x12c41100,"main"] recursive attempt to load library "/system/lib/libmedia_jni.so"
D/MtpDeviceJNI( 1659): register_android_mtp_MtpDevice
I/art     ( 1659): Thread[1,tid=1659,WaitingForJniOnLoad,Thread*=0xb4827800,peer=0x12c41100,"main"] recursive attempt to load library "/system/lib/libmedia_jni.so"
I/art     ( 1659): Thread[1,tid=1659,WaitingForJniOnLoad,Thread*=0xb4827800,peer=0x12c41100,"main"] recursive attempt to load library "/system/lib/libmedia_jni.so"
I/ServiceManager( 1640): Waiting for service batterystats...
I/[Gralloc]( 1636): framebuffer accessed with dma buf (fd 0x23)
I/art     ( 1659): Explicit concurrent mark sweep GC freed 663(37KB) AllocSpace objects, 0(0B) LOS objects, 79% free, 256KB/1280KB, paused 159us total 5.730ms
I/art     ( 1659): Explicit concurrent mark sweep GC freed 573(29KB) AllocSpace objects, 0(0B) LOS objects, 78% free, 276KB/1300KB, paused 170us total 5.429ms
I/art     ( 1659): Explicit concurrent mark sweep GC freed 463(27KB) AllocSpace objects, 0(0B) LOS objects, 76% free, 318KB/1342KB, paused 160us total 4.072ms
I/art     ( 1659): Explicit concurrent mark sweep GC freed 1789(104KB) AllocSpace objects, 0(0B) LOS objects, 68% free, 468KB/1492KB, paused 161us total 5.045ms
E/EmojiFactory_jni( 1659): Failed to load libemoji.so: dlopen failed: library "libemoji.so" not found
I/art     ( 1659): Explicit concurrent mark sweep GC freed 424(47KB) AllocSpace objects, 0(0B) LOS objects, 57% free, 764KB/1788KB, paused 163us total 7.430ms
D/MMCP    ( 1643): [31m[1m<shuma_caporting> [ERROR] [iNVMWriteToFile:142] pcFileName=/cadata/SM_CaBackupFile.data, dwLen=65536, dwOffset=0
D/MMCP    ( 1643): [0m
